
server/routes/order-to-cash-routes.ts(3029,32): error TS1005: ',' expected.
server/routes/order-to-cash-routes.ts(3029,41): error TS1005: ',' expected.
server/routes/order-to-cash-routes.ts(3029,46): error TS1005: ',' expected.
server/routes/order-to-cash-routes.ts(3029,47): error TS1005: ',' expected.
server/routes/order-to-cash-routes.ts(3029,60): error TS1005: ',' expected.
server/routes/order-to-cash-routes.ts(3029,70): error TS1005: ',' expected.
server/routes/order-to-cash-routes.ts(3029,79): error TS1005: ',' expected.
server/routes/order-to-cash-routes.ts(3029,82): error TS1005: ',' expected.
server/routes/order-to-cash-routes.ts(3041,1): error TS1005: ',' expected.
server/routes/order-to-cash-routes.ts(3042,1): error TS1005: ',' expected.
server/routes/order-to-cash-routes.ts(3047,13): error TS1005: ',' expected.
server/routes/order-to-cash-routes.ts(3047,18): error TS1005: ',' expected.
server/routes/order-to-cash-routes.ts(3047,28): error TS1005: ',' expected.
server/routes/order-to-cash-routes.ts(3048,13): error TS1005: ',' expected.
server/routes/order-to-cash-routes.ts(3048,18): error TS1005: ',' expected.
server/routes/order-to-cash-routes.ts(3048,23): error TS1005: ',' expected.
server/routes/order-to-cash-routes.ts(3048,38): error TS1005: ',' expected.
server/routes/order-to-cash-routes.ts(3048,41): error TS1005: ',' expected.
server/routes/order-to-cash-routes.ts(3049,15): error TS1005: ',' expected.
server/routes/order-to-cash-routes.ts(3049,19): error TS1005: ',' expected.
server/routes/order-to-cash-routes.ts(3049,36): error TS1005: ',' expected.
server/routes/order-to-cash-routes.ts(3049,46): error TS1005: ',' expected.
server/routes/order-to-cash-routes.ts(3050,15): error TS1005: ',' expected.
server/routes/order-to-cash-routes.ts(3050,19): error TS1005: ',' expected.
server/routes/order-to-cash-routes.ts(3050,42): error TS1005: ',' expected.
server/routes/order-to-cash-routes.ts(3051,13): error TS1005: ',' expected.
server/routes/order-to-cash-routes.ts(3051,19): error TS1005: ',' expected.
server/routes/order-to-cash-routes.ts(3051,27): error TS1005: ',' expected.
server/routes/order-to-cash-routes.ts(3051,40): error TS1005: ',' expected.
server/routes/order-to-cash-routes.ts(3052,13): error TS1005: ',' expected.
server/routes/order-to-cash-routes.ts(3052,19): error TS1005: ',' expected.
server/routes/order-to-cash-routes.ts(3068,23): error TS1005: ',' expected.
server/routes/order-to-cash-routes.ts(3068,27): error TS1005: ',' expected.
server/routes/order-to-cash-routes.ts(3068,33): error TS1005: ',' expected.
server/routes/order-to-cash-routes.ts(3068,39): error TS1005: ',' expected.
server/routes/order-to-cash-routes.ts(3068,43): error TS1005: ',' expected.
server/routes/order-to-cash-routes.ts(3068,49): error TS1005: ',' expected.
server/routes/order-to-cash-routes.ts(3068,59): error TS1005: ',' expected.
server/routes/order-to-cash-routes.ts(3068,63): error TS1005: '(' expected.
server/routes/order-to-cash-routes.ts(3068,72): error TS1005: ';' expected.
server/routes/order-to-cash-routes.ts(3068,73): error TS1005: ';' expected.
server/routes/order-to-cash-routes.ts(3068,86): error TS1005: ',' expected.
server/routes/order-to-cash-routes.ts(3068,109): error TS1005: ')' expected.
server/routes/order-to-cash-routes.ts(3068,118): error TS1005: '(' expected.
server/routes/order-to-cash-routes.ts(3068,124): error TS1005: ';' expected.
server/routes/order-to-cash-routes.ts(3068,129): error TS1003: Identifier expected.
server/routes/order-to-cash-routes.ts(3069,31): error TS1005: ';' expected.
server/routes/order-to-cash-routes.ts(3069,40): error TS1005: ')' expected.
server/routes/order-to-cash-routes.ts(3069,104): error TS1128: Declaration or statement 
expected.
server/routes/order-to-cash-routes.ts(3069,116): error TS1005: ',' expected.
server/routes/order-to-cash-routes.ts(3069,122): error TS1005: ',' expected.
server/routes/order-to-cash-routes.ts(3069,133): error TS1003: Identifier expected.
server/routes/order-to-cash-routes.ts(3073,12): error TS1434: Unexpected keyword or 
identifier.
server/routes/order-to-cash-routes.ts(3073,93): error TS1128: Declaration or statement 
expected.
server/routes/order-to-cash-routes.ts(3074,12): error TS1005: ';' expected.
server/routes/order-to-cash-routes.ts(3074,22): error TS1434: Unexpected keyword or 
identifier.
server/routes/order-to-cash-routes.ts(3074,36): error TS1128: Declaration or statement 
expected.
server/routes/order-to-cash-routes.ts(3074,38): error TS1434: Unexpected keyword or 
identifier.
server/routes/order-to-cash-routes.ts(3074,42): error TS1434: Unexpected keyword or 
identifier.
server/routes/order-to-cash-routes.ts(3074,47): error TS1434: Unexpected keyword or 
identifier.
server/routes/order-to-cash-routes.ts(3074,97): error TS1005: ';' expected.
server/routes/order-to-cash-routes.ts(3074,105): error TS1003: Identifier expected.
server/routes/order-to-cash-routes.ts(3076,23): error TS1434: Unexpected keyword or 
identifier.
server/routes/order-to-cash-routes.ts(3076,27): error TS1434: Unexpected keyword or 
identifier.
server/routes/order-to-cash-routes.ts(3076,42): error TS1434: Unexpected keyword or 
identifier.
server/routes/order-to-cash-routes.ts(3076,51): error TS1434: Unexpected keyword or 
identifier.
server/routes/order-to-cash-routes.ts(3076,57): error TS1434: Unexpected keyword or 
identifier.
server/routes/order-to-cash-routes.ts(3076,66): error TS1434: Unexpected keyword or 
identifier.
server/routes/order-to-cash-routes.ts(3076,70): error TS1434: Unexpected keyword or 
identifier.
server/routes/order-to-cash-routes.ts(3076,75): error TS1434: Unexpected keyword or 
identifier.
server/routes/order-to-cash-routes.ts(3076,90): error TS1434: Unexpected keyword or 
identifier.
server/routes/order-to-cash-routes.ts(3076,93): error TS1434: Unexpected keyword or 
identifier.
server/routes/order-to-cash-routes.ts(3088,4): error TS1005: ';' expected.
server/routes/order-to-cash-routes.ts(3089,12): error TS1435: Unknown keyword or 
identifier. Did you mean 'set'?
server/routes/order-to-cash-routes.ts(3089,54): error TS1005: ',' expected.
server/routes/order-to-cash-routes.ts(3089,57): error TS1005: ',' expected.
server/routes/order-to-cash-routes.ts(3089,69): error TS1005: ';' expected.
server/routes/order-to-cash-routes.ts(3089,70): error TS1128: Declaration or statement 
expected.
server/routes/order-to-cash-routes.ts(3091,12): error TS1434: Unexpected keyword or 
identifier.
server/routes/order-to-cash-routes.ts(3092,14): error TS1434: Unexpected keyword or 
identifier.
server/routes/order-to-cash-routes.ts(3093,14): error TS1434: Unexpected keyword or 
identifier.
server/routes/order-to-cash-routes.ts(3093,38): error TS1005: ',' expected.
server/routes/order-to-cash-routes.ts(3093,41): error TS1005: ',' expected.
server/routes/order-to-cash-routes.ts(3093,65): error TS1005: ',' expected.
server/routes/order-to-cash-routes.ts(3093,68): error TS1005: ',' expected.
server/routes/order-to-cash-routes.ts(3094,12): error TS1435: Unknown keyword or 
identifier. Did you mean 'return'?
server/routes/order-to-cash-routes.ts(3101,95): error TS1005: ';' expected.
server/routes/order-to-cash-routes.ts(3102,3): error TS1128: Declaration or statement 
expected.
server/routes/order-to-cash-routes.ts(3102,5): error TS1128: Declaration or statement 
expected.
server/routes/order-to-cash-routes.ts(3118,15): error TS1005: ',' expected.
server/routes/order-to-cash-routes.ts(3118,22): error TS1005: ',' expected.
server/routes/order-to-cash-routes.ts(3118,27): error TS1005: ',' expected.
server/routes/order-to-cash-routes.ts(3125,7): error TS1005: ',' expected.
server/routes/order-to-cash-routes.ts(3126,8): error TS1005: ',' expected.
server/routes/order-to-cash-routes.ts(3127,8): error TS1005: ',' expected.
server/routes/order-to-cash-routes.ts(3128,8): error TS1005: ',' expected.
server/routes/order-to-cash-routes.ts(3128,19): error TS1005: ',' expected.
server/routes/order-to-cash-routes.ts(3129,8): error TS1005: ',' expected.
server/routes/order-to-cash-routes.ts(3129,21): error TS1005: ',' expected.
server/routes/order-to-cash-routes.ts(3130,8): error TS1005: ',' expected.
server/routes/order-to-cash-routes.ts(3130,27): error TS1005: ',' expected.
server/routes/order-to-cash-routes.ts(3130,84): error TS1005: ',' expected.
server/routes/order-to-cash-routes.ts(3130,85): error TS1128: Declaration or statement 
expected.
server/routes/order-to-cash-routes.ts(3131,17): error TS1434: Unexpected keyword or 
identifier.
server/routes/order-to-cash-routes.ts(3131,74): error TS1128: Declaration or statement 
expected.
server/routes/order-to-cash-routes.ts(3132,17): error TS1434: Unexpected keyword or 
identifier.
server/routes/order-to-cash-routes.ts(3132,46): error TS1128: Declaration or statement 
expected.
server/routes/order-to-cash-routes.ts(3134,6): error TS1005: ';' expected.
server/routes/order-to-cash-routes.ts(3134,20): error TS1128: Declaration or statement 
expected.
server/routes/order-to-cash-routes.ts(3135,17): error TS1434: Unexpected keyword or 
identifier.
server/routes/order-to-cash-routes.ts(3135,36): error TS1128: Declaration or statement 
expected.
server/routes/order-to-cash-routes.ts(3136,17): error TS1434: Unexpected keyword or 
identifier.
server/routes/order-to-cash-routes.ts(3136,37): error TS1128: Declaration or statement 
expected.
server/routes/order-to-cash-routes.ts(3137,17): error TS1434: Unexpected keyword or 
identifier.
server/routes/order-to-cash-routes.ts(3137,29): error TS1128: Declaration or statement 
expected.
server/routes/order-to-cash-routes.ts(3138,17): error TS1434: Unexpected keyword or 
identifier.
server/routes/order-to-cash-routes.ts(3138,32): error TS1128: Declaration or statement 
expected.
server/routes/order-to-cash-routes.ts(3139,17): error TS1434: Unexpected keyword or 
identifier.
server/routes/order-to-cash-routes.ts(3139,66): error TS1128: Declaration or statement 
expected.
server/routes/order-to-cash-routes.ts(3140,17): error TS1434: Unexpected keyword or 
identifier.
server/routes/order-to-cash-routes.ts(3140,45): error TS1128: Declaration or statement 
expected.
server/routes/order-to-cash-routes.ts(3142,15): error TS1128: Declaration or statement 
expected.
server/routes/order-to-cash-routes.ts(3142,17): error TS1435: Unknown keyword or 
identifier. Did you mean 'return'?
server/routes/order-to-cash-routes.ts(3151,21): error TS1005: ';' expected.
server/routes/order-to-cash-routes.ts(3151,31): error TS1434: Unexpected keyword or 
identifier.
server/routes/order-to-cash-routes.ts(3151,40): error TS1434: Unexpected keyword or 
identifier.
server/routes/order-to-cash-routes.ts(3151,47): error TS1434: Unexpected keyword or 
identifier.
server/routes/order-to-cash-routes.ts(3151,60): error TS1005: '(' expected.
server/routes/order-to-cash-routes.ts(3151,66): error TS1005: ';' expected.
server/routes/order-to-cash-routes.ts(3151,74): error TS1005: ';' expected.
server/routes/order-to-cash-routes.ts(3151,76): error TS1434: Unexpected keyword or 
identifier.
server/routes/order-to-cash-routes.ts(3151,101): error TS1128: Declaration or statement 
expected.
server/routes/order-to-cash-routes.ts(3151,103): error TS1434: Unexpected keyword or 
identifier.
server/routes/order-to-cash-routes.ts(3151,117): error TS1005: '(' expected.
server/routes/order-to-cash-routes.ts(3151,127): error TS1005: ')' expected.
server/routes/order-to-cash-routes.ts(3151,140): error TS1005: ')' expected.
server/routes/order-to-cash-routes.ts(3151,167): error TS1161: Unterminated regular 
expression literal.
server/routes/order-to-cash-routes.ts(3151,195): error TS1005: ';' expected.
server/routes/order-to-cash-routes.ts(3157,35): error TS1005: ';' expected.
server/routes/order-to-cash-routes.ts(3157,38): error TS1434: Unexpected keyword or 
identifier.
server/routes/order-to-cash-routes.ts(3157,52): error TS1434: Unexpected keyword or 
identifier.
server/routes/order-to-cash-routes.ts(3157,125): error TS1005: ';' expected.
server/routes/order-to-cash-routes.ts(3158,22): error TS1005: ';' expected.
server/routes/order-to-cash-routes.ts(3158,23): error TS1127: Invalid character.
server/routes/order-to-cash-routes.ts(3158,25): error TS1127: Invalid character.
server/routes/order-to-cash-routes.ts(3158,27): error TS1127: Invalid character.
server/routes/order-to-cash-routes.ts(3158,28): error TS1127: Invalid character.
server/routes/order-to-cash-routes.ts(3158,30): error TS1127: Invalid character.
server/routes/order-to-cash-routes.ts(3158,31): error TS1434: Unexpected keyword or 
identifier.
server/routes/order-to-cash-routes.ts(3158,33): error TS1435: Unknown keyword or 
identifier. Did you mean 'using'?
server/routes/order-to-cash-routes.ts(3158,39): error TS1434: Unexpected keyword or 
identifier.
server/routes/order-to-cash-routes.ts(3158,44): error TS1434: Unexpected keyword or 
identifier.
server/routes/order-to-cash-routes.ts(3158,51): error TS1434: Unexpected keyword or 
identifier.
server/routes/order-to-cash-routes.ts(3158,60): error TS1434: Unexpected keyword or 
identifier.
server/routes/order-to-cash-routes.ts(3158,71): error TS1005: '(' expected.
server/routes/order-to-cash-routes.ts(3158,76): error TS1005: ';' expected.
server/routes/order-to-cash-routes.ts(3158,78): error TS1434: Unexpected keyword or 
identifier.
server/routes/order-to-cash-routes.ts(3163,35): error TS1005: ';' expected.
server/routes/order-to-cash-routes.ts(3163,38): error TS1434: Unexpected keyword or 
identifier.
server/routes/order-to-cash-routes.ts(3163,52): error TS1434: Unexpected keyword or 
identifier.
server/routes/order-to-cash-routes.ts(3163,125): error TS1005: ';' expected.
server/routes/order-to-cash-routes.ts(3164,22): error TS1005: ';' expected.
server/routes/order-to-cash-routes.ts(3164,23): error TS1127: Invalid character.
server/routes/order-to-cash-routes.ts(3164,25): error TS1127: Invalid character.
server/routes/order-to-cash-routes.ts(3164,27): error TS1127: Invalid character.
server/routes/order-to-cash-routes.ts(3164,28): error TS1127: Invalid character.
server/routes/order-to-cash-routes.ts(3164,30): error TS1127: Invalid character.
server/routes/order-to-cash-routes.ts(3164,31): error TS1434: Unexpected keyword or 
identifier.
server/routes/order-to-cash-routes.ts(3164,33): error TS1434: Unexpected keyword or 
identifier.
server/routes/order-to-cash-routes.ts(3164,42): error TS1434: Unexpected keyword or 
identifier.
server/routes/order-to-cash-routes.ts(3164,48): error TS1434: Unexpected keyword or 
identifier.
server/routes/order-to-cash-routes.ts(3164,62): error TS1005: '(' expected.
server/routes/order-to-cash-routes.ts(3164,72): error TS1005: ')' expected.
server/routes/order-to-cash-routes.ts(3164,74): error TS1434: Unexpected keyword or 
identifier.
server/routes/order-to-cash-routes.ts(3164,100): error TS1128: Declaration or statement 
expected.
server/routes/order-to-cash-routes.ts(3165,1): error TS1128: Declaration or statement 
expected.
server/routes/order-to-cash-routes.ts(3166,5): error TS1128: Declaration or statement 
expected.
server/routes/order-to-cash-routes.ts(3166,7): error TS1128: Declaration or statement 
expected.
server/routes/order-to-cash-routes.ts(3170,3): error TS1128: Declaration or statement 
expected.
server/routes/order-to-cash-routes.ts(3171,1): error TS1128: Declaration or statement 
expected.
server/routes/order-to-cash-routes.ts(3174,26): error TS1005: ',' expected.
server/routes/order-to-cash-routes.ts(3174,29): error TS1005: ',' expected.
server/routes/order-to-cash-routes.ts(3174,36): error TS1005: ',' expected.
server/routes/order-to-cash-routes.ts(3174,42): error TS1005: ',' expected.
server/routes/order-to-cash-routes.ts(3174,51): error TS1005: ',' expected.
server/routes/order-to-cash-routes.ts(3174,57): error TS1005: ',' expected.
server/routes/order-to-cash-routes.ts(3174,58): error TS1005: ',' expected.
server/routes/order-to-cash-routes.ts(3174,85): error TS1005: ',' expected.
server/routes/order-to-cash-routes.ts(3174,98): error TS1005: ',' expected.
server/routes/order-to-cash-routes.ts(3174,108): error TS1005: ',' expected.
server/routes/order-to-cash-routes.ts(3174,114): error TS1005: ',' expected.
server/routes/order-to-cash-routes.ts(3174,117): error TS1005: ',' expected.
server/routes/order-to-cash-routes.ts(3274,20): error TS1127: Invalid character.
server/routes/order-to-cash-routes.ts(3274,31): error TS1005: ',' expected.
server/routes/order-to-cash-routes.ts(3274,32): error TS1005: ',' expected.
server/routes/order-to-cash-routes.ts(3274,46): error TS1005: ',' expected.
server/routes/order-to-cash-routes.ts(3274,52): error TS1005: ',' expected.
server/routes/order-to-cash-routes.ts(3274,55): error TS1005: ',' expected.
server/routes/order-to-cash-routes.ts(3274,63): error TS1005: ',' expected.
server/routes/order-to-cash-routes.ts(3274,64): error TS1005: ',' expected.
server/routes/order-to-cash-routes.ts(3274,77): error TS1005: ',' expected.
server/routes/order-to-cash-routes.ts(3274,90): error TS1005: ',' expected.
server/routes/order-to-cash-routes.ts(3274,94): error TS1005: '(' expected.
server/routes/order-to-cash-routes.ts(3274,100): error TS1005: ';' expected.
server/routes/order-to-cash-routes.ts(3276,21): error TS1005: ';' expected.
server/routes/order-to-cash-routes.ts(3276,27): error TS1005: ')' expected.
server/routes/order-to-cash-routes.ts(3276,37): error TS1434: Unexpected keyword or 
identifier.
server/routes/order-to-cash-routes.ts(3276,47): error TS1005: '(' expected.
server/routes/order-to-cash-routes.ts(3276,55): error TS1005: ';' expected.
server/routes/order-to-cash-routes.ts(3276,56): error TS1005: ';' expected.
server/routes/order-to-cash-routes.ts(3276,69): error TS1005: ',' expected.
server/routes/order-to-cash-routes.ts(3276,88): error TS1005: ',' expected.
server/routes/order-to-cash-routes.ts(3276,93): error TS1005: ')' expected.
server/routes/order-to-cash-routes.ts(3290,13): error TS1005: ';' expected.
server/routes/order-to-cash-routes.ts(3290,21): error TS1434: Unexpected keyword or 
identifier.
server/routes/order-to-cash-routes.ts(3290,49): error TS1434: Unexpected keyword or 
identifier.
server/routes/order-to-cash-routes.ts(3290,72): error TS1005: ';' expected.
server/routes/order-to-cash-routes.ts(3290,76): error TS1005: '(' expected.
server/routes/order-to-cash-routes.ts(3290,82): error TS1005: ';' expected.
server/routes/order-to-cash-routes.ts(3290,91): error TS1005: ';' expected.
server/routes/order-to-cash-routes.ts(3297,14): error TS1005: ')' expected.
server/routes/order-to-cash-routes.ts(3297,15): error TS1127: Invalid character.
server/routes/order-to-cash-routes.ts(3297,17): error TS1127: Invalid character.
server/routes/order-to-cash-routes.ts(3297,19): error TS1127: Invalid character.
server/routes/order-to-cash-routes.ts(3297,22): error TS1127: Invalid character.
server/routes/order-to-cash-routes.ts(3297,24): error TS1434: Unexpected keyword or 
identifier.
server/routes/order-to-cash-routes.ts(3297,39): error TS1434: Unexpected keyword or 
identifier.
server/routes/order-to-cash-routes.ts(3297,48): error TS1434: Unexpected keyword or 
identifier.
server/routes/order-to-cash-routes.ts(3297,52): error TS1434: Unexpected keyword or 
identifier.
server/routes/order-to-cash-routes.ts(3297,66): error TS1005: '(' expected.
server/routes/order-to-cash-routes.ts(3297,67): error TS1005: ')' expected.
server/routes/order-to-cash-routes.ts(3297,90): error TS1434: Unexpected keyword or 
identifier.
server/routes/order-to-cash-routes.ts(3297,104): error TS1443: Module declaration names 
may only use ' or " quoted strings.
server/routes/order-to-cash-routes.ts(3298,15): error TS1127: Invalid character.
server/routes/order-to-cash-routes.ts(3298,17): error TS1127: Invalid character.
server/routes/order-to-cash-routes.ts(3298,19): error TS1127: Invalid character.
server/routes/order-to-cash-routes.ts(3298,22): error TS1127: Invalid character.
server/routes/order-to-cash-routes.ts(3298,24): error TS1434: Unexpected keyword or 
identifier.
server/routes/order-to-cash-routes.ts(3298,35): error TS1434: Unexpected keyword or 
identifier.
server/routes/order-to-cash-routes.ts(3298,59): error TS1434: Unexpected keyword or 
identifier.
server/routes/order-to-cash-routes.ts(3298,68): error TS1434: Unexpected keyword or 
identifier.
server/routes/order-to-cash-routes.ts(3298,78): error TS1005: '(' expected.
server/routes/order-to-cash-routes.ts(3298,87): error TS1005: ';' expected.
server/routes/order-to-cash-routes.ts(3307,16): error TS1005: ';' expected.
server/routes/order-to-cash-routes.ts(3307,17): error TS1127: Invalid character.
server/routes/order-to-cash-routes.ts(3307,19): error TS1127: Invalid character.
server/routes/order-to-cash-routes.ts(3307,21): error TS1127: Invalid character.
server/routes/order-to-cash-routes.ts(3307,24): error TS1127: Invalid character.
server/routes/order-to-cash-routes.ts(3307,26): error TS1434: Unexpected keyword or 
identifier.
server/routes/order-to-cash-routes.ts(3307,37): error TS1434: Unexpected keyword or 
identifier.
server/routes/order-to-cash-routes.ts(3307,46): error TS1434: Unexpected keyword or 
identifier.
server/routes/order-to-cash-routes.ts(3307,51): error TS1434: Unexpected keyword or 
identifier.
server/routes/order-to-cash-routes.ts(3307,59): error TS1161: Unterminated regular 
expression literal.
server/routes/order-to-cash-routes.ts(3307,127): error TS1005: ';' expected.
server/routes/order-to-cash-routes.ts(3388,167): error TS1005: '}' expected.
server/routes/order-to-cash-routes.ts(3388,173): error TS1002: Unterminated string 
literal.
server/routes/order-to-cash-routes.ts(3391,5): error TS1005: ',' expected.
server/routes/order-to-cash-routes.ts(3413,9): error TS1005: ')' expected.
server/routes/order-to-cash-routes.ts(3458,20): error TS1127: Invalid character.
server/routes/order-to-cash-routes.ts(3458,31): error TS1005: ',' expected.
server/routes/order-to-cash-routes.ts(3458,32): error TS1005: ',' expected.
server/routes/order-to-cash-routes.ts(3458,48): error TS1005: ',' expected.
server/routes/order-to-cash-routes.ts(3458,54): error TS1005: ',' expected.
server/routes/order-to-cash-routes.ts(3458,57): error TS1005: ',' expected.
server/routes/order-to-cash-routes.ts(3458,65): error TS1005: ',' expected.
server/routes/order-to-cash-routes.ts(3458,66): error TS1005: ',' expected.
server/routes/order-to-cash-routes.ts(3458,80): error TS1005: ',' expected.
server/routes/order-to-cash-routes.ts(3460,27): error TS1005: ',' expected.
server/routes/order-to-cash-routes.ts(3460,33): error TS1005: ',' expected.
server/routes/order-to-cash-routes.ts(3460,43): error TS1005: ',' expected.
server/routes/order-to-cash-routes.ts(3460,49): error TS1005: ',' expected.
server/routes/order-to-cash-routes.ts(3460,53): error TS1005: '(' expected.
server/routes/order-to-cash-routes.ts(3460,61): error TS1005: ';' expected.
server/routes/order-to-cash-routes.ts(3460,62): error TS1005: ';' expected.
server/routes/order-to-cash-routes.ts(3460,76): error TS1005: ',' expected.
server/routes/order-to-cash-routes.ts(3460,89): error TS1005: ')' expected.
server/routes/order-to-cash-routes.ts(3468,9): error TS1434: Unexpected keyword or 
identifier.
server/routes/order-to-cash-routes.ts(3469,9): error TS1435: Unknown keyword or 
identifier. Did you mean 'set'?
server/routes/order-to-cash-routes.ts(3469,69): error TS1005: ';' expected.
server/routes/order-to-cash-routes.ts(3469,84): error TS1128: Declaration or statement 
expected.
server/routes/order-to-cash-routes.ts(3471,47): error TS1005: ',' expected.
server/routes/order-to-cash-routes.ts(3471,86): error TS1005: ';' expected.
server/routes/order-to-cash-routes.ts(3472,15): error TS1435: Unknown keyword or 
identifier. Did you mean 'else'?
server/routes/order-to-cash-routes.ts(3475,9): error TS1434: Unexpected keyword or 
identifier.
server/routes/order-to-cash-routes.ts(3475,21): error TS1005: ';' expected.
server/routes/order-to-cash-routes.ts(3481,84): error TS1005: ';' expected.
server/routes/order-to-cash-routes.ts(3573,4): error TS1128: Declaration or statement 
expected.
server/routes/order-to-cash-routes.ts(3635,102): error TS1005: ')' expected.
server/routes/order-to-cash-routes.ts(3635,111): error TS1005: ';' expected.
server/routes/order-to-cash-routes.ts(3635,116): error TS1135: Argument expression 
expected.
server/routes/order-to-cash-routes.ts(3635,125): error TS1005: ';' expected.
server/routes/order-to-cash-routes.ts(3635,127): error TS1002: Unterminated string 
literal.
server/routes/order-to-cash-routes.ts(3636,6): error TS1472: 'catch' or 'finally' 
expected.
server/routes/order-to-cash-routes.ts(3645,9): error TS1434: Unexpected keyword or 
identifier.
server/routes/order-to-cash-routes.ts(3646,9): error TS1435: Unknown keyword or 
identifier. Did you mean 'from'?
server/routes/order-to-cash-routes.ts(3646,14): error TS1434: Unexpected keyword or 
identifier.
server/routes/order-to-cash-routes.ts(3647,9): error TS1435: Unknown keyword or 
identifier. Did you mean 'let'?
server/routes/order-to-cash-routes.ts(3647,14): error TS1434: Unexpected keyword or 
identifier.
server/routes/order-to-cash-routes.ts(3647,19): error TS1434: Unexpected keyword or 
identifier.
server/routes/order-to-cash-routes.ts(3647,26): error TS1434: Unexpected keyword or 
identifier.
server/routes/order-to-cash-routes.ts(3647,29): error TS1434: Unexpected keyword or 
identifier.
server/routes/order-to-cash-routes.ts(3648,9): error TS1434: Unexpected keyword or 
identifier.
server/routes/order-to-cash-routes.ts(3648,24): error TS1005: ';' expected.
server/routes/order-to-cash-routes.ts(3648,52): error TS1434: Unexpected keyword or 
identifier.
server/routes/order-to-cash-routes.ts(3677,7): error TS1434: Unexpected keyword or 
identifier.
server/routes/order-to-cash-routes.ts(3679,11): error TS1005: ',' expected.
server/routes/order-to-cash-routes.ts(3679,16): error TS1005: ',' expected.
server/routes/order-to-cash-routes.ts(3679,32): error TS1005: ',' expected.
server/routes/order-to-cash-routes.ts(3679,34): error TS1005: ',' expected.
server/routes/order-to-cash-routes.ts(3679,35): error TS1136: Property assignment 
expected.
server/routes/order-to-cash-routes.ts(3679,74): error TS1005: ',' expected.
server/routes/order-to-cash-routes.ts(3680,11): error TS1434: Unexpected keyword or 
identifier.
server/routes/order-to-cash-routes.ts(3680,53): error TS1005: ',' expected.
server/routes/order-to-cash-routes.ts(3680,54): error TS1136: Property assignment 
expected.
server/routes/order-to-cash-routes.ts(3680,86): error TS1005: ',' expected.
server/routes/order-to-cash-routes.ts(3680,87): error TS1472: 'catch' or 'finally' 
expected.
server/routes/order-to-cash-routes.ts(3680,88): error TS1128: Declaration or statement 
expected.
server/routes/order-to-cash-routes.ts(3680,93): error TS1005: ';' expected.
server/routes/order-to-cash-routes.ts(3680,96): error TS1434: Unexpected keyword or 
identifier.
server/routes/order-to-cash-routes.ts(3680,103): error TS1128: Declaration or statement 
expected.
server/routes/order-to-cash-routes.ts(3681,11): error TS1435: Unknown keyword or 
identifier. Did you mean 'else'?
server/routes/order-to-cash-routes.ts(3683,7): error TS1128: Declaration or statement 
expected.
server/routes/order-to-cash-routes.ts(3683,8): error TS1128: Declaration or statement 
expected.
server/routes/order-to-cash-routes.ts(3683,11): error TS1005: ';' expected.
server/routes/order-to-cash-routes.ts(3683,13): error TS1434: Unexpected keyword or 
identifier.
server/routes/order-to-cash-routes.ts(3684,7): error TS1435: Unknown keyword or 
identifier. Did you mean 'from'?
server/routes/order-to-cash-routes.ts(3685,7): error TS1434: Unexpected keyword or 
identifier.
server/routes/order-to-cash-routes.ts(3685,13): error TS1434: Unexpected keyword or 
identifier.
server/routes/order-to-cash-routes.ts(3685,29): error TS1434: Unexpected keyword or 
identifier.
server/routes/order-to-cash-routes.ts(3685,34): error TS1434: Unexpected keyword or 
identifier.
server/routes/order-to-cash-routes.ts(3693,37): error TS1005: ';' expected.
server/routes/order-to-cash-routes.ts(3693,44): error TS1005: ';' expected.
server/routes/order-to-cash-routes.ts(3693,62): error TS1005: ';' expected.
server/routes/order-to-cash-routes.ts(3693,106): error TS1005: ';' expected.
server/routes/order-to-cash-routes.ts(3707,26): error TS1005: ';' expected.
server/routes/order-to-cash-routes.ts(3707,27): error TS1127: Invalid character.
server/routes/order-to-cash-routes.ts(3707,29): error TS1127: Invalid character.
server/routes/order-to-cash-routes.ts(3707,31): error TS1127: Invalid character.
server/routes/order-to-cash-routes.ts(3707,33): error TS1127: Invalid character.
server/routes/order-to-cash-routes.ts(3707,35): error TS1127: Invalid character.
server/routes/order-to-cash-routes.ts(3707,37): error TS1127: Invalid character.
server/routes/order-to-cash-routes.ts(3707,39): error TS1434: Unexpected keyword or 
identifier.
server/routes/order-to-cash-routes.ts(3707,48): error TS1434: Unexpected keyword or 
identifier.
server/routes/order-to-cash-routes.ts(3707,53): error TS1434: Unexpected keyword or 
identifier.
server/routes/order-to-cash-routes.ts(3707,72): error TS1128: Declaration or statement 
expected.
server/routes/order-to-cash-routes.ts(3707,74): error TS1434: Unexpected keyword or 
identifier.
server/routes/order-to-cash-routes.ts(3707,82): error TS1434: Unexpected keyword or 
identifier.
server/routes/order-to-cash-routes.ts(3707,103): error TS1005: ',' expected.
server/routes/order-to-cash-routes.ts(3707,106): error TS1005: ',' expected.
server/routes/order-to-cash-routes.ts(3707,129): error TS1005: ',' expected.
server/routes/order-to-cash-routes.ts(3707,132): error TS1005: ',' expected.
server/routes/order-to-cash-routes.ts(3707,153): error TS1443: Module declaration names 
may only use ' or " quoted strings.
server/routes/order-to-cash-routes.ts(3711,25): error TS1127: Invalid character.
server/routes/order-to-cash-routes.ts(3711,27): error TS1127: Invalid character.
server/routes/order-to-cash-routes.ts(3711,29): error TS1127: Invalid character.
server/routes/order-to-cash-routes.ts(3711,32): error TS1127: Invalid character.
server/routes/order-to-cash-routes.ts(3711,34): error TS1434: Unexpected keyword or 
identifier.
server/routes/order-to-cash-routes.ts(3711,45): error TS1434: Unexpected keyword or 
identifier.
server/routes/order-to-cash-routes.ts(3711,53): error TS1005: '(' expected.
server/routes/order-to-cash-routes.ts(3711,58): error TS1005: ';' expected.
server/routes/order-to-cash-routes.ts(3711,59): error TS1005: ';' expected.
server/routes/order-to-cash-routes.ts(3711,65): error TS1005: ',' expected.
server/routes/order-to-cash-routes.ts(3711,77): error TS1005: ')' expected.
server/routes/order-to-cash-routes.ts(3711,79): error TS1434: Unexpected keyword or 
identifier.
server/routes/order-to-cash-routes.ts(3711,107): error TS1005: ',' expected.
server/routes/order-to-cash-routes.ts(3711,110): error TS1005: ',' expected.
server/routes/order-to-cash-routes.ts(3711,135): error TS1005: ',' expected.
server/routes/order-to-cash-routes.ts(3711,141): error TS1005: ',' expected.
server/routes/order-to-cash-routes.ts(3711,144): error TS1005: ',' expected.
server/routes/order-to-cash-routes.ts(3725,13): error TS1434: Unexpected keyword or 
identifier.
server/routes/order-to-cash-routes.ts(3725,20): error TS1434: Unexpected keyword or 
identifier.
server/routes/order-to-cash-routes.ts(3725,25): error TS1435: Unknown keyword or 
identifier. Did you mean 'from'?
server/routes/order-to-cash-routes.ts(3726,13): error TS1434: Unexpected keyword or 
identifier.
server/routes/order-to-cash-routes.ts(3726,38): error TS1005: ')' expected.
server/routes/order-to-cash-routes.ts(3726,41): error TS1435: Unknown keyword or 
identifier. Did you mean 'from'?
server/routes/order-to-cash-routes.ts(3726,46): error TS1434: Unexpected keyword or 
identifier.
server/routes/order-to-cash-routes.ts(3726,53): error TS1434: Unexpected keyword or 
identifier.
server/routes/order-to-cash-routes.ts(3726,67): error TS1005: ';' expected.
server/routes/order-to-cash-routes.ts(3726,85): error TS1434: Unexpected keyword or 
identifier.
server/routes/order-to-cash-routes.ts(3726,92): error TS1005: ';' expected.
server/routes/order-to-cash-routes.ts(3727,13): error TS1434: Unexpected keyword or 
identifier.
server/routes/order-to-cash-routes.ts(3727,19): error TS1434: Unexpected keyword or 
identifier.
server/routes/order-to-cash-routes.ts(3727,22): error TS1434: Unexpected keyword or 
identifier.
server/routes/order-to-cash-routes.ts(3727,25): error TS1434: Unexpected keyword or 
identifier.
server/routes/order-to-cash-routes.ts(3728,11): error TS1443: Module declaration names 
may only use ' or " quoted strings.
server/routes/order-to-cash-routes.ts(3735,28): error TS1434: Unexpected keyword or 
identifier.
server/routes/order-to-cash-routes.ts(3735,33): error TS1434: Unexpected keyword or 
identifier.
server/routes/order-to-cash-routes.ts(3735,52): error TS1128: Declaration or statement 
expected.
server/routes/order-to-cash-routes.ts(3735,54): error TS1434: Unexpected keyword or 
identifier.
server/routes/order-to-cash-routes.ts(3735,62): error TS1434: Unexpected keyword or 
identifier.
server/routes/order-to-cash-routes.ts(3735,71): error TS1434: Unexpected keyword or 
identifier.
server/routes/order-to-cash-routes.ts(3735,88): error TS1005: ';' expected.
server/routes/order-to-cash-routes.ts(3735,92): error TS1434: Unexpected keyword or 
identifier.
server/routes/order-to-cash-routes.ts(3735,121): error TS1005: ';' expected.
server/routes/order-to-cash-routes.ts(3735,126): error TS1434: Unexpected keyword or 
identifier.
server/routes/order-to-cash-routes.ts(3735,135): error TS1003: Identifier expected.
server/routes/order-to-cash-routes.ts(3740,28): error TS1434: Unexpected keyword or 
identifier.
server/routes/order-to-cash-routes.ts(3740,33): error TS1434: Unexpected keyword or 
identifier.
server/routes/order-to-cash-routes.ts(3740,52): error TS1128: Declaration or statement 
expected.
server/routes/order-to-cash-routes.ts(3740,54): error TS1434: Unexpected keyword or 
identifier.
server/routes/order-to-cash-routes.ts(3740,60): error TS1434: Unexpected keyword or 
identifier.
server/routes/order-to-cash-routes.ts(3740,65): error TS1434: Unexpected keyword or 
identifier.
server/routes/order-to-cash-routes.ts(3740,82): error TS1005: ';' expected.
server/routes/order-to-cash-routes.ts(3740,104): error TS1005: ';' expected.
server/routes/order-to-cash-routes.ts(3740,120): error TS1005: ';' expected.
server/routes/order-to-cash-routes.ts(3740,130): error TS1005: ';' expected.
server/routes/order-to-cash-routes.ts(3740,138): error TS1003: Identifier expected.
server/routes/order-to-cash-routes.ts(3750,13): error TS1434: Unexpected keyword or 
identifier.
server/routes/order-to-cash-routes.ts(3751,12): error TS1005: ';' expected.
server/routes/order-to-cash-routes.ts(3770,13): error TS1434: Unexpected keyword or 
identifier.
server/routes/order-to-cash-routes.ts(3771,13): error TS1435: Unknown keyword or 
identifier. Did you mean 'from'?
server/routes/order-to-cash-routes.ts(3772,13): error TS1434: Unexpected keyword or 
identifier.
server/routes/order-to-cash-routes.ts(3772,36): error TS1005: ';' expected.
server/routes/order-to-cash-routes.ts(3773,15): error TS1434: Unexpected keyword or 
identifier.
server/routes/order-to-cash-routes.ts(3773,33): error TS1005: ';' expected.
server/routes/order-to-cash-routes.ts(3774,15): error TS1434: Unexpected keyword or 
identifier.
server/routes/order-to-cash-routes.ts(3774,39): error TS1005: ';' expected.
server/routes/order-to-cash-routes.ts(3775,30): error TS1005: ',' expected.
server/routes/order-to-cash-routes.ts(3775,33): error TS1005: ',' expected.
server/routes/order-to-cash-routes.ts(3775,44): error TS1005: ',' expected.
server/routes/order-to-cash-routes.ts(3775,47): error TS1005: ',' expected.
server/routes/order-to-cash-routes.ts(3776,13): error TS1434: Unexpected keyword or 
identifier.
server/routes/order-to-cash-routes.ts(3777,11): error TS1443: Module declaration names 
may only use ' or " quoted strings.
server/routes/order-to-cash-routes.ts(3793,33): error TS1434: Unexpected keyword or 
identifier.
server/routes/order-to-cash-routes.ts(3793,46): error TS1434: Unexpected keyword or 
identifier.
server/routes/order-to-cash-routes.ts(3793,56): error TS1005: '(' expected.
server/routes/order-to-cash-routes.ts(3793,65): error TS1005: ';' expected.
server/routes/order-to-cash-routes.ts(3793,66): error TS1005: ';' expected.
server/routes/order-to-cash-routes.ts(3793,82): error TS1005: ')' expected.
server/routes/order-to-cash-routes.ts(3793,97): error TS1005: ';' expected.
server/routes/order-to-cash-routes.ts(3793,116): error TS1128: Declaration or statement 
expected.
server/routes/order-to-cash-routes.ts(3793,130): error TS1005: ';' expected.
server/routes/order-to-cash-routes.ts(3813,28): error TS1005: ';' expected.
server/routes/order-to-cash-routes.ts(3813,33): error TS1434: Unexpected keyword or 
identifier.
server/routes/order-to-cash-routes.ts(3813,52): error TS1128: Declaration or statement 
expected.
server/routes/order-to-cash-routes.ts(3813,54): error TS1434: Unexpected keyword or 
identifier.
server/routes/order-to-cash-routes.ts(3813,82): error TS1005: ';' expected.
server/routes/order-to-cash-routes.ts(3813,84): error TS1434: Unexpected keyword or 
identifier.
server/routes/order-to-cash-routes.ts(3813,103): error TS1128: Declaration or statement 
expected.
server/routes/order-to-cash-routes.ts(3813,115): error TS1434: Unexpected keyword or 
identifier.
server/routes/order-to-cash-routes.ts(3824,17): error TS1434: Unexpected keyword or 
identifier.
server/routes/order-to-cash-routes.ts(3825,17): error TS1435: Unknown keyword or 
identifier. Did you mean 'from'?
server/routes/order-to-cash-routes.ts(3825,22): error TS1434: Unexpected keyword or 
identifier.
server/routes/order-to-cash-routes.ts(3826,17): error TS1434: Unexpected keyword or 
identifier.
server/routes/order-to-cash-routes.ts(3826,33): error TS1005: ';' expected.
server/routes/order-to-cash-routes.ts(3827,17): error TS1434: Unexpected keyword or 
identifier.
server/routes/order-to-cash-routes.ts(3840,17): error TS1434: Unexpected keyword or 
identifier.
server/routes/order-to-cash-routes.ts(3840,24): error TS1434: Unexpected keyword or 
identifier.
server/routes/order-to-cash-routes.ts(3840,27): error TS1435: Unknown keyword or 
identifier. Did you mean 'from'?
server/routes/order-to-cash-routes.ts(3840,32): error TS1434: Unexpected keyword or 
identifier.
server/routes/order-to-cash-routes.ts(3840,39): error TS1434: Unexpected keyword or 
identifier.
server/routes/order-to-cash-routes.ts(3840,53): error TS1005: ';' expected.
server/routes/order-to-cash-routes.ts(3840,71): error TS1434: Unexpected keyword or 
identifier.
server/routes/order-to-cash-routes.ts(3853,19): error TS1434: Unexpected keyword or 
identifier.
server/routes/order-to-cash-routes.ts(3853,26): error TS1434: Unexpected keyword or 
identifier.
server/routes/order-to-cash-routes.ts(3853,35): error TS1435: Unknown keyword or 
identifier. Did you mean 'from'?
server/routes/order-to-cash-routes.ts(3853,40): error TS1434: Unexpected keyword or 
identifier.
server/routes/order-to-cash-routes.ts(3853,50): error TS1434: Unexpected keyword or 
identifier.
server/routes/order-to-cash-routes.ts(3853,64): error TS1005: ';' expected.
server/routes/order-to-cash-routes.ts(3853,81): error TS1434: Unexpected keyword or 
identifier.
server/routes/order-to-cash-routes.ts(3863,19): error TS1434: Unexpected keyword or 
identifier.
server/routes/order-to-cash-routes.ts(3863,26): error TS1434: Unexpected keyword or 
identifier.
server/routes/order-to-cash-routes.ts(3863,39): error TS1435: Unknown keyword or 
identifier. Did you mean 'from'?
server/routes/order-to-cash-routes.ts(3864,19): error TS1434: Unexpected keyword or 
identifier.
server/routes/order-to-cash-routes.ts(3864,64): error TS1005: ';' expected.
server/routes/order-to-cash-routes.ts(3864,82): error TS1005: ';' expected.
server/routes/order-to-cash-routes.ts(3865,17): error TS1443: Module declaration names 
may only use ' or " quoted strings.
server/routes/order-to-cash-routes.ts(3874,35): error TS1127: Invalid character.
server/routes/order-to-cash-routes.ts(3874,37): error TS1127: Invalid character.
server/routes/order-to-cash-routes.ts(3874,39): error TS1127: Invalid character.
server/routes/order-to-cash-routes.ts(3874,41): error TS1434: Unexpected keyword or 
identifier.
server/routes/order-to-cash-routes.ts(3874,48): error TS1434: Unexpected keyword or 
identifier.
server/routes/order-to-cash-routes.ts(3874,68): error TS1434: Unexpected keyword or 
identifier.
server/routes/order-to-cash-routes.ts(3874,73): error TS1434: Unexpected keyword or 
identifier.
server/routes/order-to-cash-routes.ts(3874,76): error TS1434: Unexpected keyword or 
identifier.
server/routes/order-to-cash-routes.ts(3874,84): error TS1434: Unexpected keyword or 
identifier.
server/routes/order-to-cash-routes.ts(3874,88): error TS1434: Unexpected keyword or 
identifier.
server/routes/order-to-cash-routes.ts(3874,98): error TS1005: '(' expected.
server/routes/order-to-cash-routes.ts(3874,107): error TS1005: ';' expected.
server/routes/order-to-cash-routes.ts(3874,112): error TS1005: ';' expected.
server/routes/order-to-cash-routes.ts(3874,113): error TS1005: ')' expected.
server/routes/order-to-cash-routes.ts(3875,32): error TS1005: ';' expected.
server/routes/order-to-cash-routes.ts(3875,37): error TS1434: Unexpected keyword or 
identifier.
server/routes/order-to-cash-routes.ts(3875,56): error TS1128: Declaration or statement 
expected.
server/routes/order-to-cash-routes.ts(3875,58): error TS1434: Unexpected keyword or 
identifier.
server/routes/order-to-cash-routes.ts(3875,63): error TS1434: Unexpected keyword or 
identifier.
server/routes/order-to-cash-routes.ts(3875,66): error TS1434: Unexpected keyword or 
identifier.
server/routes/order-to-cash-routes.ts(3875,74): error TS1228: A type predicate is only 
allowed in return type position for functions and methods.
server/routes/order-to-cash-routes.ts(3875,77): error TS1435: Unknown keyword or 
identifier. Did you mean 'require'?
server/routes/order-to-cash-routes.ts(3875,90): error TS1005: '(' expected.
server/routes/order-to-cash-routes.ts(3875,100): error TS1005: ';' expected.
server/routes/order-to-cash-routes.ts(3890,169): error TS1005: ';' expected.
server/routes/order-to-cash-routes.ts(3897,122): error TS1005: ')' expected.
server/routes/order-to-cash-routes.ts(3961,14): error TS1127: Invalid character.
server/routes/order-to-cash-routes.ts(3961,24): error TS1005: ',' expected.
server/routes/order-to-cash-routes.ts(3961,33): error TS1005: ',' expected.
server/routes/order-to-cash-routes.ts(3961,42): error TS1005: ',' expected.
server/routes/order-to-cash-routes.ts(3961,43): error TS1005: ',' expected.
server/routes/order-to-cash-routes.ts(3961,62): error TS1005: ',' expected.
server/routes/order-to-cash-routes.ts(3961,66): error TS1005: '(' expected.
server/routes/order-to-cash-routes.ts(3961,72): error TS1005: ';' expected.
server/routes/order-to-cash-routes.ts(3963,28): error TS1005: ';' expected.
server/routes/order-to-cash-routes.ts(3963,29): error TS1127: Invalid character.
server/routes/order-to-cash-routes.ts(3963,31): error TS1127: Invalid character.
server/routes/order-to-cash-routes.ts(3963,33): error TS1127: Invalid character.
server/routes/order-to-cash-routes.ts(3963,35): error TS1434: Unexpected keyword or 
identifier.
server/routes/order-to-cash-routes.ts(3963,57): error TS1005: ',' expected.
server/routes/order-to-cash-routes.ts(3963,66): error TS1005: ',' expected.
server/routes/order-to-cash-routes.ts(3963,74): error TS1005: ',' expected.
server/routes/order-to-cash-routes.ts(3963,78): error TS1005: '(' expected.
server/routes/order-to-cash-routes.ts(3963,87): error TS1005: ';' expected.
server/routes/order-to-cash-routes.ts(3963,88): error TS1005: ';' expected.
server/routes/order-to-cash-routes.ts(3963,104): error TS1005: ')' expected.
server/routes/order-to-cash-routes.ts(3965,27): error TS1005: ';' expected.
server/routes/order-to-cash-routes.ts(3965,35): error TS1434: Unexpected keyword or 
identifier.
server/routes/order-to-cash-routes.ts(3965,40): error TS1434: Unexpected keyword or 
identifier.
server/routes/order-to-cash-routes.ts(3965,43): error TS1434: Unexpected keyword or 
identifier.
server/routes/order-to-cash-routes.ts(3965,50): error TS1434: Unexpected keyword or 
identifier.
server/routes/order-to-cash-routes.ts(3965,65): error TS1434: Unexpected keyword or 
identifier.
server/routes/order-to-cash-routes.ts(3965,71): error TS1128: Declaration or statement 
expected.
server/routes/order-to-cash-routes.ts(3972,17): error TS1434: Unexpected keyword or 
identifier.
server/routes/order-to-cash-routes.ts(3973,17): error TS1435: Unknown keyword or 
identifier. Did you mean 'from'?
server/routes/order-to-cash-routes.ts(3974,17): error TS1434: Unexpected keyword or 
identifier.
server/routes/order-to-cash-routes.ts(3974,40): error TS1005: ';' expected.
server/routes/order-to-cash-routes.ts(3975,19): error TS1434: Unexpected keyword or 
identifier.
server/routes/order-to-cash-routes.ts(3975,37): error TS1005: ';' expected.
server/routes/order-to-cash-routes.ts(3976,19): error TS1434: Unexpected keyword or 
identifier.
server/routes/order-to-cash-routes.ts(3976,43): error TS1005: ';' expected.
server/routes/order-to-cash-routes.ts(3977,30): error TS1005: ',' expected.
server/routes/order-to-cash-routes.ts(3977,33): error TS1005: ',' expected.
server/routes/order-to-cash-routes.ts(3977,44): error TS1005: ',' expected.
server/routes/order-to-cash-routes.ts(3977,47): error TS1005: ',' expected.
server/routes/order-to-cash-routes.ts(3978,17): error TS1434: Unexpected keyword or 
identifier.
server/routes/order-to-cash-routes.ts(3997,17): error TS1434: Unexpected keyword or 
identifier.
server/routes/order-to-cash-routes.ts(3999,13): error TS1005: ';' expected.
server/routes/order-to-cash-routes.ts(3999,35): error TS1128: Declaration or statement 
expected.
server/routes/order-to-cash-routes.ts(4000,23): error TS1005: ';' expected.
server/routes/order-to-cash-routes.ts(4000,46): error TS1128: Declaration or statement 
expected.
server/routes/order-to-cash-routes.ts(4001,22): error TS1005: ';' expected.
server/routes/order-to-cash-routes.ts(4001,44): error TS1128: Declaration or statement 
expected.
server/routes/order-to-cash-routes.ts(4002,23): error TS1005: ';' expected.
server/routes/order-to-cash-routes.ts(4002,46): error TS1128: Declaration or statement 
expected.
server/routes/order-to-cash-routes.ts(4004,17): error TS1434: Unexpected keyword or 
identifier.
server/routes/order-to-cash-routes.ts(4004,40): error TS1005: ';' expected.
server/routes/order-to-cash-routes.ts(4005,19): error TS1434: Unexpected keyword or 
identifier.
server/routes/order-to-cash-routes.ts(4005,37): error TS1005: ';' expected.
server/routes/order-to-cash-routes.ts(4006,19): error TS1434: Unexpected keyword or 
identifier.
server/routes/order-to-cash-routes.ts(4006,43): error TS1005: ';' expected.
server/routes/order-to-cash-routes.ts(4007,30): error TS1005: ',' expected.
server/routes/order-to-cash-routes.ts(4007,33): error TS1005: ',' expected.
server/routes/order-to-cash-routes.ts(4007,44): error TS1005: ',' expected.
server/routes/order-to-cash-routes.ts(4007,47): error TS1005: ',' expected.
server/routes/order-to-cash-routes.ts(4008,15): error TS1443: Module declaration names 
may only use ' or " quoted strings.
server/routes/order-to-cash-routes.ts(4010,29): error TS1434: Unexpected keyword or 
identifier.
server/routes/order-to-cash-routes.ts(4010,36): error TS1434: Unexpected keyword or 
identifier.
server/routes/order-to-cash-routes.ts(4010,52): error TS1434: Unexpected keyword or 
identifier.
server/routes/order-to-cash-routes.ts(4010,67): error TS1434: Unexpected keyword or 
identifier.
server/routes/order-to-cash-routes.ts(4010,71): error TS1434: Unexpected keyword or 
identifier.
server/routes/order-to-cash-routes.ts(4010,76): error TS1434: Unexpected keyword or 
identifier.
server/routes/order-to-cash-routes.ts(4010,80): error TS1434: Unexpected keyword or 
identifier.
server/routes/order-to-cash-routes.ts(4010,90): error TS1005: '(' expected.
server/routes/order-to-cash-routes.ts(4010,99): error TS1005: ';' expected.
server/routes/order-to-cash-routes.ts(4010,100): error TS1005: ';' expected.
server/routes/order-to-cash-routes.ts(4010,117): error TS1005: ')' expected.
server/routes/order-to-cash-routes.ts(4010,120): error TS1434: Unexpected keyword or 
identifier.
server/routes/order-to-cash-routes.ts(4010,126): error TS1434: Unexpected keyword or 
identifier.
server/routes/order-to-cash-routes.ts(4010,144): error TS1128: Declaration or statement 
expected.
server/routes/order-to-cash-routes.ts(4010,146): error TS1434: Unexpected keyword or 
identifier.
server/routes/order-to-cash-routes.ts(4010,154): error TS1434: Unexpected keyword or 
identifier.
server/routes/order-to-cash-routes.ts(4011,28): error TS1005: ';' expected.
server/routes/order-to-cash-routes.ts(4011,33): error TS1434: Unexpected keyword or 
identifier.
server/routes/order-to-cash-routes.ts(4011,52): error TS1128: Declaration or statement 
expected.
server/routes/order-to-cash-routes.ts(4011,54): error TS1434: Unexpected keyword or 
identifier.
server/routes/order-to-cash-routes.ts(4011,60): error TS1434: Unexpected keyword or 
identifier.
server/routes/order-to-cash-routes.ts(4011,68): error TS1434: Unexpected keyword or 
identifier.
server/routes/order-to-cash-routes.ts(4011,75): error TS1434: Unexpected keyword or 
identifier.
server/routes/order-to-cash-routes.ts(4011,92): error TS1005: ';' expected.
server/routes/order-to-cash-routes.ts(4011,111): error TS1003: Identifier expected.
server/routes/order-to-cash-routes.ts(4016,26): error TS1434: Unexpected keyword or 
identifier.
server/routes/order-to-cash-routes.ts(4016,33): error TS1434: Unexpected keyword or 
identifier.
server/routes/order-to-cash-routes.ts(4016,37): error TS1434: Unexpected keyword or 
identifier.
server/routes/order-to-cash-routes.ts(4016,47): error TS1434: Unexpected keyword or 
identifier.
server/routes/order-to-cash-routes.ts(4016,65): error TS1434: Unexpected keyword or 
identifier.
server/routes/order-to-cash-routes.ts(4016,101): error TS1005: ';' expected.
server/routes/order-to-cash-routes.ts(4033,17): error TS1434: Unexpected keyword or 
identifier.
server/routes/order-to-cash-routes.ts(4033,24): error TS1434: Unexpected keyword or 
identifier.
server/routes/order-to-cash-routes.ts(4036,10): error TS1005: ')' expected.
server/routes/order-to-cash-routes.ts(4036,32): error TS1005: ',' expected.
server/routes/order-to-cash-routes.ts(4036,35): error TS1005: ',' expected.
server/routes/order-to-cash-routes.ts(4037,21): error TS1005: ',' expected.
server/routes/order-to-cash-routes.ts(4037,26): error TS1005: ',' expected.
server/routes/order-to-cash-routes.ts(4037,41): error TS1005: ',' expected.
server/routes/order-to-cash-routes.ts(4038,21): error TS1005: ',' expected.
server/routes/order-to-cash-routes.ts(4038,26): error TS1005: ',' expected.
server/routes/order-to-cash-routes.ts(4038,31): error TS1005: ',' expected.
server/routes/order-to-cash-routes.ts(4038,41): error TS1005: ',' expected.
server/routes/order-to-cash-routes.ts(4038,43): error TS1005: ',' expected.
server/routes/order-to-cash-routes.ts(4038,46): error TS1005: ',' expected.
server/routes/order-to-cash-routes.ts(4039,21): error TS1005: ',' expected.
server/routes/order-to-cash-routes.ts(4039,52): error TS1005: ',' expected.
server/routes/order-to-cash-routes.ts(4039,60): error TS1005: ',' expected.
server/routes/order-to-cash-routes.ts(4039,63): error TS1005: ',' expected.
server/routes/order-to-cash-routes.ts(4039,67): error TS1005: ',' expected.
server/routes/order-to-cash-routes.ts(4039,72): error TS1005: ',' expected.
server/routes/order-to-cash-routes.ts(4039,76): error TS1005: ',' expected.
server/routes/order-to-cash-routes.ts(4040,23): error TS1005: ',' expected.
server/routes/order-to-cash-routes.ts(4040,55): error TS1005: ',' expected.
server/routes/order-to-cash-routes.ts(4040,58): error TS1005: ',' expected.
server/routes/order-to-cash-routes.ts(4040,72): error TS1005: ',' expected.
server/routes/order-to-cash-routes.ts(4040,75): error TS1005: ',' expected.
server/routes/order-to-cash-routes.ts(4041,5): error TS1005: ';' expected.
server/routes/order-to-cash-routes.ts(4041,6): error TS1128: Declaration or statement 
expected.
server/routes/order-to-cash-routes.ts(4043,10): error TS1005: ')' expected.
server/routes/order-to-cash-routes.ts(4043,54): error TS1005: ',' expected.
server/routes/order-to-cash-routes.ts(4043,57): error TS1005: ',' expected.
server/routes/order-to-cash-routes.ts(4044,21): error TS1005: ',' expected.
server/routes/order-to-cash-routes.ts(4044,26): error TS1005: ',' expected.
server/routes/order-to-cash-routes.ts(4044,41): error TS1005: ',' expected.
server/routes/order-to-cash-routes.ts(4045,21): error TS1005: ',' expected.
server/routes/order-to-cash-routes.ts(4045,26): error TS1005: ',' expected.
server/routes/order-to-cash-routes.ts(4045,31): error TS1005: ',' expected.
server/routes/order-to-cash-routes.ts(4045,41): error TS1005: ',' expected.
server/routes/order-to-cash-routes.ts(4045,43): error TS1005: ',' expected.
server/routes/order-to-cash-routes.ts(4045,46): error TS1005: ',' expected.
server/routes/order-to-cash-routes.ts(4046,21): error TS1005: ',' expected.
server/routes/order-to-cash-routes.ts(4046,52): error TS1005: ',' expected.
server/routes/order-to-cash-routes.ts(4046,60): error TS1005: ',' expected.
server/routes/order-to-cash-routes.ts(4046,63): error TS1005: ',' expected.
server/routes/order-to-cash-routes.ts(4046,67): error TS1005: ',' expected.
server/routes/order-to-cash-routes.ts(4046,72): error TS1005: ',' expected.
server/routes/order-to-cash-routes.ts(4046,76): error TS1005: ',' expected.
server/routes/order-to-cash-routes.ts(4047,23): error TS1005: ',' expected.
server/routes/order-to-cash-routes.ts(4047,55): error TS1005: ',' expected.
server/routes/order-to-cash-routes.ts(4047,58): error TS1005: ',' expected.
server/routes/order-to-cash-routes.ts(4047,72): error TS1005: ',' expected.
server/routes/order-to-cash-routes.ts(4047,75): error TS1005: ',' expected.
server/routes/order-to-cash-routes.ts(4048,5): error TS1005: ';' expected.
server/routes/order-to-cash-routes.ts(4048,6): error TS1128: Declaration or statement 
expected.
server/routes/order-to-cash-routes.ts(4050,17): error TS1434: Unexpected keyword or 
identifier.
server/routes/order-to-cash-routes.ts(4051,17): error TS1435: Unknown keyword or 
identifier. Did you mean 'return'?
server/routes/order-to-cash-routes.ts(4056,175): error TS1005: ';' expected.
server/routes/order-to-cash-routes.ts(4059,1): error TS1128: Declaration or statement 
expected.
server/routes/order-to-cash-routes.ts(4059,3): error TS1005: 'try' expected.
server/routes/order-to-cash-routes.ts(4062,1): error TS1128: Declaration or statement 
expected.
server/routes/order-to-cash-routes.ts(4062,3): error TS1005: 'try' expected.
server/routes/order-to-cash-routes.ts(4071,9): error TS1128: Declaration or statement 
expected.
server/routes/order-to-cash-routes.ts(4120,104): error TS1005: '}' expected.
server/routes/order-to-cash-routes.ts(4120,269): error TS1005: '}' expected.
server/routes/order-to-cash-routes.ts(4174,26): error TS1005: ',' expected.
server/routes/order-to-cash-routes.ts(4174,29): error TS1005: ',' expected.
server/routes/order-to-cash-routes.ts(4174,36): error TS1005: ',' expected.
server/routes/order-to-cash-routes.ts(4174,42): error TS1005: ',' expected.
server/routes/order-to-cash-routes.ts(4174,50): error TS1005: ',' expected.
server/routes/order-to-cash-routes.ts(4174,53): error TS1005: ',' expected.
server/routes/order-to-cash-routes.ts(4174,68): error TS1005: ',' expected.
server/routes/order-to-cash-routes.ts(4200,24): error TS1005: ',' expected.
server/routes/order-to-cash-routes.ts(4200,34): error TS1005: ',' expected.
server/routes/order-to-cash-routes.ts(4200,42): error TS1005: ',' expected.
server/routes/order-to-cash-routes.ts(4200,48): error TS1005: ',' expected.
server/routes/order-to-cash-routes.ts(4200,51): error TS1005: ',' expected.
server/routes/order-to-cash-routes.ts(4200,66): error TS1005: ',' expected.
server/routes/order-to-cash-routes.ts(4226,22): error TS1005: ',' expected.
server/routes/order-to-cash-routes.ts(4226,32): error TS1005: ',' expected.
server/routes/order-to-cash-routes.ts(4226,40): error TS1005: ',' expected.
server/routes/order-to-cash-routes.ts(4226,46): error TS1005: ',' expected.
server/routes/order-to-cash-routes.ts(4226,49): error TS1005: ',' expected.
server/routes/order-to-cash-routes.ts(4226,63): error TS1005: ',' expected.
server/routes/order-to-cash-routes.ts(4238,11): error TS1005: ',' expected.
server/routes/order-to-cash-routes.ts(4238,18): error TS1005: ',' expected.
server/routes/order-to-cash-routes.ts(4239,11): error TS1005: ',' expected.
server/routes/order-to-cash-routes.ts(4239,15): error TS1005: ',' expected.
server/routes/order-to-cash-routes.ts(4239,43): error TS1005: ',' expected.
server/routes/order-to-cash-routes.ts(4239,60): error TS1005: ',' expected.
server/routes/order-to-cash-routes.ts(4239,63): error TS1005: ',' expected.
server/routes/order-to-cash-routes.ts(4239,74): error TS1005: ',' expected.
server/routes/order-to-cash-routes.ts(4239,99): error TS1005: ',' expected.
server/routes/order-to-cash-routes.ts(4239,100): error TS1128: Declaration or statement 
expected.
server/routes/order-to-cash-routes.ts(4240,17): error TS1005: ';' expected.
server/routes/order-to-cash-routes.ts(4241,11): error TS1434: Unexpected keyword or 
identifier.
server/routes/order-to-cash-routes.ts(4241,23): error TS1005: ';' expected.
server/routes/order-to-cash-routes.ts(4252,16): error TS1005: ';' expected.
server/routes/order-to-cash-routes.ts(4252,26): error TS1434: Unexpected keyword or 
identifier.
server/routes/order-to-cash-routes.ts(4252,47): error TS1434: Unexpected keyword or 
identifier.
server/routes/order-to-cash-routes.ts(4252,61): error TS1434: Unexpected keyword or 
identifier.
server/routes/order-to-cash-routes.ts(4252,67): error TS1434: Unexpected keyword or 
identifier.
server/routes/order-to-cash-routes.ts(4252,70): error TS1434: Unexpected keyword or 
identifier.
server/routes/order-to-cash-routes.ts(4252,95): error TS1005: ')' expected.
server/routes/order-to-cash-routes.ts(4252,103): error TS1434: Unexpected keyword or 
identifier.
server/routes/order-to-cash-routes.ts(4252,126): error TS1161: Unterminated regular 
expression literal.
server/routes/order-to-cash-routes.ts(4252,200): error TS1005: ';' expected.
server/routes/order-to-cash-routes.ts(4254,18): error TS1005: ';' expected.
server/routes/order-to-cash-routes.ts(4254,19): error TS1127: Invalid character.
server/routes/order-to-cash-routes.ts(4254,21): error TS1127: Invalid character.
server/routes/order-to-cash-routes.ts(4254,23): error TS1127: Invalid character.
server/routes/order-to-cash-routes.ts(4254,25): error TS1434: Unexpected keyword or 
identifier.
server/routes/order-to-cash-routes.ts(4254,31): error TS1434: Unexpected keyword or 
identifier.
server/routes/order-to-cash-routes.ts(4254,39): error TS1434: Unexpected keyword or 
identifier.
server/routes/order-to-cash-routes.ts(4254,45): error TS1434: Unexpected keyword or 
identifier.
server/routes/order-to-cash-routes.ts(4254,55): error TS1005: '(' expected.
server/routes/order-to-cash-routes.ts(4254,60): error TS1005: ';' expected.
server/routes/order-to-cash-routes.ts(4254,61): error TS1005: ';' expected.
server/routes/order-to-cash-routes.ts(4254,67): error TS1005: ',' expected.
server/routes/order-to-cash-routes.ts(4254,72): error TS1005: ')' expected.
server/routes/order-to-cash-routes.ts(4255,16): error TS1005: ';' expected.
server/routes/order-to-cash-routes.ts(4255,21): error TS1434: Unexpected keyword or 
identifier.
server/routes/order-to-cash-routes.ts(4255,40): error TS1128: Declaration or statement 
expected.
server/routes/order-to-cash-routes.ts(4255,42): error TS1434: Unexpected keyword or 
identifier.
server/routes/order-to-cash-routes.ts(4263,7): error TS1109: Expression expected.
server/routes/order-to-cash-routes.ts(4263,8): error TS1109: Expression expected.
server/routes/order-to-cash-routes.ts(4264,14): error TS1005: ',' expected.
server/routes/order-to-cash-routes.ts(4264,19): error TS1005: ',' expected.
server/routes/order-to-cash-routes.ts(4264,55): error TS1005: ',' expected.
server/routes/order-to-cash-routes.ts(4264,60): error TS1005: ',' expected.
server/routes/order-to-cash-routes.ts(4264,62): error TS1005: ',' expected.
server/routes/order-to-cash-routes.ts(4265,14): error TS1005: ',' expected.
server/routes/order-to-cash-routes.ts(4265,19): error TS1005: ',' expected.
server/routes/order-to-cash-routes.ts(4265,65): error TS1005: ',' expected.
server/routes/order-to-cash-routes.ts(4265,70): error TS1005: ',' expected.
server/routes/order-to-cash-routes.ts(4265,72): error TS1005: ',' expected.
server/routes/order-to-cash-routes.ts(4266,7): error TS1435: Unknown keyword or 
identifier. Did you mean 'from'?
server/routes/order-to-cash-routes.ts(4267,7): error TS1434: Unexpected keyword or 
identifier.
server/routes/order-to-cash-routes.ts(4267,28): error TS1005: ';' expected.
server/routes/order-to-cash-routes.ts(4279,7): error TS1434: Unexpected keyword or 
identifier.
server/routes/order-to-cash-routes.ts(4281,15): error TS1005: ';' expected.
server/routes/order-to-cash-routes.ts(4281,112): error TS1128: Declaration or statement 
expected.
server/routes/order-to-cash-routes.ts(4282,11): error TS1005: ';' expected.
server/routes/order-to-cash-routes.ts(4282,69): error TS1128: Declaration or statement 
expected.
server/routes/order-to-cash-routes.ts(4283,29): error TS1005: ';' expected.
server/routes/order-to-cash-routes.ts(4283,51): error TS1128: Declaration or statement 
expected.
server/routes/order-to-cash-routes.ts(4284,27): error TS1005: ';' expected.
server/routes/order-to-cash-routes.ts(4284,42): error TS1128: Declaration or statement 
expected.
server/routes/order-to-cash-routes.ts(4285,30): error TS1005: ';' expected.
server/routes/order-to-cash-routes.ts(4285,52): error TS1128: Declaration or statement 
expected.
server/routes/order-to-cash-routes.ts(4287,7): error TS1434: Unexpected keyword or 
identifier.
server/routes/order-to-cash-routes.ts(4287,19): error TS1005: ';' expected.
server/routes/order-to-cash-routes.ts(4293,9): error TS1434: Unexpected keyword or 
identifier.
server/routes/order-to-cash-routes.ts(4293,16): error TS1434: Unexpected keyword or 
identifier.
server/routes/order-to-cash-routes.ts(4294,9): error TS1435: Unknown keyword or 
identifier. Did you mean 'set'?
server/routes/order-to-cash-routes.ts(4296,9): error TS1435: Unknown keyword or 
identifier. Did you mean 'from'?
server/routes/order-to-cash-routes.ts(4296,14): error TS1434: Unexpected keyword or 
identifier.
server/routes/order-to-cash-routes.ts(4297,9): error TS1434: Unexpected keyword or 
identifier.
server/routes/order-to-cash-routes.ts(4297,33): error TS1005: ';' expected.
server/routes/order-to-cash-routes.ts(4298,11): error TS1434: Unexpected keyword or 
identifier.
server/routes/order-to-cash-routes.ts(4299,11): error TS1434: Unexpected keyword or 
identifier.
server/routes/order-to-cash-routes.ts(4305,7): error TS1109: Expression expected.
server/routes/order-to-cash-routes.ts(4305,8): error TS1109: Expression expected.
server/routes/order-to-cash-routes.ts(4306,14): error TS1005: ',' expected.
server/routes/order-to-cash-routes.ts(4306,19): error TS1005: ',' expected.
server/routes/order-to-cash-routes.ts(4306,53): error TS1005: ',' expected.
server/routes/order-to-cash-routes.ts(4306,58): error TS1005: ',' expected.
server/routes/order-to-cash-routes.ts(4306,60): error TS1005: ',' expected.
server/routes/order-to-cash-routes.ts(4307,9): error TS1435: Unknown keyword or 
identifier. Did you mean 'from'?
server/routes/order-to-cash-routes.ts(4307,14): error TS1434: Unexpected keyword or 
identifier.
server/routes/order-to-cash-routes.ts(4308,9): error TS1434: Unexpected keyword or 
identifier.
server/routes/order-to-cash-routes.ts(4308,14): error TS1434: Unexpected keyword or 
identifier.
server/routes/order-to-cash-routes.ts(4308,32): error TS1434: Unexpected keyword or 
identifier.
server/routes/order-to-cash-routes.ts(4308,36): error TS1434: Unexpected keyword or 
identifier.
server/routes/order-to-cash-routes.ts(4309,9): error TS1434: Unexpected keyword or 
identifier.
server/routes/order-to-cash-routes.ts(4309,37): error TS1005: ';' expected.
server/routes/order-to-cash-routes.ts(4316,11): error TS1434: Unexpected keyword or 
identifier.
server/routes/order-to-cash-routes.ts(4317,11): error TS1435: Unknown keyword or 
identifier. Did you mean 'set'?
server/routes/order-to-cash-routes.ts(4319,11): error TS1434: Unexpected keyword or 
identifier.
server/routes/order-to-cash-routes.ts(4319,23): error TS1005: ';' expected.
server/routes/order-to-cash-routes.ts(4321,18): error TS1005: ';' expected.
server/routes/order-to-cash-routes.ts(4321,24): error TS1434: Unexpected keyword or 
identifier.
server/routes/order-to-cash-routes.ts(4321,30): error TS1434: Unexpected keyword or 
identifier.
server/routes/order-to-cash-routes.ts(4321,83): error TS1005: ';' expected.
server/routes/order-to-cash-routes.ts(4321,88): error TS1005: ')' expected.
server/routes/order-to-cash-routes.ts(4321,97): error TS1434: Unexpected keyword or 
identifier.
server/routes/order-to-cash-routes.ts(4321,103): error TS1434: Unexpected keyword or 
identifier.
server/routes/order-to-cash-routes.ts(4321,112): error TS1128: Declaration or statement 
expected.
server/routes/order-to-cash-routes.ts(4325,14): error TS1005: ';' expected.
server/routes/order-to-cash-routes.ts(4325,22): error TS1434: Unexpected keyword or 
identifier.
server/routes/order-to-cash-routes.ts(4325,31): error TS1434: Unexpected keyword or 
identifier.
server/routes/order-to-cash-routes.ts(4325,61): error TS1434: Unexpected keyword or 
identifier.
server/routes/order-to-cash-routes.ts(4325,80): error TS1434: Unexpected keyword or 
identifier.
server/routes/order-to-cash-routes.ts(4326,26): error TS1005: ':' expected.
server/routes/order-to-cash-routes.ts(4326,52): error TS1005: ';' expected.
server/routes/order-to-cash-routes.ts(4326,73): error TS1005: ';' expected.
server/routes/order-to-cash-routes.ts(4326,73): error TS1434: Unexpected keyword or 
identifier.
server/routes/order-to-cash-routes.ts(4326,157): error TS1002: Unterminated string 
literal.
server/routes/order-to-cash-routes.ts(4464,15): error TS1005: ',' expected.
server/routes/order-to-cash-routes.ts(4464,22): error TS1005: ',' expected.
server/routes/order-to-cash-routes.ts(4464,40): error TS1005: ',' expected.
server/routes/order-to-cash-routes.ts(4464,45): error TS1005: ',' expected.
server/routes/order-to-cash-routes.ts(4464,76): error TS1005: ',' expected.
server/routes/order-to-cash-routes.ts(4465,15): error TS1005: ',' expected.
server/routes/order-to-cash-routes.ts(4465,21): error TS1005: ',' expected.
server/routes/order-to-cash-routes.ts(4465,47): error TS1005: ',' expected.
server/routes/order-to-cash-routes.ts(4465,59): error TS1005: ',' expected.
server/routes/order-to-cash-routes.ts(4465,63): error TS1005: ',' expected.
server/routes/order-to-cash-routes.ts(4466,15): error TS1005: ',' expected.
server/routes/order-to-cash-routes.ts(4466,21): error TS1005: ',' expected.
server/routes/order-to-cash-routes.ts(4479,17): error TS1005: ',' expected.
server/routes/order-to-cash-routes.ts(4479,24): error TS1005: ',' expected.
server/routes/order-to-cash-routes.ts(4479,27): error TS1005: ',' expected.
server/routes/order-to-cash-routes.ts(4479,32): error TS1005: ',' expected.
server/routes/order-to-cash-routes.ts(4479,44): error TS1005: ',' expected.
server/routes/order-to-cash-routes.ts(4479,50): error TS1005: ',' expected.
server/routes/order-to-cash-routes.ts(4479,63): error TS1005: ',' expected.
server/routes/order-to-cash-routes.ts(4479,69): error TS1005: ',' expected.
server/routes/order-to-cash-routes.ts(4479,70): error TS1005: ',' expected.
server/routes/order-to-cash-routes.ts(4479,82): error TS1005: ',' expected.
server/routes/order-to-cash-routes.ts(4479,86): error TS1005: ',' expected.
server/routes/order-to-cash-routes.ts(4479,103): error TS1005: ',' expected.
server/routes/order-to-cash-routes.ts(4479,109): error TS1005: ',' expected.
server/routes/order-to-cash-routes.ts(4486,23): error TS1005: ',' expected.
server/routes/order-to-cash-routes.ts(4486,27): error TS1005: ',' expected.
server/routes/order-to-cash-routes.ts(4486,29): error TS1005: ',' expected.
server/routes/order-to-cash-routes.ts(4486,34): error TS1005: ',' expected.
server/routes/order-to-cash-routes.ts(4486,37): error TS1005: ',' expected.
server/routes/order-to-cash-routes.ts(4486,45): error TS1005: ',' expected.
server/routes/order-to-cash-routes.ts(4486,49): error TS1005: '(' expected.
server/routes/order-to-cash-routes.ts(4486,50): error TS1005: ';' expected.
server/routes/order-to-cash-routes.ts(4486,59): error TS1005: ';' expected.
server/routes/order-to-cash-routes.ts(4524,32): error TS1005: ',' expected.
server/routes/order-to-cash-routes.ts(4524,40): error TS1005: ',' expected.
server/routes/order-to-cash-routes.ts(4524,46): error TS1005: ',' expected.
server/routes/order-to-cash-routes.ts(4524,49): error TS1005: ',' expected.
server/routes/order-to-cash-routes.ts(4524,59): error TS1005: ',' expected.
server/routes/order-to-cash-routes.ts(4534,13): error TS1005: ',' expected.
server/routes/order-to-cash-routes.ts(4534,19): error TS1005: ',' expected.
server/routes/order-to-cash-routes.ts(4534,25): error TS1005: ',' expected.
server/routes/order-to-cash-routes.ts(4534,44): error TS1005: ',' expected.
server/routes/order-to-cash-routes.ts(4534,48): error TS1005: ',' expected.
server/routes/order-to-cash-routes.ts(4534,55): error TS1005: ',' expected.
server/routes/order-to-cash-routes.ts(4534,58): error TS1005: ',' expected.
server/routes/order-to-cash-routes.ts(4534,62): error TS1005: ',' expected.
server/routes/order-to-cash-routes.ts(4534,69): error TS1005: ',' expected.
server/routes/order-to-cash-routes.ts(4534,88): error TS1005: ',' expected.
server/routes/order-to-cash-routes.ts(4537,13): error TS1005: ',' expected.
server/routes/order-to-cash-routes.ts(4537,19): error TS1005: ',' expected.
server/routes/order-to-cash-routes.ts(4537,25): error TS1005: ',' expected.
server/routes/order-to-cash-routes.ts(4537,44): error TS1005: ',' expected.
server/routes/order-to-cash-routes.ts(4537,48): error TS1005: ',' expected.
server/routes/order-to-cash-routes.ts(4537,55): error TS1005: ',' expected.
server/routes/order-to-cash-routes.ts(4537,58): error TS1005: ',' expected.
server/routes/order-to-cash-routes.ts(4537,62): error TS1005: ',' expected.
server/routes/order-to-cash-routes.ts(4537,69): error TS1005: ',' expected.
server/routes/order-to-cash-routes.ts(4537,94): error TS1005: ',' expected.
server/routes/order-to-cash-routes.ts(4540,13): error TS1005: ',' expected.
server/routes/order-to-cash-routes.ts(4540,20): error TS1005: ',' expected.
server/routes/order-to-cash-routes.ts(4541,13): error TS1005: ',' expected.
server/routes/order-to-cash-routes.ts(4541,17): error TS1005: ',' expected.
server/routes/order-to-cash-routes.ts(4541,39): error TS1005: ',' expected.
server/routes/order-to-cash-routes.ts(4543,13): error TS1005: ',' expected.
server/routes/order-to-cash-routes.ts(4543,19): error TS1005: ',' expected.
server/routes/order-to-cash-routes.ts(4543,25): error TS1005: ',' expected.
server/routes/order-to-cash-routes.ts(4547,16): error TS1005: ',' expected.
server/routes/order-to-cash-routes.ts(4547,20): error TS1005: ',' expected.
server/routes/order-to-cash-routes.ts(4547,23): error TS1005: ',' expected.
server/routes/order-to-cash-routes.ts(4547,29): error TS1005: ',' expected.
server/routes/order-to-cash-routes.ts(4547,32): error TS1005: ',' expected.
server/routes/order-to-cash-routes.ts(4547,52): error TS1005: ',' expected.
server/routes/order-to-cash-routes.ts(4547,54): error TS1005: ',' expected.
server/routes/order-to-cash-routes.ts(4547,79): error TS1005: ',' expected.
server/routes/order-to-cash-routes.ts(4547,85): error TS1005: ',' expected.
server/routes/order-to-cash-routes.ts(4547,109): error TS1005: ',' expected.
server/routes/order-to-cash-routes.ts(4547,111): error TS1005: ',' expected.
server/routes/order-to-cash-routes.ts(4547,137): error TS1005: ',' expected.
server/routes/order-to-cash-routes.ts(4547,139): error TS1005: ',' expected.
server/routes/order-to-cash-routes.ts(4550,10): error TS1472: 'catch' or 'finally' 
expected.
server/routes/order-to-cash-routes.ts(4565,3): error TS1005: 'try' expected.
server/routes/order-to-cash-routes.ts(4569,1): error TS1128: Declaration or statement 
expected.
server/routes/order-to-cash-routes.ts(4635,17): error TS1127: Invalid character.
server/routes/order-to-cash-routes.ts(4635,28): error TS1005: ',' expected.
server/routes/order-to-cash-routes.ts(4635,38): error TS1005: ',' expected.
server/routes/order-to-cash-routes.ts(4635,52): error TS1005: ',' expected.
server/routes/order-to-cash-routes.ts(4636,10): error TS1005: ',' expected.
server/routes/order-to-cash-routes.ts(4636,20): error TS1005: ',' expected.
server/routes/order-to-cash-routes.ts(4636,28): error TS1005: ',' expected.
server/routes/order-to-cash-routes.ts(4636,31): error TS1005: ',' expected.
server/routes/order-to-cash-routes.ts(4636,39): error TS1005: ',' expected.
server/routes/order-to-cash-routes.ts(4637,10): error TS1005: ',' expected.
server/routes/order-to-cash-routes.ts(4637,16): error TS1005: ',' expected.
server/routes/order-to-cash-routes.ts(4637,25): error TS1005: ',' expected.
server/routes/order-to-cash-routes.ts(4637,28): error TS1005: ',' expected.
server/routes/order-to-cash-routes.ts(4637,36): error TS1005: ',' expected.
server/routes/order-to-cash-routes.ts(4638,10): error TS1005: ',' expected.
server/routes/order-to-cash-routes.ts(4638,21): error TS1005: ',' expected.
server/routes/order-to-cash-routes.ts(4638,27): error TS1005: ',' expected.
server/routes/order-to-cash-routes.ts(4638,30): error TS1005: ',' expected.
server/routes/order-to-cash-routes.ts(4638,47): error TS1005: ',' expected.
server/routes/order-to-cash-routes.ts(4638,60): error TS1005: ',' expected.
server/routes/order-to-cash-routes.ts(4638,68): error TS1005: ',' expected.
server/routes/order-to-cash-routes.ts(4638,69): error TS1472: 'catch' or 'finally' 
expected.
server/routes/order-to-cash-routes.ts(4639,10): error TS1005: ';' expected.
server/routes/order-to-cash-routes.ts(4639,27): error TS1434: Unexpected keyword or 
identifier.
server/routes/order-to-cash-routes.ts(4640,45): error TS1005: ';' expected.
server/routes/order-to-cash-routes.ts(4640,54): error TS1434: Unexpected keyword or 
identifier.
server/routes/order-to-cash-routes.ts(4640,94): error TS1003: Identifier expected.
server/routes/order-to-cash-routes.ts(4640,94): error TS1443: Module declaration names 
may only use ' or " quoted strings.
server/routes/order-to-cash-routes.ts(4640,101): error TS1002: Unterminated string 
literal.
server/routes/order-to-cash-routes.ts(4643,3): error TS1128: Declaration or statement 
expected.
server/routes/order-to-cash-routes.ts(4643,5): error TS1005: 'try' expected.
server/routes/order-to-cash-routes.ts(4650,1): error TS1128: Declaration or statement 
expected.
server/routes/order-to-cash-routes.ts(4650,2): error TS1128: Declaration or statement 
expected.
server/routes/order-to-cash-routes.ts(4818,59): error TS1005: ',' expected.
server/routes/order-to-cash-routes.ts(4818,60): error TS1005: ',' expected.
server/routes/order-to-cash-routes.ts(4818,70): error TS1005: ',' expected.
server/routes/order-to-cash-routes.ts(4818,95): error TS1005: ',' expected.
server/routes/order-to-cash-routes.ts(4818,98): error TS1005: ',' expected.
server/routes/order-to-cash-routes.ts(4818,108): error TS1005: ',' expected.
server/routes/order-to-cash-routes.ts(4818,123): error TS1005: ',' expected.
server/routes/order-to-cash-routes.ts(4818,127): error TS1005: ',' expected.
server/routes/order-to-cash-routes.ts(4830,18): error TS1005: ',' expected.
server/routes/order-to-cash-routes.ts(4830,19): error TS1127: Invalid character.
server/routes/order-to-cash-routes.ts(4830,21): error TS1127: Invalid character.
server/routes/order-to-cash-routes.ts(4830,23): error TS1127: Invalid character.
server/routes/order-to-cash-routes.ts(4830,26): error TS1127: Invalid character.
server/routes/order-to-cash-routes.ts(4830,27): error TS1127: Invalid character.
server/routes/order-to-cash-routes.ts(4830,38): error TS1005: ',' expected.
server/routes/order-to-cash-routes.ts(4830,45): error TS1005: ',' expected.
server/routes/order-to-cash-routes.ts(4830,50): error TS1005: ',' expected.
server/routes/order-to-cash-routes.ts(4830,53): error TS1005: ',' expected.
server/routes/order-to-cash-routes.ts(4830,81): error TS1005: ',' expected.
server/routes/order-to-cash-routes.ts(4830,84): error TS1005: ',' expected.
server/routes/order-to-cash-routes.ts(4831,22): error TS1005: ',' expected.
server/routes/order-to-cash-routes.ts(4831,28): error TS1135: Argument expression 
expected.
server/routes/order-to-cash-routes.ts(4831,37): error TS1002: Unterminated string 
literal.
server/routes/order-to-cash-routes.ts(4832,7): error TS1005: ',' expected.
server/routes/order-to-cash-routes.ts(4832,10): error TS1003: Identifier expected.
server/routes/order-to-cash-routes.ts(4832,26): error TS1005: ',' expected.
server/routes/order-to-cash-routes.ts(4832,53): error TS1005: ',' expected.
server/routes/order-to-cash-routes.ts(4832,55): error TS1005: ',' expected.
server/routes/order-to-cash-routes.ts(4833,14): error TS1005: ',' expected.
server/routes/order-to-cash-routes.ts(4833,73): error TS1005: ',' expected.
server/routes/order-to-cash-routes.ts(4834,14): error TS1005: ':' expected.
server/routes/order-to-cash-routes.ts(4837,9): error TS1005: ',' expected.
server/routes/order-to-cash-routes.ts(4841,5): error TS1005: ',' expected.
server/routes/order-to-cash-routes.ts(4879,38): error TS1005: ',' expected.
server/routes/order-to-cash-routes.ts(4879,39): error TS1005: ',' expected.
server/routes/order-to-cash-routes.ts(4879,56): error TS1005: ',' expected.
server/routes/order-to-cash-routes.ts(4880,3): error TS1005: ',' expected.
server/routes/order-to-cash-routes.ts(4880,4): error TS1128: Declaration or statement 
expected.
server/routes/order-to-cash-routes.ts(4881,1): error TS1128: Declaration or statement 
expected.
server/routes/order-to-cash-routes.ts(4888,34): error TS1005: ',' expected.
server/routes/order-to-cash-routes.ts(4888,35): error TS1005: ',' expected.
server/routes/order-to-cash-routes.ts(4888,52): error TS1005: ',' expected.
server/routes/order-to-cash-routes.ts(4889,3): error TS1005: ',' expected.
server/routes/order-to-cash-routes.ts(4889,4): error TS1128: Declaration or statement 
expected.
server/routes/order-to-cash-routes.ts(4890,1): error TS1128: Declaration or statement 
expected.
server/routes/order-to-cash-routes.ts(5128,3): error TS1128: Declaration or statement 
expected.
server/routes/order-to-cash-routes.ts(5128,5): error TS1005: 'try' expected.
server/routes/order-to-cash-routes.ts(5140,1): error TS1128: Declaration or statement 
expected.
server/routes/order-to-cash-routes.ts(5140,2): error TS1128: Declaration or statement 
expected.
server/routes/order-to-cash-routes.ts(6353,15): error TS1005: '}' expected.
server/routes/order-to-cash-routes.ts(6353,17): error TS1136: Property assignment 
expected.
server/routes/order-to-cash-routes.ts(6431,24): error TS1005: '(' expected.
server/routes/order-to-cash-routes.ts(6431,28): error TS1005: ',' expected.
server/routes/order-to-cash-routes.ts(6431,29): error TS1109: Expression expected.
server/routes/order-to-cash-routes.ts(6432,22): error TS1005: ';' expected.
server/routes/order-to-cash-routes.ts(6433,24): error TS1005: ';' expected.
server/routes/order-to-cash-routes.ts(6434,27): error TS1005: ';' expected.
server/routes/order-to-cash-routes.ts(6437,32): error TS1005: ';' expected.
server/routes/order-to-cash-routes.ts(6439,20): error TS1005: ';' expected.
server/routes/order-to-cash-routes.ts(6440,19): error TS1005: ';' expected.
server/routes/order-to-cash-routes.ts(6441,23): error TS1005: ';' expected.
server/routes/order-to-cash-routes.ts(6442,28): error TS1005: ';' expected.
server/routes/order-to-cash-routes.ts(6443,31): error TS1005: ';' expected.
server/routes/order-to-cash-routes.ts(6444,35): error TS1005: ';' expected.
server/routes/order-to-cash-routes.ts(6445,36): error TS1005: ';' expected.
server/routes/order-to-cash-routes.ts(6446,31): error TS1005: ';' expected.
server/routes/order-to-cash-routes.ts(6448,4): error TS1472: 'catch' or 'finally' 
expected.
server/routes/order-to-cash-routes.ts(6462,3): error TS1005: ',' expected.
server/routes/order-to-cash-routes.ts(6469,1): error TS1128: Declaration or statement 
expected.
server/routes/order-to-cash-routes.ts(6469,2): error TS1128: Declaration or statement 
expected.
server/routes/order-to-cash-routes.ts(6754,353): error TS1005: ':' expected.
server/routes/order-to-cash-routes.ts(6755,25): error TS1005: '}' expected.
server/routes/order-to-cash-routes.ts(6755,41): error TS1005: ',' expected.
server/routes/order-to-cash-routes.ts(6756,37): error TS1005: ',' expected.
server/routes/order-to-cash-routes.ts(6756,39): error TS1134: Variable declaration 
expected.
server/routes/order-to-cash-routes.ts(6756,55): error TS1005: ';' expected.
server/routes/order-to-cash-routes.ts(6757,19): error TS1005: ';' expected.
server/routes/order-to-cash-routes.ts(6758,17): error TS1005: ';' expected.
server/routes/order-to-cash-routes.ts(6759,24): error TS1005: ';' expected.
server/routes/order-to-cash-routes.ts(6760,4): error TS1472: 'catch' or 'finally' 
expected.
server/routes/order-to-cash-routes.ts(6768,3): error TS1005: ',' expected.
server/routes/order-to-cash-routes.ts(6775,1): error TS1128: Declaration or statement 
expected.
server/routes/order-to-cash-routes.ts(6775,2): error TS1128: Declaration or statement 
expected.
server/routes/order-to-cash-routes.ts(6838,5): error TS1005: ':' expected.
server/routes/order-to-cash-routes.ts(6843,17): error TS1005: ',' expected.
server/routes/order-to-cash-routes.ts(6843,25): error TS1005: ',' expected.
server/routes/order-to-cash-routes.ts(6843,30): error TS1005: ',' expected.
server/routes/order-to-cash-routes.ts(6843,40): error TS1005: ',' expected.
server/routes/order-to-cash-routes.ts(6843,44): error TS1005: ':' expected.
server/routes/order-to-cash-routes.ts(6843,45): error TS1005: ',' expected.
server/routes/order-to-cash-routes.ts(6843,62): error TS1005: ',' expected.
server/routes/order-to-cash-routes.ts(6939,17): error TS1005: ';' expected.
server/routes/order-to-cash-routes.ts(6939,30): error TS1434: Unexpected keyword or 
identifier.
server/routes/order-to-cash-routes.ts(6939,52): error TS1434: Unexpected keyword or 
identifier.
server/routes/order-to-cash-routes.ts(6939,102): error TS1443: Module declaration names 
may only use ' or " quoted strings.
server/routes/order-to-cash-routes.ts(6975,17): error TS1434: Unexpected keyword or 
identifier.
server/routes/order-to-cash-routes.ts(6975,26): error TS1434: Unexpected keyword or 
identifier.
server/routes/order-to-cash-routes.ts(6975,38): error TS1434: Unexpected keyword or 
identifier.
server/routes/order-to-cash-routes.ts(6975,52): error TS1005: '(' expected.
server/routes/order-to-cash-routes.ts(6975,53): error TS1005: ';' expected.
server/routes/order-to-cash-routes.ts(6975,66): error TS1005: ',' expected.
server/routes/order-to-cash-routes.ts(6975,88): error TS1005: ';' expected.
server/routes/order-to-cash-routes.ts(7015,17): error TS1005: ')' expected.
server/routes/order-to-cash-routes.ts(7015,24): error TS1434: Unexpected keyword or 
identifier.
server/routes/order-to-cash-routes.ts(7015,49): error TS1434: Unexpected keyword or 
identifier.
server/routes/order-to-cash-routes.ts(7015,89): error TS1434: Unexpected keyword or 
identifier.
server/routes/order-to-cash-routes.ts(7015,98): error TS1434: Unexpected keyword or 
identifier.
server/routes/order-to-cash-routes.ts(7015,105): error TS1434: Unexpected keyword or 
identifier.
server/routes/order-to-cash-routes.ts(7049,7): error TS1435: Unknown keyword or 
identifier. Did you mean 'from'?
server/routes/order-to-cash-routes.ts(7049,12): error TS1434: Unexpected keyword or 
identifier.
server/routes/order-to-cash-routes.ts(7050,7): error TS1434: Unexpected keyword or 
identifier.
server/routes/order-to-cash-routes.ts(7050,31): error TS1005: ';' expected.
server/routes/order-to-cash-routes.ts(7051,9): error TS1434: Unexpected keyword or 
identifier.
server/routes/order-to-cash-routes.ts(7052,7): error TS1434: Unexpected keyword or 
identifier.
server/routes/order-to-cash-routes.ts(7052,13): error TS1434: Unexpected keyword or 
identifier.
server/routes/order-to-cash-routes.ts(7052,30): error TS1005: ';' expected.
server/routes/order-to-cash-routes.ts(7085,7): error TS1434: Unexpected keyword or 
identifier.
server/routes/order-to-cash-routes.ts(7086,7): error TS1435: Unknown keyword or 
identifier. Did you mean 'from'?
server/routes/order-to-cash-routes.ts(7087,7): error TS1434: Unexpected keyword or 
identifier.
server/routes/order-to-cash-routes.ts(7088,7): error TS1434: Unexpected keyword or 
identifier.
server/routes/order-to-cash-routes.ts(7088,13): error TS1434: Unexpected keyword or 
identifier.
server/routes/order-to-cash-routes.ts(7108,7): error TS1434: Unexpected keyword or 
identifier.
server/routes/order-to-cash-routes.ts(7111,7): error TS1435: Unknown keyword or 
identifier. Did you mean 'from'?
server/routes/order-to-cash-routes.ts(7112,7): error TS1434: Unexpected keyword or 
identifier.
server/routes/order-to-cash-routes.ts(7113,7): error TS1434: Unexpected keyword or 
identifier.
server/routes/order-to-cash-routes.ts(7113,13): error TS1434: Unexpected keyword or 
identifier.
server/routes/order-to-cash-routes.ts(7133,7): error TS1434: Unexpected keyword or 
identifier.
server/routes/order-to-cash-routes.ts(7135,7): error TS1435: Unknown keyword or 
identifier. Did you mean 'from'?
server/routes/order-to-cash-routes.ts(7136,7): error TS1434: Unexpected keyword or 
identifier.
server/routes/order-to-cash-routes.ts(7137,7): error TS1434: Unexpected keyword or 
identifier.
server/routes/order-to-cash-routes.ts(7137,13): error TS1434: Unexpected keyword or 
identifier.
server/routes/order-to-cash-routes.ts(7157,7): error TS1434: Unexpected keyword or 
identifier.
server/routes/order-to-cash-routes.ts(7159,7): error TS1435: Unknown keyword or 
identifier. Did you mean 'from'?
server/routes/order-to-cash-routes.ts(7160,7): error TS1434: Unexpected keyword or 
identifier.
server/routes/order-to-cash-routes.ts(7161,7): error TS1434: Unexpected keyword or 
identifier.
server/routes/order-to-cash-routes.ts(7161,13): error TS1434: Unexpected keyword or 
identifier.
server/routes/order-to-cash-routes.ts(7181,7): error TS1434: Unexpected keyword or 
identifier.
server/routes/order-to-cash-routes.ts(7183,7): error TS1435: Unknown keyword or 
identifier. Did you mean 'from'?
server/routes/order-to-cash-routes.ts(7184,7): error TS1434: Unexpected keyword or 
identifier.
server/routes/order-to-cash-routes.ts(7185,7): error TS1434: Unexpected keyword or 
identifier.
server/routes/order-to-cash-routes.ts(7185,13): error TS1434: Unexpected keyword or 
identifier.
server/routes/order-to-cash-routes.ts(7249,7): error TS1435: Unknown keyword or 
identifier. Did you mean 'from'?
server/routes/order-to-cash-routes.ts(7249,12): error TS1434: Unexpected keyword or 
identifier.
server/routes/order-to-cash-routes.ts(7250,7): error TS1434: Unexpected keyword or 
identifier.
server/routes/order-to-cash-routes.ts(7250,12): error TS1434: Unexpected keyword or 
identifier.
server/routes/order-to-cash-routes.ts(7250,30): error TS1434: Unexpected keyword or 
identifier.
server/routes/order-to-cash-routes.ts(7250,34): error TS1434: Unexpected keyword or 
identifier.
server/routes/order-to-cash-routes.ts(7251,7): error TS1435: Unknown keyword or 
identifier. Did you mean 'let'?
server/routes/order-to-cash-routes.ts(7251,12): error TS1434: Unexpected keyword or 
identifier.
server/routes/order-to-cash-routes.ts(7251,17): error TS1434: Unexpected keyword or 
identifier.
server/routes/order-to-cash-routes.ts(7251,27): error TS1434: Unexpected keyword or 
identifier.
server/routes/order-to-cash-routes.ts(7251,29): error TS1434: Unexpected keyword or 
identifier.
server/routes/order-to-cash-routes.ts(7252,7): error TS1435: Unknown keyword or 
identifier. Did you mean 'let'?
server/routes/order-to-cash-routes.ts(7252,12): error TS1434: Unexpected keyword or 
identifier.
server/routes/order-to-cash-routes.ts(7252,17): error TS1434: Unexpected keyword or 
identifier.
server/routes/order-to-cash-routes.ts(7252,24): error TS1434: Unexpected keyword or 
identifier.
server/routes/order-to-cash-routes.ts(7252,27): error TS1434: Unexpected keyword or 
identifier.
server/routes/order-to-cash-routes.ts(7253,7): error TS1435: Unknown keyword or 
identifier. Did you mean 'let'?
server/routes/order-to-cash-routes.ts(7253,12): error TS1434: Unexpected keyword or 
identifier.
server/routes/order-to-cash-routes.ts(7253,17): error TS1434: Unexpected keyword or 
identifier.
server/routes/order-to-cash-routes.ts(7253,35): error TS1434: Unexpected keyword or 
identifier.
server/routes/order-to-cash-routes.ts(7253,41): error TS1434: Unexpected keyword or 
identifier.
server/routes/order-to-cash-routes.ts(7254,7): error TS1434: Unexpected keyword or 
identifier.
server/routes/order-to-cash-routes.ts(7254,34): error TS1005: ';' expected.
server/routes/order-to-cash-routes.ts(7255,10): error TS1005: ';' expected.
server/routes/order-to-cash-routes.ts(7255,69): error TS1002: Unterminated string 
literal.
server/routes/order-to-cash-routes.ts(7256,14): error TS1005: ';' expected.
server/routes/order-to-cash-routes.ts(7256,18): error TS1434: Unexpected keyword or 
identifier.
server/routes/order-to-cash-routes.ts(7256,24): error TS1434: Unexpected keyword or 
identifier.
server/routes/order-to-cash-routes.ts(7256,27): error TS1434: Unexpected keyword or 
identifier.
server/routes/order-to-cash-routes.ts(7256,33): error TS1434: Unexpected keyword or 
identifier.
server/routes/order-to-cash-routes.ts(7256,44): error TS1434: Unexpected keyword or 
identifier.
server/routes/order-to-cash-routes.ts(7256,51): error TS1434: Unexpected keyword or 
identifier.
server/routes/order-to-cash-routes.ts(7256,64): error TS1005: '(' expected.
server/routes/order-to-cash-routes.ts(7256,68): error TS1005: ')' expected.
server/routes/order-to-cash-routes.ts(7257,7): error TS1434: Unexpected keyword or 
identifier.
server/routes/order-to-cash-routes.ts(7257,13): error TS1434: Unexpected keyword or 
identifier.
server/routes/order-to-cash-routes.ts(7280,19): error TS1005: ';' expected.
server/routes/order-to-cash-routes.ts(7281,7): error TS1434: Unexpected keyword or 
identifier.
server/routes/order-to-cash-routes.ts(7281,19): error TS1005: ';' expected.
server/routes/order-to-cash-routes.ts(7297,17): error TS1005: ';' expected.
server/routes/order-to-cash-routes.ts(7297,23): error TS1434: Unexpected keyword or 
identifier.
server/routes/order-to-cash-routes.ts(7297,41): error TS1005: ',' expected.
server/routes/order-to-cash-routes.ts(7297,60): error TS1005: ';' expected.
server/routes/order-to-cash-routes.ts(7297,65): error TS1434: Unexpected keyword or 
identifier.
server/routes/order-to-cash-routes.ts(7297,71): error TS1434: Unexpected keyword or 
identifier.
server/routes/order-to-cash-routes.ts(7297,91): error TS1005: ',' expected.
server/routes/order-to-cash-routes.ts(7297,108): error TS1443: Module declaration names 
may only use ' or " quoted strings.
server/routes/order-to-cash-routes.ts(7315,19): error TS1434: Unexpected keyword or 
identifier.
server/routes/order-to-cash-routes.ts(7315,27): error TS1434: Unexpected keyword or 
identifier.
server/routes/order-to-cash-routes.ts(7315,32): error TS1435: Unknown keyword or 
identifier. Did you mean 'for mat'?
server/routes/order-to-cash-routes.ts(7315,43): error TS1005: '(' expected.
server/routes/order-to-cash-routes.ts(7315,58): error TS1005: ';' expected.
server/routes/order-to-cash-routes.ts(7315,77): error TS1005: ';' expected.
server/routes/order-to-cash-routes.ts(7315,79): error TS1434: Unexpected keyword or 
identifier.
server/routes/order-to-cash-routes.ts(7323,7): error TS1434: Unexpected keyword or 
identifier.
server/routes/order-to-cash-routes.ts(7324,7): error TS1435: Unknown keyword or 
identifier. Did you mean 'from'?
server/routes/order-to-cash-routes.ts(7325,7): error TS1434: Unexpected keyword or 
identifier.
server/routes/order-to-cash-routes.ts(7325,31): error TS1005: ';' expected.
server/routes/order-to-cash-routes.ts(7336,9): error TS1434: Unexpected keyword or 
identifier.
server/routes/order-to-cash-routes.ts(7337,9): error TS1435: Unknown keyword or 
identifier. Did you mean 'set'?
server/routes/order-to-cash-routes.ts(7337,34): error TS1005: ';' expected.
server/routes/order-to-cash-routes.ts(7337,65): error TS1128: Declaration or statement 
expected.
server/routes/order-to-cash-routes.ts(7338,27): error TS1005: ';' expected.
server/routes/order-to-cash-routes.ts(7338,58): error TS1128: Declaration or statement 
expected.
server/routes/order-to-cash-routes.ts(7339,27): error TS1005: ';' expected.
server/routes/order-to-cash-routes.ts(7340,9): error TS1434: Unexpected keyword or 
identifier.
server/routes/order-to-cash-routes.ts(7340,21): error TS1005: ';' expected.
server/routes/order-to-cash-routes.ts(7345,9): error TS1435: Unknown keyword or 
identifier. Did you mean 'delete'?
server/routes/order-to-cash-routes.ts(7345,16): error TS1435: Unknown keyword or 
identifier. Did you mean 'from'?
server/routes/order-to-cash-routes.ts(7345,21): error TS1434: Unexpected keyword or 
identifier.
server/routes/order-to-cash-routes.ts(7345,48): error TS1434: Unexpected keyword or 
identifier.
server/routes/order-to-cash-routes.ts(7345,60): error TS1005: ';' expected.
server/routes/order-to-cash-routes.ts(7367,11): error TS1434: Unexpected keyword or 
identifier.
server/routes/order-to-cash-routes.ts(7367,18): error TS1434: Unexpected keyword or 
identifier.
server/routes/order-to-cash-routes.ts(7372,7): error TS1005: ';' expected.
server/routes/order-to-cash-routes.ts(7373,8): error TS1005: ',' expected.
server/routes/order-to-cash-routes.ts(7373,18): error TS1005: ',' expected.
server/routes/order-to-cash-routes.ts(7374,8): error TS1005: ',' expected.
server/routes/order-to-cash-routes.ts(7374,18): error TS1005: ',' expected.
server/routes/order-to-cash-routes.ts(7375,8): error TS1005: ',' expected.
server/routes/order-to-cash-routes.ts(7376,8): error TS1005: ',' expected.
server/routes/order-to-cash-routes.ts(7377,8): error TS1005: ',' expected.
server/routes/order-to-cash-routes.ts(7379,8): error TS1005: ',' expected.
server/routes/order-to-cash-routes.ts(7380,8): error TS1005: ',' expected.
server/routes/order-to-cash-routes.ts(7380,15): error TS1005: ',' expected.
server/routes/order-to-cash-routes.ts(7381,8): error TS1005: ',' expected.
server/routes/order-to-cash-routes.ts(7381,15): error TS1005: ',' expected.
server/routes/order-to-cash-routes.ts(7384,7): error TS1005: ';' expected.
server/routes/order-to-cash-routes.ts(7389,24): error TS1005: ';' expected.
server/routes/order-to-cash-routes.ts(7389,30): error TS1434: Unexpected keyword or 
identifier.
server/routes/order-to-cash-routes.ts(7389,40): error TS1434: Unexpected keyword or 
identifier.
server/routes/order-to-cash-routes.ts(7389,46): error TS1434: Unexpected keyword or 
identifier.
server/routes/order-to-cash-routes.ts(7389,56): error TS1128: Declaration or statement 
expected.
server/routes/order-to-cash-routes.ts(7392,26): error TS1005: ';' expected.
server/routes/order-to-cash-routes.ts(7392,33): error TS1434: Unexpected keyword or 
identifier.
server/routes/order-to-cash-routes.ts(7392,36): error TS1434: Unexpected keyword or 
identifier.
server/routes/order-to-cash-routes.ts(7392,43): error TS1434: Unexpected keyword or 
identifier.
server/routes/order-to-cash-routes.ts(7392,49): error TS1434: Unexpected keyword or 
identifier.
server/routes/order-to-cash-routes.ts(7392,59): error TS1128: Declaration or statement 
expected.
server/routes/order-to-cash-routes.ts(7392,61): error TS1434: Unexpected keyword or 
identifier.
server/routes/order-to-cash-routes.ts(7392,134): error TS1005: ';' expected.
server/routes/order-to-cash-routes.ts(7393,7): error TS1128: Declaration or statement 
expected.
server/routes/order-to-cash-routes.ts(7394,5): error TS1128: Declaration or statement 
expected.
server/routes/order-to-cash-routes.ts(7408,3): error TS1128: Declaration or statement 
expected.
server/routes/order-to-cash-routes.ts(7408,5): error TS1005: 'try' expected.
server/routes/order-to-cash-routes.ts(7415,1): error TS1128: Declaration or statement 
expected.
server/routes/order-to-cash-routes.ts(7415,2): error TS1128: Declaration or statement 
expected.
server/routes/order-to-cash-routes.ts(7849,33): error TS1005: ',' expected.
server/routes/order-to-cash-routes.ts(7849,41): error TS1005: ',' expected.
server/routes/order-to-cash-routes.ts(7849,45): error TS1005: ',' expected.
server/routes/order-to-cash-routes.ts(7849,50): error TS1005: ',' expected.
server/routes/order-to-cash-routes.ts(7849,54): error TS1005: ',' expected.
server/routes/order-to-cash-routes.ts(7849,69): error TS1005: ',' expected.
server/routes/order-to-cash-routes.ts(7849,84): error TS1109: Expression expected.
server/routes/order-to-cash-routes.ts(7849,98): error TS1005: ',' expected.
server/routes/order-to-cash-routes.ts(7849,108): error TS1005: ',' expected.
server/routes/order-to-cash-routes.ts(7886,22): error TS1005: ',' expected.
server/routes/order-to-cash-routes.ts(7886,25): error TS1005: ',' expected.
server/routes/order-to-cash-routes.ts(7886,34): error TS1005: ',' expected.
server/routes/order-to-cash-routes.ts(7886,39): error TS1005: ',' expected.
server/routes/order-to-cash-routes.ts(7886,47): error TS1005: ',' expected.
server/routes/order-to-cash-routes.ts(7886,51): error TS1005: ',' expected.
server/routes/order-to-cash-routes.ts(7886,54): error TS1005: ',' expected.
server/routes/order-to-cash-routes.ts(7886,67): error TS1005: ',' expected.
server/routes/order-to-cash-routes.ts(7886,85): error TS1005: ',' expected.
server/routes/order-to-cash-routes.ts(7886,86): error TS1127: Invalid character.
server/routes/order-to-cash-routes.ts(7886,88): error TS1127: Invalid character.
server/routes/order-to-cash-routes.ts(7886,91): error TS1127: Invalid character.
server/routes/order-to-cash-routes.ts(7886,92): error TS1127: Invalid character.
server/routes/order-to-cash-routes.ts(7886,95): error TS1005: ',' expected.
server/routes/order-to-cash-routes.ts(7886,110): error TS1005: ',' expected.
server/routes/order-to-cash-routes.ts(7886,111): error TS1127: Invalid character.
server/routes/order-to-cash-routes.ts(7886,113): error TS1127: Invalid character.
server/routes/order-to-cash-routes.ts(7886,116): error TS1127: Invalid character.
server/routes/order-to-cash-routes.ts(7886,117): error TS1127: Invalid character.
server/routes/order-to-cash-routes.ts(7886,120): error TS1005: ',' expected.
server/routes/order-to-cash-routes.ts(8006,232): error TS1005: '}' expected.
server/routes/order-to-cash-routes.ts(8387,7): error TS1005: 'try' expected.
server/routes/order-to-cash-routes.ts(8394,4): error TS1472: 'catch' or 'finally' 
expected.
server/routes/order-to-cash-routes.ts(8704,13): error TS1005: ',' expected.
server/routes/order-to-cash-routes.ts(8704,14): error TS1005: ',' expected.
server/routes/order-to-cash-routes.ts(8704,15): error TS1180: Property destructuring 
pattern expected.
server/routes/order-to-cash-routes.ts(8705,9): error TS1005: ',' expected.
server/routes/order-to-cash-routes.ts(8705,11): error TS1005: ',' expected.
server/routes/order-to-cash-routes.ts(8705,22): error TS1005: ',' expected.
server/routes/order-to-cash-routes.ts(8707,23): error TS1005: ',' expected.
server/routes/order-to-cash-routes.ts(8707,29): error TS1005: ',' expected.
server/routes/order-to-cash-routes.ts(8707,33): error TS1005: ',' expected.
server/routes/order-to-cash-routes.ts(8707,39): error TS1005: ',' expected.
server/routes/order-to-cash-routes.ts(8707,42): error TS1005: ',' expected.
server/routes/order-to-cash-routes.ts(8707,43): error TS1136: Property assignment 
expected.
server/routes/order-to-cash-routes.ts(8707,133): error TS1005: ')' expected.
server/routes/order-to-cash-routes.ts(8710,124): error TS1005: '}' expected.
server/routes/order-to-cash-routes.ts(8753,6): error TS1005: '}' expected.
server/routes/order-to-cash-routes.ts(8757,43): error TS1005: ',' expected.
server/routes/order-to-cash-routes.ts(8757,53): error TS1005: ')' expected.
server/routes/order-to-cash-routes.ts(8774,7): error TS1434: Unexpected keyword or 
identifier.
server/routes/order-to-cash-routes.ts(8775,14): error TS1005: ',' expected.
server/routes/order-to-cash-routes.ts(8775,19): error TS1005: ',' expected.
server/routes/order-to-cash-routes.ts(8776,9): error TS1005: ',' expected.
server/routes/order-to-cash-routes.ts(8776,15): error TS1005: ',' expected.
server/routes/order-to-cash-routes.ts(8777,9): error TS1005: ',' expected.
server/routes/order-to-cash-routes.ts(8777,13): error TS1005: ',' expected.
server/routes/order-to-cash-routes.ts(8801,15): error TS1005: ')' expected.
server/routes/order-to-cash-routes.ts(8801,21): error TS1109: Expression expected.
server/routes/order-to-cash-routes.ts(8801,22): error TS1109: Expression expected.
server/routes/order-to-cash-routes.ts(8801,24): error TS1005: ';' expected.
server/routes/order-to-cash-routes.ts(8801,29): error TS1434: Unexpected keyword or 
identifier.
server/routes/order-to-cash-routes.ts(8801,47): error TS1434: Unexpected keyword or 
identifier.
server/routes/order-to-cash-routes.ts(8801,87): error TS1005: ';' expected.
server/routes/order-to-cash-routes.ts(8802,7): error TS1435: Unknown keyword or 
identifier. Did you mean 'from'?
server/routes/order-to-cash-routes.ts(8802,12): error TS1434: Unexpected keyword or 
identifier.
server/routes/order-to-cash-routes.ts(8803,7): error TS1435: Unknown keyword or 
identifier. Did you mean 'let'?
server/routes/order-to-cash-routes.ts(8803,12): error TS1434: Unexpected keyword or 
identifier.
server/routes/order-to-cash-routes.ts(8803,17): error TS1434: Unexpected keyword or 
identifier.
server/routes/order-to-cash-routes.ts(8803,30): error TS1434: Unexpected keyword or 
identifier.
server/routes/order-to-cash-routes.ts(8803,33): error TS1434: Unexpected keyword or 
identifier.
server/routes/order-to-cash-routes.ts(8804,7): error TS1435: Unknown keyword or 
identifier. Did you mean 'let'?
server/routes/order-to-cash-routes.ts(8804,12): error TS1434: Unexpected keyword or 
identifier.
server/routes/order-to-cash-routes.ts(8804,17): error TS1434: Unexpected keyword or 
identifier.
server/routes/order-to-cash-routes.ts(8804,31): error TS1434: Unexpected keyword or 
identifier.
server/routes/order-to-cash-routes.ts(8804,33): error TS1434: Unexpected keyword or 
identifier.
server/routes/order-to-cash-routes.ts(8805,7): error TS1434: Unexpected keyword or 
identifier.
server/routes/order-to-cash-routes.ts(8805,23): error TS1005: ';' expected.
server/routes/order-to-cash-routes.ts(8806,7): error TS1434: Unexpected keyword or 
identifier.
server/routes/order-to-cash-routes.ts(8806,11): error TS1434: Unexpected keyword or 
identifier.
server/routes/order-to-cash-routes.ts(8807,16): error TS1005: ',' expected.
server/routes/order-to-cash-routes.ts(8807,18): error TS1005: ',' expected.
server/routes/order-to-cash-routes.ts(8807,23): error TS1005: ',' expected.
server/routes/order-to-cash-routes.ts(8807,41): error TS1005: ',' expected.
server/routes/order-to-cash-routes.ts(8807,44): error TS1005: ',' expected.
server/routes/order-to-cash-routes.ts(8807,50): error TS1005: ',' expected.
server/routes/order-to-cash-routes.ts(8809,7): error TS1434: Unexpected keyword or 
identifier.
server/routes/order-to-cash-routes.ts(8809,13): error TS1434: Unexpected keyword or 
identifier.
server/routes/order-to-cash-routes.ts(8809,33): error TS1005: ';' expected.
server/routes/order-to-cash-routes.ts(8861,11): error TS1005: ',' expected.
server/routes/order-to-cash-routes.ts(8861,24): error TS1005: ',' expected.
server/routes/order-to-cash-routes.ts(8861,29): error TS1005: ',' expected.
server/routes/order-to-cash-routes.ts(8861,50): error TS1005: ',' expected.
server/routes/order-to-cash-routes.ts(8861,56): error TS1005: ',' expected.
server/routes/order-to-cash-routes.ts(8861,86): error TS1005: ',' expected.
server/routes/order-to-cash-routes.ts(8861,90): error TS1005: ',' expected.
server/routes/order-to-cash-routes.ts(8861,104): error TS1005: ',' expected.
server/routes/order-to-cash-routes.ts(8861,110): error TS1005: ',' expected.
server/routes/order-to-cash-routes.ts(8862,11): error TS1005: ')' expected.
server/routes/order-to-cash-routes.ts(8862,24): error TS1435: Unknown keyword or 
identifier. Did you mean 'from'?
server/routes/order-to-cash-routes.ts(8862,29): error TS1434: Unexpected keyword or 
identifier.
server/routes/order-to-cash-routes.ts(8862,50): error TS1434: Unexpected keyword or 
identifier.
server/routes/order-to-cash-routes.ts(8862,89): error TS1005: ';' expected.
server/routes/order-to-cash-routes.ts(8862,107): error TS1005: ';' expected.
server/routes/order-to-cash-routes.ts(8862,114): error TS1005: ';' expected.
server/routes/order-to-cash-routes.ts(8862,116): error TS1434: Unexpected keyword or 
identifier.
server/routes/order-to-cash-routes.ts(8863,7): error TS1443: Module declaration names 
may only use ' or " quoted strings.
server/routes/order-to-cash-routes.ts(8868,20): error TS1434: Unexpected keyword or 
identifier.
server/routes/order-to-cash-routes.ts(8868,43): error TS1005: ';' expected.
server/routes/order-to-cash-routes.ts(8868,57): error TS1128: Declaration or statement 
expected.
server/routes/order-to-cash-routes.ts(8868,70): error TS1005: ';' expected.
server/routes/order-to-cash-routes.ts(8888,9): error TS1435: Unknown keyword or 
identifier. Did you mean 'from'?
server/routes/order-to-cash-routes.ts(8888,14): error TS1434: Unexpected keyword or 
identifier.
server/routes/order-to-cash-routes.ts(8889,9): error TS1435: Unknown keyword or 
identifier. Did you mean 'let'?
server/routes/order-to-cash-routes.ts(8889,14): error TS1434: Unexpected keyword or 
identifier.
server/routes/order-to-cash-routes.ts(8889,19): error TS1434: Unexpected keyword or 
identifier.
server/routes/order-to-cash-routes.ts(8889,37): error TS1434: Unexpected keyword or 
identifier.
server/routes/order-to-cash-routes.ts(8889,40): error TS1434: Unexpected keyword or 
identifier.
server/routes/order-to-cash-routes.ts(8890,9): error TS1434: Unexpected keyword or 
identifier.
server/routes/order-to-cash-routes.ts(8890,34): error TS1005: ';' expected.
server/routes/order-to-cash-routes.ts(8891,11): error TS1434: Unexpected keyword or 
identifier.
server/routes/order-to-cash-routes.ts(8892,19): error TS1005: ',' expected.
server/routes/order-to-cash-routes.ts(8892,34): error TS1005: ',' expected.
server/routes/order-to-cash-routes.ts(8892,37): error TS1005: ',' expected.
server/routes/order-to-cash-routes.ts(8892,51): error TS1005: ',' expected.
server/routes/order-to-cash-routes.ts(8893,11): error TS1434: Unexpected keyword or 
identifier.
server/routes/order-to-cash-routes.ts(8894,9): error TS1434: Unexpected keyword or 
identifier.
server/routes/order-to-cash-routes.ts(8894,15): error TS1434: Unexpected keyword or 
identifier.
server/routes/order-to-cash-routes.ts(8894,31): error TS1005: ';' expected.
server/routes/order-to-cash-routes.ts(8894,51): error TS1005: ';' expected.
server/routes/order-to-cash-routes.ts(8947,9): error TS1434: Unexpected keyword or 
identifier.
server/routes/order-to-cash-routes.ts(8947,22): error TS1109: Expression expected.
server/routes/order-to-cash-routes.ts(8947,23): error TS1109: Expression expected.
server/routes/order-to-cash-routes.ts(8947,24): error TS1005: ';' expected.
server/routes/order-to-cash-routes.ts(8947,25): error TS1128: Declaration or statement 
expected.
server/routes/order-to-cash-routes.ts(8948,9): error TS1435: Unknown keyword or 
identifier. Did you mean 'from'?
server/routes/order-to-cash-routes.ts(8949,9): error TS1434: Unexpected keyword or 
identifier.
server/routes/order-to-cash-routes.ts(8949,28): error TS1005: ',' expected.
server/routes/order-to-cash-routes.ts(8949,33): error TS1005: ',' expected.
server/routes/order-to-cash-routes.ts(8949,50): error TS1005: ';' expected.
server/routes/order-to-cash-routes.ts(8952,24): error TS1005: ';' expected.
server/routes/order-to-cash-routes.ts(8952,31): error TS1005: ';' expected.
server/routes/order-to-cash-routes.ts(8952,49): error TS1005: ';' expected.
server/routes/order-to-cash-routes.ts(8958,9): error TS1434: Unexpected keyword or 
identifier.
server/routes/order-to-cash-routes.ts(8958,16): error TS1434: Unexpected keyword or 
identifier.
server/routes/order-to-cash-routes.ts(8958,29): error TS1435: Unknown keyword or 
identifier. Did you mean 'from'?
server/routes/order-to-cash-routes.ts(8959,9): error TS1434: Unexpected keyword or 
identifier.
server/routes/order-to-cash-routes.ts(8959,53): error TS1005: ';' expected.
server/routes/order-to-cash-routes.ts(8959,71): error TS1005: ';' expected.
server/routes/order-to-cash-routes.ts(8964,9): error TS1434: Unexpected keyword or 
identifier.
server/routes/order-to-cash-routes.ts(8964,16): error TS1434: Unexpected keyword or 
identifier.
server/routes/order-to-cash-routes.ts(8964,29): error TS1435: Unknown keyword or 
identifier. Did you mean 'from'?
server/routes/order-to-cash-routes.ts(8965,9): error TS1434: Unexpected keyword or 
identifier.
server/routes/order-to-cash-routes.ts(8965,53): error TS1005: ';' expected.
server/routes/order-to-cash-routes.ts(8965,71): error TS1005: ';' expected.
server/routes/order-to-cash-routes.ts(8971,9): error TS1434: Unexpected keyword or 
identifier.
server/routes/order-to-cash-routes.ts(8972,9): error TS1435: Unknown keyword or 
identifier. Did you mean 'from'?
server/routes/order-to-cash-routes.ts(8973,9): error TS1434: Unexpected keyword or 
identifier.
server/routes/order-to-cash-routes.ts(8973,21): error TS1005: ';' expected.
server/routes/order-to-cash-routes.ts(8974,9): error TS1434: Unexpected keyword or 
identifier.
server/routes/order-to-cash-routes.ts(8987,11): error TS1434: Unexpected keyword or 
identifier.
server/routes/order-to-cash-routes.ts(8988,11): error TS1435: Unknown keyword or 
identifier. Did you mean 'from'?
server/routes/order-to-cash-routes.ts(8989,11): error TS1434: Unexpected keyword or 
identifier.
server/routes/order-to-cash-routes.ts(8989,23): error TS1005: ';' expected.
server/routes/order-to-cash-routes.ts(8989,51): error TS1434: Unexpected keyword or 
identifier.
server/routes/order-to-cash-routes.ts(8998,16): error TS1005: ';' expected.
server/routes/order-to-cash-routes.ts(8998,34): error TS1005: ';' expected.
server/routes/order-to-cash-routes.ts(8998,51): error TS1128: Declaration or statement 
expected.
server/routes/order-to-cash-routes.ts(8998,65): error TS1005: ';' expected.
server/routes/order-to-cash-routes.ts(8998,79): error TS1128: Declaration or statement 
expected.
server/routes/order-to-cash-routes.ts(8998,91): error TS1005: ';' expected.
server/routes/order-to-cash-routes.ts(8998,101): error TS1128: Declaration or statement 
expected.
server/routes/order-to-cash-routes.ts(8998,122): error TS1005: ';' expected.
server/routes/order-to-cash-routes.ts(9001,9): error TS1434: Unexpected keyword or 
identifier.
server/routes/order-to-cash-routes.ts(9001,16): error TS1434: Unexpected keyword or 
identifier.
server/routes/order-to-cash-routes.ts(9004,5): error TS1005: ';' expected.
server/routes/order-to-cash-routes.ts(9005,6): error TS1005: ',' expected.
server/routes/order-to-cash-routes.ts(9005,26): error TS1005: ',' expected.
server/routes/order-to-cash-routes.ts(9005,43): error TS1005: ',' expected.
server/routes/order-to-cash-routes.ts(9006,6): error TS1005: ',' expected.
server/routes/order-to-cash-routes.ts(9006,19): error TS1005: ',' expected.
server/routes/order-to-cash-routes.ts(9006,35): error TS1005: ',' expected.
server/routes/order-to-cash-routes.ts(9006,58): error TS1005: ',' expected.
server/routes/order-to-cash-routes.ts(9006,59): error TS1135: Argument expression 
expected.
server/routes/order-to-cash-routes.ts(9006,62): error TS1005: ',' expected.
server/routes/order-to-cash-routes.ts(9006,74): error TS1005: ',' expected.
server/routes/order-to-cash-routes.ts(9006,79): error TS1005: ',' expected.
server/routes/order-to-cash-routes.ts(9006,80): error TS1135: Argument expression 
expected.
server/routes/order-to-cash-routes.ts(9006,83): error TS1005: ',' expected.
server/routes/order-to-cash-routes.ts(9007,6): error TS1005: ',' expected.
server/routes/order-to-cash-routes.ts(9007,29): error TS1005: ',' expected.
server/routes/order-to-cash-routes.ts(9007,57): error TS1005: ',' expected.
server/routes/order-to-cash-routes.ts(9007,85): error TS1005: ',' expected.
server/routes/order-to-cash-routes.ts(9007,99): error TS1005: ',' expected.
server/routes/order-to-cash-routes.ts(9007,104): error TS1005: ',' expected.
server/routes/order-to-cash-routes.ts(9008,5): error TS1005: ';' expected.
server/routes/order-to-cash-routes.ts(9009,7): error TS1443: Module declaration names 
may only use ' or " quoted strings.
server/routes/order-to-cash-routes.ts(9011,16): error TS1434: Unexpected keyword or 
identifier.
server/routes/order-to-cash-routes.ts(9011,40): error TS1005: ';' expected.
server/routes/order-to-cash-routes.ts(9017,21): error TS1005: ';' expected.
server/routes/order-to-cash-routes.ts(9017,24): error TS1434: Unexpected keyword or 
identifier.
server/routes/order-to-cash-routes.ts(9017,29): error TS1434: Unexpected keyword or 
identifier.
server/routes/order-to-cash-routes.ts(9017,34): error TS1434: Unexpected keyword or 
identifier.
server/routes/order-to-cash-routes.ts(9017,37): error TS1434: Unexpected keyword or 
identifier.
server/routes/order-to-cash-routes.ts(9017,47): error TS1005: '(' expected.
server/routes/order-to-cash-routes.ts(9017,67): error TS1003: Identifier expected.
server/routes/order-to-cash-routes.ts(9023,11): error TS1005: ';' expected.
server/routes/order-to-cash-routes.ts(9023,18): error TS1005: ';' expected.
server/routes/order-to-cash-routes.ts(9024,11): error TS1005: ')' expected.
server/routes/order-to-cash-routes.ts(9025,11): error TS1434: Unexpected keyword or 
identifier.
server/routes/order-to-cash-routes.ts(9025,23): error TS1005: ';' expected.
server/routes/order-to-cash-routes.ts(9026,13): error TS1434: Unexpected keyword or 
identifier.
server/routes/order-to-cash-routes.ts(9027,11): error TS1434: Unexpected keyword or 
identifier.
server/routes/order-to-cash-routes.ts(9038,11): error TS1005: ',' expected.
server/routes/order-to-cash-routes.ts(9038,24): error TS1005: ',' expected.
server/routes/order-to-cash-routes.ts(9038,29): error TS1005: ',' expected.
server/routes/order-to-cash-routes.ts(9038,50): error TS1005: ',' expected.
server/routes/order-to-cash-routes.ts(9038,56): error TS1005: ',' expected.
server/routes/order-to-cash-routes.ts(9038,89): error TS1005: ',' expected.
server/routes/order-to-cash-routes.ts(9038,93): error TS1005: ',' expected.
server/routes/order-to-cash-routes.ts(9038,107): error TS1005: ',' expected.
server/routes/order-to-cash-routes.ts(9038,113): error TS1005: ',' expected.
server/routes/order-to-cash-routes.ts(9039,11): error TS1005: ')' expected.
server/routes/order-to-cash-routes.ts(9039,24): error TS1435: Unknown keyword or 
identifier. Did you mean 'from'?
server/routes/order-to-cash-routes.ts(9039,29): error TS1434: Unexpected keyword or 
identifier.
server/routes/order-to-cash-routes.ts(9039,50): error TS1434: Unexpected keyword or 
identifier.
server/routes/order-to-cash-routes.ts(9039,89): error TS1005: ';' expected.
server/routes/order-to-cash-routes.ts(9039,107): error TS1005: ';' expected.
server/routes/order-to-cash-routes.ts(9039,114): error TS1005: ';' expected.
server/routes/order-to-cash-routes.ts(9039,116): error TS1434: Unexpected keyword or 
identifier.
server/routes/order-to-cash-routes.ts(9064,15): error TS1434: Unexpected keyword or 
identifier.
server/routes/order-to-cash-routes.ts(9065,15): error TS1435: Unknown keyword or 
identifier. Did you mean 'set'?
server/routes/order-to-cash-routes.ts(9065,41): error TS1005: ';' expected.
server/routes/order-to-cash-routes.ts(9065,70): error TS1128: Declaration or statement 
expected.
server/routes/order-to-cash-routes.ts(9066,11): error TS1005: ';' expected.
server/routes/order-to-cash-routes.ts(9066,24): error TS1128: Declaration or statement 
expected.
server/routes/order-to-cash-routes.ts(9067,22): error TS1005: ';' expected.
server/routes/order-to-cash-routes.ts(9068,15): error TS1434: Unexpected keyword or 
identifier.
server/routes/order-to-cash-routes.ts(9068,27): error TS1005: ';' expected.
server/routes/order-to-cash-routes.ts(9077,17): error TS1434: Unexpected keyword or 
identifier.
server/routes/order-to-cash-routes.ts(9078,17): error TS1435: Unknown keyword or 
identifier. Did you mean 'from'?
server/routes/order-to-cash-routes.ts(9078,22): error TS1434: Unexpected keyword or 
identifier.
server/routes/order-to-cash-routes.ts(9079,17): error TS1435: Unknown keyword or 
identifier. Did you mean 'let'?
server/routes/order-to-cash-routes.ts(9079,22): error TS1434: Unexpected keyword or 
identifier.
server/routes/order-to-cash-routes.ts(9079,27): error TS1434: Unexpected keyword or 
identifier.
server/routes/order-to-cash-routes.ts(9079,41): error TS1434: Unexpected keyword or 
identifier.
server/routes/order-to-cash-routes.ts(9079,44): error TS1434: Unexpected keyword or 
identifier.
server/routes/order-to-cash-routes.ts(9080,17): error TS1434: Unexpected keyword or 
identifier.
server/routes/order-to-cash-routes.ts(9080,32): error TS1005: ';' expected.
server/routes/order-to-cash-routes.ts(9081,17): error TS1434: Unexpected keyword or 
identifier.
server/routes/order-to-cash-routes.ts(9089,19): error TS1434: Unexpected keyword or 
identifier.
server/routes/order-to-cash-routes.ts(9089,26): error TS1434: Unexpected keyword or 
identifier.
server/routes/order-to-cash-routes.ts(9089,31): error TS1435: Unknown keyword or 
identifier. Did you mean 'from'?
server/routes/order-to-cash-routes.ts(9089,36): error TS1434: Unexpected keyword or 
identifier.
server/routes/order-to-cash-routes.ts(9089,50): error TS1434: Unexpected keyword or 
identifier.
server/routes/order-to-cash-routes.ts(9089,62): error TS1005: ';' expected.
server/routes/order-to-cash-routes.ts(9089,93): error TS1434: Unexpected keyword or 
identifier.
server/routes/order-to-cash-routes.ts(9090,17): error TS1443: Module declaration names 
may only use ' or " quoted strings.
server/routes/order-to-cash-routes.ts(9093,32): error TS1434: Unexpected keyword or 
identifier.
server/routes/order-to-cash-routes.ts(9093,40): error TS1434: Unexpected keyword or 
identifier.
server/routes/order-to-cash-routes.ts(9093,45): error TS1434: Unexpected keyword or 
identifier.
server/routes/order-to-cash-routes.ts(9093,49): error TS1434: Unexpected keyword or 
identifier.
server/routes/order-to-cash-routes.ts(9093,59): error TS1005: '(' expected.
server/routes/order-to-cash-routes.ts(9093,68): error TS1005: ';' expected.
server/routes/order-to-cash-routes.ts(9093,83): error TS1005: ';' expected.
server/routes/order-to-cash-routes.ts(9093,85): error TS1434: Unexpected keyword or 
identifier.
server/routes/order-to-cash-routes.ts(9101,19): error TS1434: Unexpected keyword or 
identifier.
server/routes/order-to-cash-routes.ts(9101,26): error TS1434: Unexpected keyword or 
identifier.
server/routes/order-to-cash-routes.ts(9101,39): error TS1435: Unknown keyword or 
identifier. Did you mean 'from'?
server/routes/order-to-cash-routes.ts(9102,19): error TS1434: Unexpected keyword or 
identifier.
server/routes/order-to-cash-routes.ts(9102,63): error TS1005: ';' expected.
server/routes/order-to-cash-routes.ts(9102,81): error TS1005: ';' expected.
server/routes/order-to-cash-routes.ts(9108,19): error TS1434: Unexpected keyword or 
identifier.
server/routes/order-to-cash-routes.ts(9108,26): error TS1434: Unexpected keyword or 
identifier.
server/routes/order-to-cash-routes.ts(9108,35): error TS1435: Unknown keyword or 
identifier. Did you mean 'from'?
server/routes/order-to-cash-routes.ts(9108,40): error TS1434: Unexpected keyword or 
identifier.
server/routes/order-to-cash-routes.ts(9108,58): error TS1434: Unexpected keyword or 
identifier.
server/routes/order-to-cash-routes.ts(9108,70): error TS1005: ';' expected.
server/routes/order-to-cash-routes.ts(9108,105): error TS1434: Unexpected keyword or 
identifier.
server/routes/order-to-cash-routes.ts(9111,19): error TS1434: Unexpected keyword or 
identifier.
server/routes/order-to-cash-routes.ts(9111,26): error TS1434: Unexpected keyword or 
identifier.
server/routes/order-to-cash-routes.ts(9111,39): error TS1435: Unknown keyword or 
identifier. Did you mean 'from'?
server/routes/order-to-cash-routes.ts(9112,19): error TS1434: Unexpected keyword or 
identifier.
server/routes/order-to-cash-routes.ts(9112,57): error TS1005: ';' expected.
server/routes/order-to-cash-routes.ts(9112,75): error TS1005: ';' expected.
server/routes/order-to-cash-routes.ts(9117,19): error TS1434: Unexpected keyword or 
identifier.
server/routes/order-to-cash-routes.ts(9117,26): error TS1434: Unexpected keyword or 
identifier.
server/routes/order-to-cash-routes.ts(9117,39): error TS1435: Unknown keyword or 
identifier. Did you mean 'from'?
server/routes/order-to-cash-routes.ts(9118,19): error TS1434: Unexpected keyword or 
identifier.
server/routes/order-to-cash-routes.ts(9118,55): error TS1005: ';' expected.
server/routes/order-to-cash-routes.ts(9118,73): error TS1005: ';' expected.
server/routes/order-to-cash-routes.ts(9123,19): error TS1434: Unexpected keyword or 
identifier.
server/routes/order-to-cash-routes.ts(9123,32): error TS1109: Expression expected.
server/routes/order-to-cash-routes.ts(9123,33): error TS1109: Expression expected.
server/routes/order-to-cash-routes.ts(9123,34): error TS1005: ';' expected.
server/routes/order-to-cash-routes.ts(9123,35): error TS1128: Declaration or statement 
expected.
server/routes/order-to-cash-routes.ts(9124,19): error TS1435: Unknown keyword or 
identifier. Did you mean 'from'?
server/routes/order-to-cash-routes.ts(9125,19): error TS1434: Unexpected keyword or 
identifier.
server/routes/order-to-cash-routes.ts(9125,41): error TS1005: ';' expected.
server/routes/order-to-cash-routes.ts(9126,21): error TS1434: Unexpected keyword or 
identifier.
server/routes/order-to-cash-routes.ts(9126,42): error TS1005: ';' expected.
server/routes/order-to-cash-routes.ts(9127,21): error TS1434: Unexpected keyword or 
identifier.
server/routes/order-to-cash-routes.ts(9127,40): error TS1005: ';' expected.
server/routes/order-to-cash-routes.ts(9131,41): error TS1005: ';' expected.
server/routes/order-to-cash-routes.ts(9132,150): error TS1005: ')' expected.
server/routes/order-to-cash-routes.ts(9145,134): error TS1005: ',' expected.
server/routes/order-to-cash-routes.ts(9145,139): error TS1005: ',' expected.
server/routes/order-to-cash-routes.ts(9145,159): error TS1005: ',' expected.
server/routes/order-to-cash-routes.ts(9145,167): error TS1005: ',' expected.
server/routes/order-to-cash-routes.ts(9145,184): error TS1002: Unterminated string 
literal.
server/routes/order-to-cash-routes.ts(9149,30): error TS1005: ';' expected.
server/routes/order-to-cash-routes.ts(9149,38): error TS1434: Unexpected keyword or 
identifier.
server/routes/order-to-cash-routes.ts(9149,47): error TS1434: Unexpected keyword or 
identifier.
server/routes/order-to-cash-routes.ts(9149,56): error TS1434: Unexpected keyword or 
identifier.
server/routes/order-to-cash-routes.ts(9149,83): error TS1005: '(' expected.
server/routes/order-to-cash-routes.ts(9149,86): error TS1005: ';' expected.
server/routes/order-to-cash-routes.ts(9149,91): error TS1005: ';' expected.
server/routes/order-to-cash-routes.ts(9149,96): error TS1005: ')' expected.
server/routes/order-to-cash-routes.ts(9149,117): error TS1005: ';' expected.
server/routes/order-to-cash-routes.ts(9151,7): error TS1128: Declaration or statement 
expected.
server/routes/order-to-cash-routes.ts(9151,9): error TS1005: 'try' expected.
server/routes/order-to-cash-routes.ts(9155,5): error TS1128: Declaration or statement 
expected.
server/routes/order-to-cash-routes.ts(9159,13): error TS1005: ',' expected.
server/routes/order-to-cash-routes.ts(9159,20): error TS1005: ',' expected.
server/routes/order-to-cash-routes.ts(9159,33): error TS1005: ',' expected.
server/routes/order-to-cash-routes.ts(9159,38): error TS1005: ',' expected.
server/routes/order-to-cash-routes.ts(9160,13): error TS1005: ',' expected.
server/routes/order-to-cash-routes.ts(9160,19): error TS1005: ',' expected.
server/routes/order-to-cash-routes.ts(9160,49): error TS1005: ',' expected.
server/routes/order-to-cash-routes.ts(9160,53): error TS1005: ',' expected.
server/routes/order-to-cash-routes.ts(9160,67): error TS1005: ',' expected.
server/routes/order-to-cash-routes.ts(9160,73): error TS1005: ',' expected.
server/routes/order-to-cash-routes.ts(9166,13): error TS1005: ',' expected.
server/routes/order-to-cash-routes.ts(9166,20): error TS1005: ',' expected.
server/routes/order-to-cash-routes.ts(9166,25): error TS1005: ',' expected.
server/routes/order-to-cash-routes.ts(9168,5): error TS1005: ',' expected.
server/routes/order-to-cash-routes.ts(9169,6): error TS1005: ',' expected.
server/routes/order-to-cash-routes.ts(9169,22): error TS1005: ',' expected.
server/routes/order-to-cash-routes.ts(9169,34): error TS1005: ',' expected.
server/routes/order-to-cash-routes.ts(9169,59): error TS1005: ',' expected.
server/routes/order-to-cash-routes.ts(9169,66): error TS1005: ',' expected.
server/routes/order-to-cash-routes.ts(9169,78): error TS1005: ',' expected.
server/routes/order-to-cash-routes.ts(9169,94): error TS1005: ',' expected.
server/routes/order-to-cash-routes.ts(9173,27): error TS1005: ',' expected.
server/routes/order-to-cash-routes.ts(9173,30): error TS1005: ',' expected.
server/routes/order-to-cash-routes.ts(9173,33): error TS1005: ',' expected.
server/routes/order-to-cash-routes.ts(9173,38): error TS1005: ',' expected.
server/routes/order-to-cash-routes.ts(9173,43): error TS1005: ',' expected.
server/routes/order-to-cash-routes.ts(9173,49): error TS1005: ',' expected.
server/routes/order-to-cash-routes.ts(9173,54): error TS1005: '(' expected.
server/routes/order-to-cash-routes.ts(9173,57): error TS1005: ')' expected.
server/routes/order-to-cash-routes.ts(9173,78): error TS1128: Declaration or statement 
expected.
server/routes/order-to-cash-routes.ts(9173,80): error TS1434: Unexpected keyword or 
identifier.
server/routes/order-to-cash-routes.ts(9173,88): error TS1434: Unexpected keyword or 
identifier.
server/routes/order-to-cash-routes.ts(9173,97): error TS1434: Unexpected keyword or 
identifier.
server/routes/order-to-cash-routes.ts(9173,101): error TS1434: Unexpected keyword or 
identifier.
server/routes/order-to-cash-routes.ts(9173,104): error TS1434: Unexpected keyword or 
identifier.
server/routes/order-to-cash-routes.ts(9173,109): error TS1434: Unexpected keyword or 
identifier.
server/routes/order-to-cash-routes.ts(9173,114): error TS1434: Unexpected keyword or 
identifier.
server/routes/order-to-cash-routes.ts(9173,126): error TS1003: Identifier expected.
server/routes/order-to-cash-routes.ts(9186,16): error TS1128: Declaration or statement 
expected.
server/routes/order-to-cash-routes.ts(9296,200): error TS1005: ')' expected.
server/routes/order-to-cash-routes.ts(9365,11): error TS1128: Declaration or statement 
expected.
server/routes/order-to-cash-routes.ts(9365,13): error TS1005: 'try' expected.
server/routes/order-to-cash-routes.ts(9379,9): error TS1128: Declaration or statement 
expected.
server/routes/order-to-cash-routes.ts(9379,10): error TS1128: Declaration or statement 
expected.
server/routes/order-to-cash-routes.ts(9380,7): error TS1128: Declaration or statement 
expected.
server/routes/order-to-cash-routes.ts(9380,9): error TS1005: 'try' expected.
server/routes/order-to-cash-routes.ts(9388,5): error TS1128: Declaration or statement 
expected.
server/routes/order-to-cash-routes.ts(9388,6): error TS1128: Declaration or statement 
expected.
server/routes/order-to-cash-routes.ts(9399,169): error TS1005: ',' expected.
server/routes/order-to-cash-routes.ts(9399,196): error TS1002: Unterminated string 
literal.
server/routes/order-to-cash-routes.ts(9402,42): error TS1005: ',' expected.
server/routes/order-to-cash-routes.ts(9402,56): error TS1005: ',' expected.
server/routes/order-to-cash-routes.ts(9402,77): error TS1005: ',' expected.
server/routes/order-to-cash-routes.ts(9402,83): error TS1005: ',' expected.
server/routes/order-to-cash-routes.ts(9402,97): error TS1005: ',' expected.
server/routes/order-to-cash-routes.ts(9405,47): error TS1005: ',' expected.
server/routes/order-to-cash-routes.ts(9405,54): error TS1005: ',' expected.
server/routes/order-to-cash-routes.ts(9405,77): error TS1005: ',' expected.
server/routes/order-to-cash-routes.ts(9405,82): error TS1005: ',' expected.
server/routes/order-to-cash-routes.ts(9405,102): error TS1005: ',' expected.
server/routes/order-to-cash-routes.ts(9405,108): error TS1005: ',' expected.
server/routes/order-to-cash-routes.ts(9405,114): error TS1005: ',' expected.
server/routes/order-to-cash-routes.ts(9405,120): error TS1005: ',' expected.
server/routes/order-to-cash-routes.ts(9411,13): error TS1005: ',' expected.
server/routes/order-to-cash-routes.ts(9411,20): error TS1005: ',' expected.
server/routes/order-to-cash-routes.ts(9411,40): error TS1005: ',' expected.
server/routes/order-to-cash-routes.ts(9411,44): error TS1005: ',' expected.
server/routes/order-to-cash-routes.ts(9411,62): error TS1005: ',' expected.
server/routes/order-to-cash-routes.ts(9411,68): error TS1005: ',' expected.
server/routes/order-to-cash-routes.ts(9411,98): error TS1005: ',' expected.
server/routes/order-to-cash-routes.ts(9411,132): error TS1005: ',' expected.
server/routes/order-to-cash-routes.ts(9411,138): error TS1005: ',' expected.
server/routes/order-to-cash-routes.ts(9411,144): error TS1005: ',' expected.
server/routes/order-to-cash-routes.ts(9411,150): error TS1005: ',' expected.
server/routes/order-to-cash-routes.ts(9416,28): error TS1005: ',' expected.
server/routes/order-to-cash-routes.ts(9416,35): error TS1005: ',' expected.
server/routes/order-to-cash-routes.ts(9416,40): error TS1005: ',' expected.
server/routes/order-to-cash-routes.ts(9416,61): error TS1005: ',' expected.
server/routes/order-to-cash-routes.ts(9416,67): error TS1005: ',' expected.
server/routes/order-to-cash-routes.ts(9416,81): error TS1005: ',' expected.
server/routes/order-to-cash-routes.ts(9430,1): error TS1005: ',' expected.
server/routes/order-to-cash-routes.ts(9431,1): error TS1005: ',' expected.
server/routes/order-to-cash-routes.ts(9442,7): error TS1005: ',' expected.
server/routes/order-to-cash-routes.ts(9442,12): error TS1005: ',' expected.
server/routes/order-to-cash-routes.ts(9442,30): error TS1005: ',' expected.
server/routes/order-to-cash-routes.ts(9443,7): error TS1005: ',' expected.
server/routes/order-to-cash-routes.ts(9443,12): error TS1005: ',' expected.
server/routes/order-to-cash-routes.ts(9443,17): error TS1005: ',' expected.
server/routes/order-to-cash-routes.ts(9443,31): error TS1005: ',' expected.
server/routes/order-to-cash-routes.ts(9443,33): error TS1005: ',' expected.
server/routes/order-to-cash-routes.ts(9443,36): error TS1005: ',' expected.
server/routes/order-to-cash-routes.ts(9444,7): error TS1005: ',' expected.
server/routes/order-to-cash-routes.ts(9444,13): error TS1005: ',' expected.
server/routes/order-to-cash-routes.ts(9444,16): error TS1005: ',' expected.
server/routes/order-to-cash-routes.ts(9444,32): error TS1005: ',' expected.
server/routes/order-to-cash-routes.ts(9444,52): error TS1005: ',' expected.
server/routes/order-to-cash-routes.ts(9445,7): error TS1005: ',' expected.
server/routes/order-to-cash-routes.ts(9445,13): error TS1005: ',' expected.
server/routes/order-to-cash-routes.ts(9445,14): error TS1005: ',' expected.
server/routes/order-to-cash-routes.ts(9466,1): error TS1005: ',' expected.
server/routes/order-to-cash-routes.ts(9467,1): error TS1005: ',' expected.
server/routes/order-to-cash-routes.ts(9467,4): error TS1003: Identifier expected.
server/routes/order-to-cash-routes.ts(9467,5): error TS1109: Expression expected.
server/routes/order-to-cash-routes.ts(9473,7): error TS1005: ',' expected.
server/routes/order-to-cash-routes.ts(9473,12): error TS1005: ',' expected.
server/routes/order-to-cash-routes.ts(9473,30): error TS1005: ',' expected.
server/routes/order-to-cash-routes.ts(9474,7): error TS1005: ',' expected.
server/routes/order-to-cash-routes.ts(9474,12): error TS1005: ',' expected.
server/routes/order-to-cash-routes.ts(9474,17): error TS1005: ',' expected.
server/routes/order-to-cash-routes.ts(9474,31): error TS1005: ',' expected.
server/routes/order-to-cash-routes.ts(9474,33): error TS1005: ',' expected.
server/routes/order-to-cash-routes.ts(9474,36): error TS1005: ',' expected.
server/routes/order-to-cash-routes.ts(9475,7): error TS1005: ',' expected.
server/routes/order-to-cash-routes.ts(9475,12): error TS1005: ',' expected.
server/routes/order-to-cash-routes.ts(9475,17): error TS1005: ',' expected.
server/routes/order-to-cash-routes.ts(9475,31): error TS1005: ',' expected.
server/routes/order-to-cash-routes.ts(9475,34): error TS1005: ',' expected.
server/routes/order-to-cash-routes.ts(9475,37): error TS1005: ',' expected.
server/routes/order-to-cash-routes.ts(9476,7): error TS1005: ',' expected.
server/routes/order-to-cash-routes.ts(9476,12): error TS1005: ',' expected.
server/routes/order-to-cash-routes.ts(9476,17): error TS1005: ',' expected.
server/routes/order-to-cash-routes.ts(9476,31): error TS1005: ',' expected.
server/routes/order-to-cash-routes.ts(9476,34): error TS1005: ',' expected.
server/routes/order-to-cash-routes.ts(9476,37): error TS1005: ',' expected.
server/routes/order-to-cash-routes.ts(9477,7): error TS1005: ',' expected.
server/routes/order-to-cash-routes.ts(9477,13): error TS1005: ',' expected.
server/routes/order-to-cash-routes.ts(9477,22): error TS1005: ',' expected.
server/routes/order-to-cash-routes.ts(9489,1): error TS1005: ',' expected.
server/routes/order-to-cash-routes.ts(9490,1): error TS1005: ',' expected.
server/routes/order-to-cash-routes.ts(9490,4): error TS1003: Identifier expected.
server/routes/order-to-cash-routes.ts(9490,5): error TS1109: Expression expected.
server/routes/order-to-cash-routes.ts(9493,7): error TS1005: ',' expected.
server/routes/order-to-cash-routes.ts(9493,12): error TS1005: ',' expected.
server/routes/order-to-cash-routes.ts(9493,33): error TS1005: ',' expected.
server/routes/order-to-cash-routes.ts(9494,7): error TS1005: ',' expected.
server/routes/order-to-cash-routes.ts(9494,12): error TS1005: ',' expected.
server/routes/order-to-cash-routes.ts(9494,17): error TS1005: ',' expected.
server/routes/order-to-cash-routes.ts(9494,35): error TS1005: ',' expected.
server/routes/order-to-cash-routes.ts(9494,38): error TS1005: ',' expected.
server/routes/order-to-cash-routes.ts(9494,41): error TS1005: ',' expected.
server/routes/order-to-cash-routes.ts(9495,7): error TS1005: ',' expected.
server/routes/order-to-cash-routes.ts(9495,12): error TS1005: ',' expected.
server/routes/order-to-cash-routes.ts(9495,17): error TS1005: ',' expected.
server/routes/order-to-cash-routes.ts(9495,31): error TS1005: ',' expected.
server/routes/order-to-cash-routes.ts(9495,35): error TS1005: ',' expected.
server/routes/order-to-cash-routes.ts(9495,38): error TS1005: ',' expected.
server/routes/order-to-cash-routes.ts(9496,7): error TS1005: ',' expected.
server/routes/order-to-cash-routes.ts(9496,13): error TS1005: ',' expected.
server/routes/order-to-cash-routes.ts(9496,30): error TS1005: ',' expected.
server/routes/order-to-cash-routes.ts(9523,1): error TS1005: ',' expected.
server/routes/order-to-cash-routes.ts(9524,1): error TS1005: ',' expected.
server/routes/order-to-cash-routes.ts(9532,7): error TS1005: ',' expected.
server/routes/order-to-cash-routes.ts(9532,12): error TS1005: ',' expected.
server/routes/order-to-cash-routes.ts(9532,30): error TS1005: ',' expected.
server/routes/order-to-cash-routes.ts(9533,7): error TS1005: ',' expected.
server/routes/order-to-cash-routes.ts(9533,12): error TS1005: ',' expected.
server/routes/order-to-cash-routes.ts(9533,17): error TS1005: ',' expected.
server/routes/order-to-cash-routes.ts(9533,30): error TS1005: ',' expected.
server/routes/order-to-cash-routes.ts(9533,33): error TS1005: ',' expected.
server/routes/order-to-cash-routes.ts(9533,36): error TS1005: ',' expected.
server/routes/order-to-cash-routes.ts(9534,7): error TS1005: ',' expected.
server/routes/order-to-cash-routes.ts(9534,12): error TS1005: ',' expected.
server/routes/order-to-cash-routes.ts(9534,17): error TS1005: ',' expected.
server/routes/order-to-cash-routes.ts(9534,36): error TS1005: ',' expected.
server/routes/order-to-cash-routes.ts(9534,39): error TS1005: ',' expected.
server/routes/order-to-cash-routes.ts(9534,42): error TS1005: ',' expected.
server/routes/order-to-cash-routes.ts(9535,7): error TS1005: ',' expected.
server/routes/order-to-cash-routes.ts(9535,12): error TS1005: ',' expected.
server/routes/order-to-cash-routes.ts(9535,17): error TS1005: ',' expected.
server/routes/order-to-cash-routes.ts(9535,31): error TS1005: ',' expected.
server/routes/order-to-cash-routes.ts(9535,33): error TS1005: ',' expected.
server/routes/order-to-cash-routes.ts(9535,36): error TS1005: ',' expected.
server/routes/order-to-cash-routes.ts(9536,7): error TS1005: ',' expected.
server/routes/order-to-cash-routes.ts(9536,12): error TS1005: ',' expected.
server/routes/order-to-cash-routes.ts(9536,17): error TS1005: ',' expected.
server/routes/order-to-cash-routes.ts(9536,31): error TS1005: ',' expected.
server/routes/order-to-cash-routes.ts(9536,34): error TS1005: ',' expected.
server/routes/order-to-cash-routes.ts(9536,37): error TS1005: ',' expected.
server/routes/order-to-cash-routes.ts(9537,1): error TS1005: ',' expected.
server/routes/order-to-cash-routes.ts(9537,38): error TS1005: ',' expected.
server/routes/order-to-cash-routes.ts(9538,14): error TS1005: ',' expected.
server/routes/order-to-cash-routes.ts(9538,17): error TS1005: ',' expected.
server/routes/order-to-cash-routes.ts(9538,35): error TS1005: ',' expected.
server/routes/order-to-cash-routes.ts(9538,38): error TS1005: ',' expected.
server/routes/order-to-cash-routes.ts(9539,14): error TS1005: ',' expected.
server/routes/order-to-cash-routes.ts(9539,17): error TS1005: ',' expected.
server/routes/order-to-cash-routes.ts(9540,1): error TS1005: ',' expected.
server/routes/order-to-cash-routes.ts(9543,7): error TS1005: ',' expected.
server/routes/order-to-cash-routes.ts(9543,13): error TS1005: ',' expected.
server/routes/order-to-cash-routes.ts(9543,16): error TS1005: ',' expected.
server/routes/order-to-cash-routes.ts(9543,32): error TS1005: ',' expected.
server/routes/order-to-cash-routes.ts(9543,52): error TS1005: ',' expected.
server/routes/order-to-cash-routes.ts(9563,1): error TS1005: ',' expected.
server/routes/order-to-cash-routes.ts(9564,1): error TS1005: ',' expected.
server/routes/order-to-cash-routes.ts(9572,7): error TS1005: ',' expected.
server/routes/order-to-cash-routes.ts(9572,12): error TS1005: ',' expected.
server/routes/order-to-cash-routes.ts(9572,30): error TS1005: ',' expected.
server/routes/order-to-cash-routes.ts(9573,7): error TS1005: ',' expected.
server/routes/order-to-cash-routes.ts(9573,12): error TS1005: ',' expected.
server/routes/order-to-cash-routes.ts(9573,17): error TS1005: ',' expected.
server/routes/order-to-cash-routes.ts(9573,30): error TS1005: ',' expected.
server/routes/order-to-cash-routes.ts(9573,33): error TS1005: ',' expected.
server/routes/order-to-cash-routes.ts(9573,36): error TS1005: ',' expected.
server/routes/order-to-cash-routes.ts(9574,7): error TS1005: ',' expected.
server/routes/order-to-cash-routes.ts(9574,12): error TS1005: ',' expected.
server/routes/order-to-cash-routes.ts(9574,17): error TS1005: ',' expected.
server/routes/order-to-cash-routes.ts(9574,36): error TS1005: ',' expected.
server/routes/order-to-cash-routes.ts(9574,39): error TS1005: ',' expected.
server/routes/order-to-cash-routes.ts(9574,42): error TS1005: ',' expected.
server/routes/order-to-cash-routes.ts(9575,7): error TS1005: ',' expected.
server/routes/order-to-cash-routes.ts(9575,12): error TS1005: ',' expected.
server/routes/order-to-cash-routes.ts(9575,17): error TS1005: ',' expected.
server/routes/order-to-cash-routes.ts(9575,31): error TS1005: ',' expected.
server/routes/order-to-cash-routes.ts(9575,33): error TS1005: ',' expected.
server/routes/order-to-cash-routes.ts(9575,36): error TS1005: ',' expected.
server/routes/order-to-cash-routes.ts(9576,7): error TS1005: ',' expected.
server/routes/order-to-cash-routes.ts(9576,12): error TS1005: ',' expected.
server/routes/order-to-cash-routes.ts(9576,17): error TS1005: ',' expected.
server/routes/order-to-cash-routes.ts(9576,31): error TS1005: ',' expected.
server/routes/order-to-cash-routes.ts(9576,34): error TS1005: ',' expected.
server/routes/order-to-cash-routes.ts(9576,37): error TS1005: ',' expected.
server/routes/order-to-cash-routes.ts(9577,1): error TS1005: ',' expected.
server/routes/order-to-cash-routes.ts(9578,9): error TS1005: ',' expected.
server/routes/order-to-cash-routes.ts(9578,13): error TS1005: ',' expected.
server/routes/order-to-cash-routes.ts(9578,43): error TS1005: ',' expected.
server/routes/order-to-cash-routes.ts(9578,46): error TS1005: ',' expected.
server/routes/order-to-cash-routes.ts(9578,50): error TS1005: ',' expected.
server/routes/order-to-cash-routes.ts(9579,9): error TS1005: ',' expected.
server/routes/order-to-cash-routes.ts(9579,13): error TS1005: ',' expected.
server/routes/order-to-cash-routes.ts(9580,7): error TS1005: ',' expected.
server/routes/order-to-cash-routes.ts(9580,13): error TS1005: ',' expected.
server/routes/order-to-cash-routes.ts(9580,16): error TS1005: ',' expected.
server/routes/order-to-cash-routes.ts(9580,30): error TS1005: ',' expected.
server/routes/order-to-cash-routes.ts(9603,1): error TS1005: ',' expected.
server/routes/order-to-cash-routes.ts(9604,1): error TS1005: ',' expected.
server/routes/order-to-cash-routes.ts(9604,4): error TS1003: Identifier expected.
server/routes/order-to-cash-routes.ts(9604,5): error TS1109: Expression expected.
server/routes/order-to-cash-routes.ts(9609,7): error TS1005: ',' expected.
server/routes/order-to-cash-routes.ts(9609,12): error TS1005: ',' expected.
server/routes/order-to-cash-routes.ts(9609,30): error TS1005: ',' expected.
server/routes/order-to-cash-routes.ts(9610,7): error TS1005: ',' expected.
server/routes/order-to-cash-routes.ts(9610,12): error TS1005: ',' expected.
server/routes/order-to-cash-routes.ts(9610,17): error TS1005: ',' expected.
server/routes/order-to-cash-routes.ts(9610,30): error TS1005: ',' expected.
server/routes/order-to-cash-routes.ts(9610,33): error TS1005: ',' expected.
server/routes/order-to-cash-routes.ts(9610,36): error TS1005: ',' expected.
server/routes/order-to-cash-routes.ts(9611,7): error TS1005: ',' expected.
server/routes/order-to-cash-routes.ts(9611,12): error TS1005: ',' expected.
server/routes/order-to-cash-routes.ts(9611,17): error TS1005: ',' expected.
server/routes/order-to-cash-routes.ts(9611,31): error TS1005: ',' expected.
server/routes/order-to-cash-routes.ts(9611,33): error TS1005: ',' expected.
server/routes/order-to-cash-routes.ts(9611,36): error TS1005: ',' expected.
server/routes/order-to-cash-routes.ts(9612,7): error TS1005: ',' expected.
server/routes/order-to-cash-routes.ts(9612,13): error TS1005: ',' expected.
server/routes/order-to-cash-routes.ts(9612,22): error TS1005: ',' expected.
server/routes/order-to-cash-routes.ts(9634,7): error TS1005: ',' expected.
server/routes/order-to-cash-routes.ts(9634,14): error TS1005: ',' expected.
server/routes/order-to-cash-routes.ts(9634,17): error TS1003: Identifier expected.
server/routes/order-to-cash-routes.ts(9634,18): error TS1109: Expression expected.
server/routes/order-to-cash-routes.ts(9636,7): error TS1005: ',' expected.
server/routes/order-to-cash-routes.ts(9636,12): error TS1005: ',' expected.
server/routes/order-to-cash-routes.ts(9636,26): error TS1005: ',' expected.
server/routes/order-to-cash-routes.ts(9637,7): error TS1005: ',' expected.
server/routes/order-to-cash-routes.ts(9637,12): error TS1005: ',' expected.
server/routes/order-to-cash-routes.ts(9637,17): error TS1005: ',' expected.
server/routes/order-to-cash-routes.ts(9637,35): error TS1005: ',' expected.
server/routes/order-to-cash-routes.ts(9637,38): error TS1005: ',' expected.
server/routes/order-to-cash-routes.ts(9637,41): error TS1005: ',' expected.
server/routes/order-to-cash-routes.ts(9638,7): error TS1005: ',' expected.
server/routes/order-to-cash-routes.ts(9638,12): error TS1005: ',' expected.
server/routes/order-to-cash-routes.ts(9638,17): error TS1005: ',' expected.
server/routes/order-to-cash-routes.ts(9638,30): error TS1005: ',' expected.
server/routes/order-to-cash-routes.ts(9638,33): error TS1005: ',' expected.
server/routes/order-to-cash-routes.ts(9638,36): error TS1005: ',' expected.
server/routes/order-to-cash-routes.ts(9639,7): error TS1005: ',' expected.
server/routes/order-to-cash-routes.ts(9639,12): error TS1005: ',' expected.
server/routes/order-to-cash-routes.ts(9639,17): error TS1005: ',' expected.
server/routes/order-to-cash-routes.ts(9639,40): error TS1005: ',' expected.
server/routes/order-to-cash-routes.ts(9639,46): error TS1005: ',' expected.
server/routes/order-to-cash-routes.ts(9639,49): error TS1005: ',' expected.
server/routes/order-to-cash-routes.ts(9640,7): error TS1005: ',' expected.
server/routes/order-to-cash-routes.ts(9640,12): error TS1005: ',' expected.
server/routes/order-to-cash-routes.ts(9640,17): error TS1005: ',' expected.
server/routes/order-to-cash-routes.ts(9640,37): error TS1005: ',' expected.
server/routes/order-to-cash-routes.ts(9640,47): error TS1005: ',' expected.
server/routes/order-to-cash-routes.ts(9640,50): error TS1005: ',' expected.
server/routes/order-to-cash-routes.ts(9641,7): error TS1005: ',' expected.
server/routes/order-to-cash-routes.ts(9641,13): error TS1005: ',' expected.
server/routes/order-to-cash-routes.ts(9641,30): error TS1005: ',' expected.
server/routes/order-to-cash-routes.ts(9642,7): error TS1005: ',' expected.
server/routes/order-to-cash-routes.ts(9642,13): error TS1005: ',' expected.
server/routes/order-to-cash-routes.ts(9642,16): error TS1005: ',' expected.
server/routes/order-to-cash-routes.ts(9647,7): error TS1005: ',' expected.
server/routes/order-to-cash-routes.ts(9647,14): error TS1005: ',' expected.
server/routes/order-to-cash-routes.ts(9648,7): error TS1005: ',' expected.
server/routes/order-to-cash-routes.ts(9648,12): error TS1005: ',' expected.
server/routes/order-to-cash-routes.ts(9649,7): error TS1005: ',' expected.
server/routes/order-to-cash-routes.ts(9649,13): error TS1005: ',' expected.
server/routes/order-to-cash-routes.ts(9649,19): error TS1005: ',' expected.
server/routes/order-to-cash-routes.ts(9649,31): error TS1005: ',' expected.
server/routes/order-to-cash-routes.ts(9659,9): error TS1005: ',' expected.
server/routes/order-to-cash-routes.ts(9659,16): error TS1005: ',' expected.
server/routes/order-to-cash-routes.ts(9659,21): error TS1005: ',' expected.
server/routes/order-to-cash-routes.ts(9659,26): error TS1005: ',' expected.
server/routes/order-to-cash-routes.ts(9659,49): error TS1005: ',' expected.
server/routes/order-to-cash-routes.ts(9659,55): error TS1005: ',' expected.
server/routes/order-to-cash-routes.ts(9659,72): error TS1005: ',' expected.
server/routes/order-to-cash-routes.ts(9659,78): error TS1005: ',' expected.
server/routes/order-to-cash-routes.ts(9659,81): error TS1005: ',' expected.
server/routes/order-to-cash-routes.ts(9659,84): error TS1005: ',' expected.
server/routes/order-to-cash-routes.ts(9659,90): error TS1005: ',' expected.
server/routes/order-to-cash-routes.ts(9666,11): error TS1005: ',' expected.
server/routes/order-to-cash-routes.ts(9666,18): error TS1005: ',' expected.
server/routes/order-to-cash-routes.ts(9666,23): error TS1005: ',' expected.
server/routes/order-to-cash-routes.ts(9666,28): error TS1005: ',' expected.
server/routes/order-to-cash-routes.ts(9666,48): error TS1005: ',' expected.
server/routes/order-to-cash-routes.ts(9666,54): error TS1005: ',' expected.
server/routes/order-to-cash-routes.ts(9666,71): error TS1005: ',' expected.
server/routes/order-to-cash-routes.ts(9666,77): error TS1005: ',' expected.
server/routes/order-to-cash-routes.ts(9666,80): error TS1005: ',' expected.
server/routes/order-to-cash-routes.ts(9666,83): error TS1005: ',' expected.
server/routes/order-to-cash-routes.ts(9666,89): error TS1005: ',' expected.
server/routes/order-to-cash-routes.ts(9700,9): error TS1005: ',' expected.
server/routes/order-to-cash-routes.ts(9700,16): error TS1005: ',' expected.
server/routes/order-to-cash-routes.ts(9701,9): error TS1005: ',' expected.
server/routes/order-to-cash-routes.ts(9701,14): error TS1005: ',' expected.
server/routes/order-to-cash-routes.ts(9701,38): error TS1005: ',' expected.
server/routes/order-to-cash-routes.ts(9702,9): error TS1005: ',' expected.
server/routes/order-to-cash-routes.ts(9702,14): error TS1005: ',' expected.
server/routes/order-to-cash-routes.ts(9702,26): error TS1005: ',' expected.
server/routes/order-to-cash-routes.ts(9702,29): error TS1005: ',' expected.
server/routes/order-to-cash-routes.ts(9702,32): error TS1005: ',' expected.
server/routes/order-to-cash-routes.ts(9703,9): error TS1005: ',' expected.
server/routes/order-to-cash-routes.ts(9703,15): error TS1005: ',' expected.
server/routes/order-to-cash-routes.ts(9703,26): error TS1005: ',' expected.
server/routes/order-to-cash-routes.ts(9704,11): error TS1005: ',' expected.
server/routes/order-to-cash-routes.ts(9704,15): error TS1005: ',' expected.
server/routes/order-to-cash-routes.ts(9705,9): error TS1005: ',' expected.
server/routes/order-to-cash-routes.ts(9705,15): error TS1005: ',' expected.
server/routes/order-to-cash-routes.ts(9709,27): error TS1005: ',' expected.
server/routes/order-to-cash-routes.ts(9709,33): error TS1005: ',' expected.
server/routes/order-to-cash-routes.ts(9709,42): error TS1005: ',' expected.
server/routes/order-to-cash-routes.ts(9709,57): error TS1005: ',' expected.
server/routes/order-to-cash-routes.ts(9709,64): error TS1005: ',' expected.
server/routes/order-to-cash-routes.ts(9709,74): error TS1005: ',' expected.
server/routes/order-to-cash-routes.ts(9709,101): error TS1109: Expression expected.
server/routes/order-to-cash-routes.ts(9709,106): error TS1005: ',' expected.
server/routes/order-to-cash-routes.ts(9709,107): error TS1005: ',' expected.
server/routes/order-to-cash-routes.ts(9709,118): error TS1005: ',' expected.
server/routes/order-to-cash-routes.ts(9710,7): error TS1005: ',' expected.
server/routes/order-to-cash-routes.ts(9712,13): error TS1005: ':' expected.
server/routes/order-to-cash-routes.ts(9717,15): error TS1005: ',' expected.
server/routes/order-to-cash-routes.ts(9718,47): error TS1005: ',' expected.
server/routes/order-to-cash-routes.ts(9728,9): error TS1005: ',' expected.
server/routes/order-to-cash-routes.ts(9728,16): error TS1005: ',' expected.
server/routes/order-to-cash-routes.ts(9729,9): error TS1005: ',' expected.
server/routes/order-to-cash-routes.ts(9729,14): error TS1005: ',' expected.
server/routes/order-to-cash-routes.ts(9730,9): error TS1005: ',' expected.
server/routes/order-to-cash-routes.ts(9730,15): error TS1005: ',' expected.
server/routes/order-to-cash-routes.ts(9730,33): error TS1005: ',' expected.
server/routes/order-to-cash-routes.ts(9730,56): error TS1005: ',' expected.
server/routes/order-to-cash-routes.ts(9731,11): error TS1005: ',' expected.
server/routes/order-to-cash-routes.ts(9731,15): error TS1005: ',' expected.
server/routes/order-to-cash-routes.ts(9732,9): error TS1005: ',' expected.
server/routes/order-to-cash-routes.ts(9732,15): error TS1005: ',' expected.
server/routes/order-to-cash-routes.ts(9736,27): error TS1005: ',' expected.
server/routes/order-to-cash-routes.ts(9736,33): error TS1005: ',' expected.
server/routes/order-to-cash-routes.ts(9736,41): error TS1005: ',' expected.
server/routes/order-to-cash-routes.ts(9736,55): error TS1005: ',' expected.
server/routes/order-to-cash-routes.ts(9736,63): error TS1005: ',' expected.
server/routes/order-to-cash-routes.ts(9736,65): error TS1005: ',' expected.
server/routes/order-to-cash-routes.ts(9736,68): error TS1005: ',' expected.
server/routes/order-to-cash-routes.ts(9736,91): error TS1005: ',' expected.
server/routes/order-to-cash-routes.ts(9741,5): error TS1005: ',' expected.
server/routes/order-to-cash-routes.ts(9816,18): error TS1005: ',' expected.
server/routes/order-to-cash-routes.ts(9816,25): error TS1005: ',' expected.
server/routes/order-to-cash-routes.ts(9816,32): error TS1005: ',' expected.
server/routes/order-to-cash-routes.ts(9816,33): error TS1005: ',' expected.
server/routes/order-to-cash-routes.ts(9816,47): error TS1005: ',' expected.
server/routes/order-to-cash-routes.ts(9816,62): error TS1005: ',' expected.
server/routes/order-to-cash-routes.ts(9816,65): error TS1005: ',' expected.
server/routes/order-to-cash-routes.ts(9816,70): error TS1005: ',' expected.
server/routes/order-to-cash-routes.ts(9816,74): error TS1005: '(' expected.
server/routes/order-to-cash-routes.ts(9816,82): error TS1005: ';' expected.
server/routes/order-to-cash-routes.ts(9816,83): error TS1005: ';' expected.
server/routes/order-to-cash-routes.ts(9820,42): error TS1005: ')' expected.
server/routes/order-to-cash-routes.ts(9820,49): error TS1434: Unexpected keyword or 
identifier.
server/routes/order-to-cash-routes.ts(9820,56): error TS1434: Unexpected keyword or 
identifier.
server/routes/order-to-cash-routes.ts(9820,67): error TS1161: Unterminated regular 
expression literal.
server/routes/order-to-cash-routes.ts(9821,6): error TS1128: Declaration or statement 
expected.
server/routes/order-to-cash-routes.ts(9822,5): error TS1128: Declaration or statement 
expected.
server/routes/order-to-cash-routes.ts(9897,166): error TS1005: ')' expected.
server/routes/order-to-cash-routes.ts(9908,170): error TS1005: ')' expected.
server/routes/order-to-cash-routes.ts(10140,11): error TS1005: ',' expected.
server/routes/order-to-cash-routes.ts(10140,18): error TS1005: ',' expected.
server/routes/order-to-cash-routes.ts(10140,21): error TS1005: ',' expected.
server/routes/order-to-cash-routes.ts(10140,26): error TS1005: ',' expected.
server/routes/order-to-cash-routes.ts(10140,38): error TS1005: ',' expected.
server/routes/order-to-cash-routes.ts(10140,44): error TS1005: ',' expected.
server/routes/order-to-cash-routes.ts(10140,62): error TS1005: ',' expected.
server/routes/order-to-cash-routes.ts(10140,78): error TS1005: ',' expected.
server/routes/order-to-cash-routes.ts(10140,82): error TS1005: ',' expected.
server/routes/order-to-cash-routes.ts(10140,99): error TS1005: ',' expected.
server/routes/order-to-cash-routes.ts(10140,105): error TS1005: ',' expected.
server/routes/order-to-cash-routes.ts(10148,25): error TS1005: ',' expected.
server/routes/order-to-cash-routes.ts(10148,29): error TS1005: ',' expected.
server/routes/order-to-cash-routes.ts(10148,40): error TS1005: ',' expected.
server/routes/order-to-cash-routes.ts(10148,52): error TS1005: ',' expected.
server/routes/order-to-cash-routes.ts(10150,27): error TS1005: ']' expected.
server/routes/order-to-cash-routes.ts(10150,29): error TS1005: ',' expected.
server/routes/order-to-cash-routes.ts(10150,37): error TS1005: ',' expected.
server/routes/order-to-cash-routes.ts(10150,38): error TS1005: ',' expected.
server/routes/order-to-cash-routes.ts(10150,55): error TS1005: ',' expected.
server/routes/order-to-cash-routes.ts(10150,69): error TS1005: ',' expected.
server/routes/order-to-cash-routes.ts(10150,72): error TS1005: ',' expected.
server/routes/order-to-cash-routes.ts(10150,75): error TS1005: ',' expected.
server/routes/order-to-cash-routes.ts(10150,76): error TS1005: ',' expected.
server/routes/order-to-cash-routes.ts(10152,26): error TS1005: ',' expected.
server/routes/order-to-cash-routes.ts(10152,29): error TS1005: ',' expected.
server/routes/order-to-cash-routes.ts(10152,37): error TS1005: ',' expected.
server/routes/order-to-cash-routes.ts(10152,38): error TS1005: ',' expected.
server/routes/order-to-cash-routes.ts(10152,54): error TS1005: ',' expected.
server/routes/order-to-cash-routes.ts(10152,58): error TS1005: ',' expected.
server/routes/order-to-cash-routes.ts(10152,79): error TS1005: ',' expected.
server/routes/order-to-cash-routes.ts(10155,13): error TS1005: ',' expected.
server/routes/order-to-cash-routes.ts(10155,20): error TS1005: ',' expected.
server/routes/order-to-cash-routes.ts(10155,23): error TS1005: ',' expected.
server/routes/order-to-cash-routes.ts(10155,28): error TS1005: ',' expected.
server/routes/order-to-cash-routes.ts(10156,13): error TS1005: ',' expected.
server/routes/order-to-cash-routes.ts(10156,19): error TS1005: ',' expected.
server/routes/order-to-cash-routes.ts(10157,15): error TS1005: ',' expected.
server/routes/order-to-cash-routes.ts(10157,32): error TS1005: ',' expected.
server/routes/order-to-cash-routes.ts(10157,38): error TS1005: ',' expected.
server/routes/order-to-cash-routes.ts(10157,46): error TS1005: ',' expected.
server/routes/order-to-cash-routes.ts(10157,49): error TS1005: ',' expected.
server/routes/order-to-cash-routes.ts(10157,62): error TS1005: ',' expected.
server/routes/order-to-cash-routes.ts(10157,68): error TS1005: ',' expected.
server/routes/order-to-cash-routes.ts(10157,76): error TS1005: ',' expected.
server/routes/order-to-cash-routes.ts(10157,79): error TS1005: ',' expected.
server/routes/order-to-cash-routes.ts(10157,92): error TS1005: ',' expected.
server/routes/order-to-cash-routes.ts(10157,98): error TS1005: ',' expected.
server/routes/order-to-cash-routes.ts(10158,15): error TS1005: ',' expected.
server/routes/order-to-cash-routes.ts(10158,19): error TS1005: ',' expected.
server/routes/order-to-cash-routes.ts(10159,13): error TS1005: ',' expected.
server/routes/order-to-cash-routes.ts(10159,19): error TS1005: ',' expected.
server/routes/order-to-cash-routes.ts(10159,22): error TS1005: ',' expected.
server/routes/order-to-cash-routes.ts(10159,37): error TS1005: ',' expected.
server/routes/order-to-cash-routes.ts(10159,43): error TS1005: ',' expected.
server/routes/order-to-cash-routes.ts(10167,27): error TS1005: ',' expected.
server/routes/order-to-cash-routes.ts(10167,31): error TS1005: ',' expected.
server/routes/order-to-cash-routes.ts(10167,42): error TS1005: ',' expected.
server/routes/order-to-cash-routes.ts(10167,54): error TS1005: ',' expected.
server/routes/order-to-cash-routes.ts(10186,15): error TS1005: ',' expected.
server/routes/order-to-cash-routes.ts(10186,18): error TS1005: ',' expected.
server/routes/order-to-cash-routes.ts(10186,26): error TS1005: ',' expected.
server/routes/order-to-cash-routes.ts(10186,30): error TS1005: ',' expected.
server/routes/order-to-cash-routes.ts(10186,34): error TS1005: ',' expected.
server/routes/order-to-cash-routes.ts(10186,49): error TS1005: ',' expected.
server/routes/order-to-cash-routes.ts(10186,52): error TS1005: ',' expected.
server/routes/order-to-cash-routes.ts(10186,65): error TS1005: ',' expected.
server/routes/order-to-cash-routes.ts(10186,87): error TS1005: ',' expected.
server/routes/order-to-cash-routes.ts(10186,90): error TS1005: ',' expected.
server/routes/order-to-cash-routes.ts(10186,104): error TS1005: ',' expected.
server/routes/order-to-cash-routes.ts(10186,129): error TS1005: ',' expected.
server/routes/order-to-cash-routes.ts(10186,132): error TS1005: ',' expected.
server/routes/order-to-cash-routes.ts(10186,151): error TS1005: ',' expected.
server/routes/order-to-cash-routes.ts(10205,55): error TS1005: ',' expected.
server/routes/order-to-cash-routes.ts(10205,62): error TS1005: ',' expected.
server/routes/order-to-cash-routes.ts(10209,7): error TS1005: ',' expected.
server/routes/order-to-cash-routes.ts(10209,14): error TS1005: ',' expected.
server/routes/order-to-cash-routes.ts(10209,23): error TS1005: ',' expected.
server/routes/order-to-cash-routes.ts(10209,28): error TS1005: ',' expected.
server/routes/order-to-cash-routes.ts(10209,42): error TS1005: ',' expected.
server/routes/order-to-cash-routes.ts(10209,48): error TS1005: ',' expected.
server/routes/order-to-cash-routes.ts(10209,56): error TS1005: ',' expected.
server/routes/order-to-cash-routes.ts(10209,72): error TS1005: ',' expected.
server/routes/order-to-cash-routes.ts(10209,76): error TS1005: ',' expected.
server/routes/order-to-cash-routes.ts(10209,93): error TS1005: ',' expected.
server/routes/order-to-cash-routes.ts(10209,99): error TS1005: ',' expected.
server/routes/order-to-cash-routes.ts(10215,15): error TS1005: ',' expected.
server/routes/order-to-cash-routes.ts(10215,24): error TS1005: ',' expected.
server/routes/order-to-cash-routes.ts(10215,28): error TS1005: ',' expected.
server/routes/order-to-cash-routes.ts(10215,39): error TS1005: ',' expected.
server/routes/order-to-cash-routes.ts(10215,43): error TS1005: '(' expected.
server/routes/order-to-cash-routes.ts(10215,51): error TS1005: ';' expected.
server/routes/order-to-cash-routes.ts(10215,60): error TS1005: ';' expected.
server/routes/order-to-cash-routes.ts(10215,63): error TS1005: ')' expected.
server/routes/order-to-cash-routes.ts(10215,71): error TS1434: Unexpected keyword or 
identifier.
server/routes/order-to-cash-routes.ts(10215,76): error TS1434: Unexpected keyword or 
identifier.
server/routes/order-to-cash-routes.ts(10215,92): error TS1128: Declaration or statement 
expected.
server/routes/order-to-cash-routes.ts(10236,9): error TS1434: Unexpected keyword or 
identifier.
server/routes/order-to-cash-routes.ts(10236,16): error TS1434: Unexpected keyword or 
identifier.
server/routes/order-to-cash-routes.ts(10236,29): error TS1435: Unknown keyword or 
identifier. Did you mean 'from'?
server/routes/order-to-cash-routes.ts(10237,9): error TS1434: Unexpected keyword or 
identifier.
server/routes/order-to-cash-routes.ts(10237,46): error TS1005: ';' expected.
server/routes/order-to-cash-routes.ts(10237,64): error TS1005: ';' expected.
server/routes/order-to-cash-routes.ts(10247,9): error TS1434: Unexpected keyword or 
identifier.
server/routes/order-to-cash-routes.ts(10247,16): error TS1434: Unexpected keyword or 
identifier.
server/routes/order-to-cash-routes.ts(10247,19): error TS1435: Unknown keyword or 
identifier. Did you mean 'from'?
server/routes/order-to-cash-routes.ts(10248,31): error TS1005: ',' expected.
server/routes/order-to-cash-routes.ts(10248,34): error TS1005: ',' expected.
server/routes/order-to-cash-routes.ts(10249,11): error TS1434: Unexpected keyword or 
identifier.
server/routes/order-to-cash-routes.ts(10250,9): error TS1434: Unexpected keyword or 
identifier.
server/routes/order-to-cash-routes.ts(10250,15): error TS1434: Unexpected keyword or 
identifier.
server/routes/order-to-cash-routes.ts(10250,18): error TS1434: Unexpected keyword or 
identifier.
server/routes/order-to-cash-routes.ts(10250,21): error TS1434: Unexpected keyword or 
identifier.
server/routes/order-to-cash-routes.ts(10260,9): error TS1434: Unexpected keyword or 
identifier.
server/routes/order-to-cash-routes.ts(10260,16): error TS1434: Unexpected keyword or 
identifier.
server/routes/order-to-cash-routes.ts(10260,19): error TS1435: Unknown keyword or 
identifier. Did you mean 'from'?
server/routes/order-to-cash-routes.ts(10261,9): error TS1434: Unexpected keyword or 
identifier.
server/routes/order-to-cash-routes.ts(10262,9): error TS1434: Unexpected keyword or 
identifier.
server/routes/order-to-cash-routes.ts(10262,15): error TS1434: Unexpected keyword or 
identifier.
server/routes/order-to-cash-routes.ts(10262,18): error TS1434: Unexpected keyword or 
identifier.
server/routes/order-to-cash-routes.ts(10262,21): error TS1434: Unexpected keyword or 
identifier.
server/routes/order-to-cash-routes.ts(10263,7): error TS1443: Module declaration names 
may only use ' or " quoted strings.
server/routes/order-to-cash-routes.ts(10287,42): error TS1434: Unexpected keyword or 
identifier.
server/routes/order-to-cash-routes.ts(10287,50): error TS1434: Unexpected keyword or 
identifier.
server/routes/order-to-cash-routes.ts(10309,93): error TS1005: ';' expected.
server/routes/order-to-cash-routes.ts(10309,100): error TS1434: Unexpected keyword or 
identifier.
server/routes/order-to-cash-routes.ts(10309,103): error TS1435: Unknown keyword or 
identifier. Did you mean 'from'?
server/routes/order-to-cash-routes.ts(10309,108): error TS1434: Unexpected keyword or 
identifier.
server/routes/order-to-cash-routes.ts(10309,122): error TS1434: Unexpected keyword or 
identifier.
server/routes/order-to-cash-routes.ts(10309,136): error TS1005: ';' expected.
server/routes/order-to-cash-routes.ts(10309,152): error TS1434: Unexpected keyword or 
identifier.
server/routes/order-to-cash-routes.ts(10309,159): error TS1443: Module declaration names 
may only use ' or " quoted strings.
server/routes/order-to-cash-routes.ts(10313,70): error TS1434: Unexpected keyword or 
identifier.
server/routes/order-to-cash-routes.ts(10313,77): error TS1434: Unexpected keyword or 
identifier.
server/routes/order-to-cash-routes.ts(10313,80): error TS1435: Unknown keyword or 
identifier. Did you mean 'from'?
server/routes/order-to-cash-routes.ts(10313,85): error TS1434: Unexpected keyword or 
identifier.
server/routes/order-to-cash-routes.ts(10313,96): error TS1434: Unexpected keyword or 
identifier.
server/routes/order-to-cash-routes.ts(10313,110): error TS1005: ';' expected.
server/routes/order-to-cash-routes.ts(10313,123): error TS1434: Unexpected keyword or 
identifier.
server/routes/order-to-cash-routes.ts(10313,130): error TS1443: Module declaration names 
may only use ' or " quoted strings.
server/routes/order-to-cash-routes.ts(10315,22): error TS1434: Unexpected keyword or 
identifier.
server/routes/order-to-cash-routes.ts(10315,30): error TS1434: Unexpected keyword or 
identifier.
server/routes/order-to-cash-routes.ts(10315,42): error TS1005: '(' expected.
server/routes/order-to-cash-routes.ts(10315,43): error TS1005: ';' expected.
server/routes/order-to-cash-routes.ts(10324,11): error TS1005: ';' expected.
server/routes/order-to-cash-routes.ts(10324,18): error TS1005: ')' expected.
server/routes/order-to-cash-routes.ts(10325,11): error TS1434: Unexpected keyword or 
identifier.
server/routes/order-to-cash-routes.ts(10325,17): error TS1434: Unexpected keyword or 
identifier.
server/routes/order-to-cash-routes.ts(10326,20): error TS1005: ',' expected.
server/routes/order-to-cash-routes.ts(10326,23): error TS1005: ',' expected.
server/routes/order-to-cash-routes.ts(10326,28): error TS1005: ',' expected.
server/routes/order-to-cash-routes.ts(10326,44): error TS1005: ',' expected.
server/routes/order-to-cash-routes.ts(10326,50): error TS1005: ',' expected.
server/routes/order-to-cash-routes.ts(10326,83): error TS1005: ',' expected.
server/routes/order-to-cash-routes.ts(10326,87): error TS1005: ',' expected.
server/routes/order-to-cash-routes.ts(10328,9): error TS1443: Module declaration names 
may only use ' or " quoted strings.
server/routes/order-to-cash-routes.ts(10329,29): error TS1435: Unknown keyword or 
identifier. Did you mean 'delete'?
server/routes/order-to-cash-routes.ts(10329,36): error TS1435: Unknown keyword or 
identifier. Did you mean 'from'?
server/routes/order-to-cash-routes.ts(10329,41): error TS1434: Unexpected keyword or 
identifier.
server/routes/order-to-cash-routes.ts(10329,57): error TS1434: Unexpected keyword or 
identifier.
server/routes/order-to-cash-routes.ts(10329,96): error TS1005: ';' expected.
server/routes/order-to-cash-routes.ts(10339,23): error TS1005: ';' expected.
server/routes/order-to-cash-routes.ts(10339,32): error TS1434: Unexpected keyword or 
identifier.
server/routes/order-to-cash-routes.ts(10339,39): error TS1434: Unexpected keyword or 
identifier.
server/routes/order-to-cash-routes.ts(10339,64): error TS1434: Unexpected keyword or 
identifier.
server/routes/order-to-cash-routes.ts(10339,94): error TS1005: ';' expected.
server/routes/order-to-cash-routes.ts(10339,104): error TS1005: ';' expected.
server/routes/order-to-cash-routes.ts(10341,13): error TS1434: Unexpected keyword or 
identifier.
server/routes/order-to-cash-routes.ts(10341,26): error TS1109: Expression expected.
server/routes/order-to-cash-routes.ts(10341,27): error TS1109: Expression expected.
server/routes/order-to-cash-routes.ts(10341,28): error TS1005: ';' expected.
server/routes/order-to-cash-routes.ts(10341,29): error TS1128: Declaration or statement 
expected.
server/routes/order-to-cash-routes.ts(10341,48): error TS1005: ';' expected.
server/routes/order-to-cash-routes.ts(10341,53): error TS1434: Unexpected keyword or 
identifier.
server/routes/order-to-cash-routes.ts(10341,69): error TS1434: Unexpected keyword or 
identifier.
server/routes/order-to-cash-routes.ts(10341,94): error TS1005: ';' expected.
server/routes/order-to-cash-routes.ts(10341,121): error TS1434: Unexpected keyword or 
identifier.
server/routes/order-to-cash-routes.ts(10341,140): error TS1005: ';' expected.
server/routes/order-to-cash-routes.ts(10344,33): error TS1005: ';' expected.
server/routes/order-to-cash-routes.ts(10345,145): error TS1005: ')' expected.
server/routes/order-to-cash-routes.ts(10347,11): error TS1128: Declaration or statement 
expected.
server/routes/order-to-cash-routes.ts(10355,7): error TS1005: 'try' expected.
server/routes/order-to-cash-routes.ts(10523,22): error TS1127: Invalid character.
server/routes/order-to-cash-routes.ts(10523,32): error TS1005: ',' expected.
server/routes/order-to-cash-routes.ts(10523,35): error TS1005: ',' expected.
server/routes/order-to-cash-routes.ts(10523,40): error TS1005: ',' expected.
server/routes/order-to-cash-routes.ts(10523,45): error TS1005: ',' expected.
server/routes/order-to-cash-routes.ts(10523,49): error TS1005: '(' expected.
server/routes/order-to-cash-routes.ts(10523,57): error TS1005: ';' expected.
server/routes/order-to-cash-routes.ts(10523,66): error TS1005: ';' expected.
server/routes/order-to-cash-routes.ts(10523,67): error TS1005: ')' expected.
server/routes/order-to-cash-routes.ts(10543,17): error TS1005: ';' expected.
server/routes/order-to-cash-routes.ts(10543,25): error TS1434: Unexpected keyword or 
identifier.
server/routes/order-to-cash-routes.ts(10543,34): error TS1434: Unexpected keyword or 
identifier.
server/routes/order-to-cash-routes.ts(10543,65): error TS1434: Unexpected keyword or 
identifier.
server/routes/order-to-cash-routes.ts(10543,72): error TS1434: Unexpected keyword or 
identifier.
server/routes/order-to-cash-routes.ts(10543,75): error TS1434: Unexpected keyword or 
identifier.
server/routes/order-to-cash-routes.ts(10568,7): error TS1435: Unknown keyword or 
identifier. Did you mean 'from'?
server/routes/order-to-cash-routes.ts(10568,12): error TS1434: Unexpected keyword or 
identifier.
server/routes/order-to-cash-routes.ts(10569,7): error TS1435: Unknown keyword or 
identifier. Did you mean 'let'?
server/routes/order-to-cash-routes.ts(10569,12): error TS1434: Unexpected keyword or 
identifier.
server/routes/order-to-cash-routes.ts(10569,17): error TS1434: Unexpected keyword or 
identifier.
server/routes/order-to-cash-routes.ts(10569,31): error TS1434: Unexpected keyword or 
identifier.
server/routes/order-to-cash-routes.ts(10569,34): error TS1434: Unexpected keyword or 
identifier.
server/routes/order-to-cash-routes.ts(10570,7): error TS1434: Unexpected keyword or 
identifier.
server/routes/order-to-cash-routes.ts(10570,22): error TS1005: ';' expected.
server/routes/order-to-cash-routes.ts(10600,52): error TS1005: ',' expected.
server/routes/order-to-cash-routes.ts(10600,53): error TS1135: Argument expression 
expected.
server/routes/order-to-cash-routes.ts(10601,7): error TS1435: Unknown keyword or 
identifier. Did you mean 'from'?
server/routes/order-to-cash-routes.ts(10601,12): error TS1434: Unexpected keyword or 
identifier.
server/routes/order-to-cash-routes.ts(10602,7): error TS1435: Unknown keyword or 
identifier. Did you mean 'let'?
server/routes/order-to-cash-routes.ts(10602,12): error TS1434: Unexpected keyword or 
identifier.
server/routes/order-to-cash-routes.ts(10602,17): error TS1434: Unexpected keyword or 
identifier.
server/routes/order-to-cash-routes.ts(10602,29): error TS1434: Unexpected keyword or 
identifier.
server/routes/order-to-cash-routes.ts(10602,32): error TS1434: Unexpected keyword or 
identifier.
server/routes/order-to-cash-routes.ts(10603,7): error TS1435: Unknown keyword or 
identifier. Did you mean 'let'?
server/routes/order-to-cash-routes.ts(10603,12): error TS1434: Unexpected keyword or 
identifier.
server/routes/order-to-cash-routes.ts(10603,17): error TS1434: Unexpected keyword or 
identifier.
server/routes/order-to-cash-routes.ts(10603,38): error TS1434: Unexpected keyword or 
identifier.
server/routes/order-to-cash-routes.ts(10603,41): error TS1434: Unexpected keyword or 
identifier.
server/routes/order-to-cash-routes.ts(10604,7): error TS1434: Unexpected keyword or 
identifier.
server/routes/order-to-cash-routes.ts(10604,35): error TS1005: ';' expected.
server/routes/order-to-cash-routes.ts(10605,7): error TS1434: Unexpected keyword or 
identifier.
server/routes/order-to-cash-routes.ts(10605,13): error TS1434: Unexpected keyword or 
identifier.
server/routes/order-to-cash-routes.ts(10605,42): error TS1005: ';' expected.
server/routes/order-to-cash-routes.ts(10640,5): error TS1434: Unexpected keyword or 
identifier.
server/routes/order-to-cash-routes.ts(10640,18): error TS1109: Expression expected.
server/routes/order-to-cash-routes.ts(10640,19): error TS1109: Expression expected.
server/routes/order-to-cash-routes.ts(10640,20): error TS1005: ';' expected.
server/routes/order-to-cash-routes.ts(10640,21): error TS1128: Declaration or statement 
expected.
server/routes/order-to-cash-routes.ts(10641,5): error TS1435: Unknown keyword or 
identifier. Did you mean 'from'?
server/routes/order-to-cash-routes.ts(10642,5): error TS1434: Unexpected keyword or 
identifier.
server/routes/order-to-cash-routes.ts(10642,24): error TS1005: ',' expected.
server/routes/order-to-cash-routes.ts(10642,29): error TS1005: ',' expected.
server/routes/order-to-cash-routes.ts(10642,45): error TS1005: ';' expected.
server/routes/order-to-cash-routes.ts(10645,11): error TS1005: ';' expected.
server/routes/order-to-cash-routes.ts(10645,18): error TS1005: ';' expected.
server/routes/order-to-cash-routes.ts(10645,29): error TS1005: ';' expected.
server/routes/order-to-cash-routes.ts(10652,5): error TS1434: Unexpected keyword or 
identifier.
server/routes/order-to-cash-routes.ts(10652,18): error TS1109: Expression expected.
server/routes/order-to-cash-routes.ts(10652,19): error TS1109: Expression expected.
server/routes/order-to-cash-routes.ts(10652,20): error TS1005: ';' expected.
server/routes/order-to-cash-routes.ts(10652,21): error TS1128: Declaration or statement 
expected.
server/routes/order-to-cash-routes.ts(10653,5): error TS1435: Unknown keyword or 
identifier. Did you mean 'from'?
server/routes/order-to-cash-routes.ts(10654,5): error TS1434: Unexpected keyword or 
identifier.
server/routes/order-to-cash-routes.ts(10654,24): error TS1005: ',' expected.
server/routes/order-to-cash-routes.ts(10654,29): error TS1005: ',' expected.
server/routes/order-to-cash-routes.ts(10654,45): error TS1005: ';' expected.
server/routes/order-to-cash-routes.ts(10657,11): error TS1005: ';' expected.
server/routes/order-to-cash-routes.ts(10657,17): error TS1005: ';' expected.
server/routes/order-to-cash-routes.ts(10657,28): error TS1005: ';' expected.
server/routes/order-to-cash-routes.ts(10664,5): error TS1434: Unexpected keyword or 
identifier.
server/routes/order-to-cash-routes.ts(10664,18): error TS1109: Expression expected.
server/routes/order-to-cash-routes.ts(10664,19): error TS1109: Expression expected.
server/routes/order-to-cash-routes.ts(10664,20): error TS1005: ';' expected.
server/routes/order-to-cash-routes.ts(10664,21): error TS1128: Declaration or statement 
expected.
server/routes/order-to-cash-routes.ts(10665,5): error TS1435: Unknown keyword or 
identifier. Did you mean 'from'?
server/routes/order-to-cash-routes.ts(10666,5): error TS1434: Unexpected keyword or 
identifier.
server/routes/order-to-cash-routes.ts(10666,24): error TS1005: ',' expected.
server/routes/order-to-cash-routes.ts(10666,29): error TS1005: ',' expected.
server/routes/order-to-cash-routes.ts(10666,46): error TS1005: ';' expected.
server/routes/order-to-cash-routes.ts(10669,11): error TS1005: ';' expected.
server/routes/order-to-cash-routes.ts(10669,17): error TS1005: ';' expected.
server/routes/order-to-cash-routes.ts(10669,28): error TS1005: ';' expected.
server/routes/order-to-cash-routes.ts(10698,9): error TS1434: Unexpected keyword or 
identifier.
server/routes/order-to-cash-routes.ts(10699,9): error TS1435: Unknown keyword or 
identifier. Did you mean 'from'?
server/routes/order-to-cash-routes.ts(10700,9): error TS1434: Unexpected keyword or 
identifier.
server/routes/order-to-cash-routes.ts(10700,21): error TS1005: ';' expected.
server/routes/order-to-cash-routes.ts(10727,9): error TS1434: Unexpected keyword or 
identifier.
server/routes/order-to-cash-routes.ts(10727,16): error TS1434: Unexpected keyword or 
identifier.
server/routes/order-to-cash-routes.ts(10743,11): error TS1005: ';' expected.
server/routes/order-to-cash-routes.ts(10744,12): error TS1005: ',' expected.
server/routes/order-to-cash-routes.ts(10745,12): error TS1005: ',' expected.
server/routes/order-to-cash-routes.ts(10745,27): error TS1005: ',' expected.
server/routes/order-to-cash-routes.ts(10745,34): error TS1005: ',' expected.
server/routes/order-to-cash-routes.ts(10745,35): error TS1128: Declaration or statement 
expected.
server/routes/order-to-cash-routes.ts(10746,11): error TS1434: Unexpected keyword or 
identifier.
server/routes/order-to-cash-routes.ts(10746,41): error TS1128: Declaration or statement 
expected.
server/routes/order-to-cash-routes.ts(10747,11): error TS1434: Unexpected keyword or 
identifier.
server/routes/order-to-cash-routes.ts(10747,26): error TS1128: Declaration or statement 
expected.
server/routes/order-to-cash-routes.ts(10749,10): error TS1005: ';' expected.
server/routes/order-to-cash-routes.ts(10749,32): error TS1128: Declaration or statement 
expected.
server/routes/order-to-cash-routes.ts(10750,11): error TS1434: Unexpected keyword or 
identifier.
server/routes/order-to-cash-routes.ts(10750,38): error TS1128: Declaration or statement 
expected.
server/routes/order-to-cash-routes.ts(10751,11): error TS1434: Unexpected keyword or 
identifier.
server/routes/order-to-cash-routes.ts(10751,36): error TS1128: Declaration or statement 
expected.
server/routes/order-to-cash-routes.ts(10752,11): error TS1434: Unexpected keyword or 
identifier.
server/routes/order-to-cash-routes.ts(10752,36): error TS1128: Declaration or statement 
expected.
server/routes/order-to-cash-routes.ts(10755,10): error TS1005: ';' expected.
server/routes/order-to-cash-routes.ts(10755,25): error TS1128: Declaration or statement 
expected.
server/routes/order-to-cash-routes.ts(10756,11): error TS1434: Unexpected keyword or 
identifier.
server/routes/order-to-cash-routes.ts(10756,48): error TS1128: Declaration or statement 
expected.
server/routes/order-to-cash-routes.ts(10757,11): error TS1434: Unexpected keyword or 
identifier.
server/routes/order-to-cash-routes.ts(10757,42): error TS1128: Declaration or statement 
expected.
server/routes/order-to-cash-routes.ts(10759,9): error TS1128: Declaration or statement 
expected.
server/routes/order-to-cash-routes.ts(10759,11): error TS1435: Unknown keyword or 
identifier. Did you mean 'return'?
server/routes/order-to-cash-routes.ts(10770,11): error TS1434: Unexpected keyword or 
identifier.
server/routes/order-to-cash-routes.ts(10770,18): error TS1434: Unexpected keyword or 
identifier.
server/routes/order-to-cash-routes.ts(10785,11): error TS1005: ';' expected.
server/routes/order-to-cash-routes.ts(10786,12): error TS1005: ',' expected.
server/routes/order-to-cash-routes.ts(10787,12): error TS1005: ',' expected.
server/routes/order-to-cash-routes.ts(10787,18): error TS1005: ',' expected.
server/routes/order-to-cash-routes.ts(10788,12): error TS1005: ',' expected.
server/routes/order-to-cash-routes.ts(10788,18): error TS1005: ',' expected.
server/routes/order-to-cash-routes.ts(10789,12): error TS1005: ',' expected.
server/routes/order-to-cash-routes.ts(10789,18): error TS1005: ',' expected.
server/routes/order-to-cash-routes.ts(10790,12): error TS1005: ',' expected.
server/routes/order-to-cash-routes.ts(10790,18): error TS1005: ',' expected.
server/routes/order-to-cash-routes.ts(10791,12): error TS1005: ',' expected.
server/routes/order-to-cash-routes.ts(10791,18): error TS1005: ',' expected.
server/routes/order-to-cash-routes.ts(10792,12): error TS1005: ',' expected.
server/routes/order-to-cash-routes.ts(10792,23): error TS1005: ',' expected.
server/routes/order-to-cash-routes.ts(10793,12): error TS1005: ',' expected.
server/routes/order-to-cash-routes.ts(10793,21): error TS1005: ',' expected.
server/routes/order-to-cash-routes.ts(10794,12): error TS1005: ',' expected.
server/routes/order-to-cash-routes.ts(10794,18): error TS1005: ',' expected.
server/routes/order-to-cash-routes.ts(10795,12): error TS1005: ',' expected.
server/routes/order-to-cash-routes.ts(10795,18): error TS1005: ',' expected.
server/routes/order-to-cash-routes.ts(10796,12): error TS1005: ',' expected.
server/routes/order-to-cash-routes.ts(10796,18): error TS1005: ',' expected.
server/routes/order-to-cash-routes.ts(10797,12): error TS1005: ',' expected.
server/routes/order-to-cash-routes.ts(10797,18): error TS1005: ',' expected.
server/routes/order-to-cash-routes.ts(10798,12): error TS1005: ',' expected.
server/routes/order-to-cash-routes.ts(10798,18): error TS1005: ',' expected.
server/routes/order-to-cash-routes.ts(10807,11): error TS1434: Unexpected keyword or 
identifier.
server/routes/order-to-cash-routes.ts(10807,18): error TS1434: Unexpected keyword or 
identifier.
server/routes/order-to-cash-routes.ts(10813,13): error TS1005: ';' expected.
server/routes/order-to-cash-routes.ts(10815,14): error TS1005: ',' expected.
server/routes/order-to-cash-routes.ts(10817,14): error TS1005: ',' expected.
server/routes/order-to-cash-routes.ts(10872,17): error TS1005: ')' expected.
server/routes/order-to-cash-routes.ts(10872,23): error TS1109: Expression expected.
server/routes/order-to-cash-routes.ts(10872,24): error TS1109: Expression expected.
server/routes/order-to-cash-routes.ts(10872,26): error TS1005: ';' expected.
server/routes/order-to-cash-routes.ts(10872,31): error TS1434: Unexpected keyword or 
identifier.
server/routes/order-to-cash-routes.ts(10872,50): error TS1434: Unexpected keyword or 
identifier.
server/routes/order-to-cash-routes.ts(10872,73): error TS1005: ';' expected.
server/routes/order-to-cash-routes.ts(10872,75): error TS1434: Unexpected keyword or 
identifier.
server/routes/order-to-cash-routes.ts(10873,7): error TS1435: Unknown keyword or 
identifier. Did you mean 'from'?
server/routes/order-to-cash-routes.ts(10873,12): error TS1434: Unexpected keyword or 
identifier.
server/routes/order-to-cash-routes.ts(10874,7): error TS1435: Unknown keyword or 
identifier. Did you mean 'let'?
server/routes/order-to-cash-routes.ts(10874,12): error TS1434: Unexpected keyword or 
identifier.
server/routes/order-to-cash-routes.ts(10874,17): error TS1434: Unexpected keyword or 
identifier.
server/routes/order-to-cash-routes.ts(10874,31): error TS1434: Unexpected keyword or 
identifier.
server/routes/order-to-cash-routes.ts(10874,33): error TS1434: Unexpected keyword or 
identifier.
server/routes/order-to-cash-routes.ts(10875,7): error TS1435: Unknown keyword or 
identifier. Did you mean 'let'?
server/routes/order-to-cash-routes.ts(10875,12): error TS1434: Unexpected keyword or 
identifier.
server/routes/order-to-cash-routes.ts(10875,17): error TS1434: Unexpected keyword or 
identifier.
server/routes/order-to-cash-routes.ts(10875,30): error TS1434: Unexpected keyword or 
identifier.
server/routes/order-to-cash-routes.ts(10875,33): error TS1434: Unexpected keyword or 
identifier.
server/routes/order-to-cash-routes.ts(10876,7): error TS1435: Unknown keyword or 
identifier. Did you mean 'let'?
server/routes/order-to-cash-routes.ts(10876,12): error TS1434: Unexpected keyword or 
identifier.
server/routes/order-to-cash-routes.ts(10876,17): error TS1434: Unexpected keyword or 
identifier.
server/routes/order-to-cash-routes.ts(10876,35): error TS1434: Unexpected keyword or 
identifier.
server/routes/order-to-cash-routes.ts(10876,38): error TS1434: Unexpected keyword or 
identifier.
server/routes/order-to-cash-routes.ts(10877,7): error TS1434: Unexpected keyword or 
identifier.
server/routes/order-to-cash-routes.ts(10881,19): error TS1005: ';' expected.
server/routes/order-to-cash-routes.ts(10881,30): error TS1434: Unexpected keyword or 
identifier.
server/routes/order-to-cash-routes.ts(10881,52): error TS1005: ';' expected.
server/routes/order-to-cash-routes.ts(10885,19): error TS1005: ';' expected.
server/routes/order-to-cash-routes.ts(10885,30): error TS1434: Unexpected keyword or 
identifier.
server/routes/order-to-cash-routes.ts(10885,47): error TS1005: ';' expected.
server/routes/order-to-cash-routes.ts(10889,19): error TS1005: ';' expected.
server/routes/order-to-cash-routes.ts(10889,30): error TS1434: Unexpected keyword or 
identifier.
server/routes/order-to-cash-routes.ts(10889,53): error TS1005: ';' expected.
server/routes/order-to-cash-routes.ts(10893,19): error TS1005: ';' expected.
server/routes/order-to-cash-routes.ts(10893,30): error TS1434: Unexpected keyword or 
identifier.
server/routes/order-to-cash-routes.ts(10893,53): error TS1005: ';' expected.
server/routes/order-to-cash-routes.ts(10896,17): error TS1005: ';' expected.
server/routes/order-to-cash-routes.ts(10896,28): error TS1434: Unexpected keyword or 
identifier.
server/routes/order-to-cash-routes.ts(10896,34): error TS1434: Unexpected keyword or 
identifier.
server/routes/order-to-cash-routes.ts(10896,51): error TS1005: ';' expected.
server/routes/order-to-cash-routes.ts(10940,9): error TS1434: Unexpected keyword or 
identifier.
server/routes/order-to-cash-routes.ts(10941,9): error TS1435: Unknown keyword or 
identifier. Did you mean 'from'?
server/routes/order-to-cash-routes.ts(10942,9): error TS1434: Unexpected keyword or 
identifier.
server/routes/order-to-cash-routes.ts(10942,21): error TS1005: ';' expected.
server/routes/order-to-cash-routes.ts(10957,9): error TS1434: Unexpected keyword or 
identifier.
server/routes/order-to-cash-routes.ts(10958,9): error TS1435: Unknown keyword or 
identifier. Did you mean 'set'?
server/routes/order-to-cash-routes.ts(10958,32): error TS1005: ';' expected.
server/routes/order-to-cash-routes.ts(10958,50): error TS1128: Declaration or statement 
expected.
server/routes/order-to-cash-routes.ts(10959,22): error TS1005: ';' expected.
server/routes/order-to-cash-routes.ts(10959,44): error TS1128: Declaration or statement 
expected.
server/routes/order-to-cash-routes.ts(10960,22): error TS1005: ';' expected.
server/routes/order-to-cash-routes.ts(10960,75): error TS1128: Declaration or statement 
expected.
server/routes/order-to-cash-routes.ts(10961,17): error TS1005: ';' expected.
server/routes/order-to-cash-routes.ts(10961,76): error TS1128: Declaration or statement 
expected.
server/routes/order-to-cash-routes.ts(10963,15): error TS1434: Unexpected keyword or 
identifier.
server/routes/order-to-cash-routes.ts(10963,20): error TS1434: Unexpected keyword or 
identifier.
server/routes/order-to-cash-routes.ts(10963,40): error TS2809: Declaration or statement 
expected. This '=' follows a block of statements, so if you intended to write a 
destructuring assignment, you might need to wrap the whole assignment in parentheses.
server/routes/order-to-cash-routes.ts(10963,53): error TS1005: ';' expected.
server/routes/order-to-cash-routes.ts(10963,57): error TS1434: Unexpected keyword or 
identifier.
server/routes/order-to-cash-routes.ts(10963,84): error TS1109: Expression expected.
server/routes/order-to-cash-routes.ts(10964,15): error TS1434: Unexpected keyword or 
identifier.
server/routes/order-to-cash-routes.ts(10964,65): error TS1005: ',' expected.
server/routes/order-to-cash-routes.ts(10965,15): error TS1435: Unknown keyword or 
identifier. Did you mean 'else'?
server/routes/order-to-cash-routes.ts(10968,9): error TS1434: Unexpected keyword or 
identifier.
server/routes/order-to-cash-routes.ts(10968,21): error TS1005: ';' expected.
server/routes/order-to-cash-routes.ts(10977,21): error TS1005: ';' expected.
server/routes/order-to-cash-routes.ts(10977,28): error TS1434: Unexpected keyword or 
identifier.
server/routes/order-to-cash-routes.ts(11021,9): error TS1435: Unknown keyword or 
identifier. Did you mean 'from'?
server/routes/order-to-cash-routes.ts(11021,14): error TS1434: Unexpected keyword or 
identifier.
server/routes/order-to-cash-routes.ts(11022,9): error TS1435: Unknown keyword or 
identifier. Did you mean 'let'?
server/routes/order-to-cash-routes.ts(11022,14): error TS1434: Unexpected keyword or 
identifier.
server/routes/order-to-cash-routes.ts(11022,19): error TS1434: Unexpected keyword or 
identifier.
server/routes/order-to-cash-routes.ts(11022,33): error TS1434: Unexpected keyword or 
identifier.
server/routes/order-to-cash-routes.ts(11022,35): error TS1434: Unexpected keyword or 
identifier.
server/routes/order-to-cash-routes.ts(11023,9): error TS1434: Unexpected keyword or 
identifier.
server/routes/order-to-cash-routes.ts(11023,24): error TS1005: ';' expected.
server/routes/order-to-cash-routes.ts(11038,9): error TS1434: Unexpected keyword or 
identifier.
server/routes/order-to-cash-routes.ts(11039,9): error TS1435: Unknown keyword or 
identifier. Did you mean 'from'?
server/routes/order-to-cash-routes.ts(11040,9): error TS1434: Unexpected keyword or 
identifier.
server/routes/order-to-cash-routes.ts(11040,28): error TS1005: ';' expected.
server/routes/order-to-cash-routes.ts(11044,26): error TS1005: ';' expected.
server/routes/order-to-cash-routes.ts(11044,33): error TS1434: Unexpected keyword or 
identifier.
server/routes/order-to-cash-routes.ts(11044,38): error TS1434: Unexpected keyword or 
identifier.
server/routes/order-to-cash-routes.ts(11044,54): error TS1434: Unexpected keyword or 
identifier.
server/routes/order-to-cash-routes.ts(11052,9): error TS1434: Unexpected keyword or 
identifier.
server/routes/order-to-cash-routes.ts(11052,16): error TS1434: Unexpected keyword or 
identifier.
server/routes/order-to-cash-routes.ts(11068,9): error TS1005: ';' expected.
server/routes/order-to-cash-routes.ts(11069,10): error TS1005: ',' expected.
server/routes/order-to-cash-routes.ts(11070,10): error TS1005: ',' expected.
server/routes/order-to-cash-routes.ts(11071,10): error TS1005: ',' expected.
server/routes/order-to-cash-routes.ts(11071,22): error TS1005: ',' expected.
server/routes/order-to-cash-routes.ts(11072,10): error TS1005: ',' expected.
server/routes/order-to-cash-routes.ts(11072,22): error TS1005: ',' expected.
server/routes/order-to-cash-routes.ts(11073,10): error TS1005: ',' expected.
server/routes/order-to-cash-routes.ts(11073,23): error TS1005: ',' expected.
server/routes/order-to-cash-routes.ts(11073,43): error TS1005: ',' expected.
server/routes/order-to-cash-routes.ts(11073,44): error TS1472: 'catch' or 'finally' 
expected.
server/routes/order-to-cash-routes.ts(11074,11): error TS1434: Unexpected keyword or 
identifier.
server/routes/order-to-cash-routes.ts(11074,39): error TS1128: Declaration or statement 
expected.
server/routes/order-to-cash-routes.ts(11075,11): error TS1434: Unexpected keyword or 
identifier.
server/routes/order-to-cash-routes.ts(11075,37): error TS1128: Declaration or statement 
expected.
server/routes/order-to-cash-routes.ts(11076,11): error TS1434: Unexpected keyword or 
identifier.
server/routes/order-to-cash-routes.ts(11076,37): error TS1128: Declaration or statement 
expected.
server/routes/order-to-cash-routes.ts(11077,11): error TS1434: Unexpected keyword or 
identifier.
server/routes/order-to-cash-routes.ts(11077,44): error TS1128: Declaration or statement 
expected.
server/routes/order-to-cash-routes.ts(11079,8): error TS1005: ';' expected.
server/routes/order-to-cash-routes.ts(11079,27): error TS1128: Declaration or statement 
expected.
server/routes/order-to-cash-routes.ts(11080,11): error TS1434: Unexpected keyword or 
identifier.
server/routes/order-to-cash-routes.ts(11080,27): error TS1128: Declaration or statement 
expected.
server/routes/order-to-cash-routes.ts(11081,11): error TS1434: Unexpected keyword or 
identifier.
server/routes/order-to-cash-routes.ts(11081,50): error TS1128: Declaration or statement 
expected.
server/routes/order-to-cash-routes.ts(11082,11): error TS1434: Unexpected keyword or 
identifier.
server/routes/order-to-cash-routes.ts(11082,46): error TS1128: Declaration or statement 
expected.
server/routes/order-to-cash-routes.ts(11084,9): error TS1128: Declaration or statement 
expected.
server/routes/order-to-cash-routes.ts(11084,11): error TS1435: Unknown keyword or 
identifier. Did you mean 'return'?
server/routes/order-to-cash-routes.ts(11091,9): error TS1434: Unexpected keyword or 
identifier.
server/routes/order-to-cash-routes.ts(11091,16): error TS1434: Unexpected keyword or 
identifier.
server/routes/order-to-cash-routes.ts(11103,11): error TS1434: Unexpected keyword or 
identifier.
server/routes/order-to-cash-routes.ts(11103,28): error TS1128: Declaration or statement 
expected.
server/routes/order-to-cash-routes.ts(11112,9): error TS1435: Unknown keyword or 
identifier. Did you mean 'from'?
server/routes/order-to-cash-routes.ts(11112,14): error TS1434: Unexpected keyword or 
identifier.
server/routes/order-to-cash-routes.ts(11113,9): error TS1434: Unexpected keyword or 
identifier.
server/routes/order-to-cash-routes.ts(11113,32): error TS1005: ';' expected.
server/routes/order-to-cash-routes.ts(11118,9): error TS1434: Unexpected keyword or 
identifier.
server/routes/order-to-cash-routes.ts(11118,16): error TS1434: Unexpected keyword or 
identifier.
server/routes/order-to-cash-routes.ts(11124,7): error TS1005: ';' expected.
server/routes/order-to-cash-routes.ts(11126,8): error TS1005: ',' expected.
server/routes/order-to-cash-routes.ts(11128,8): error TS1005: ',' expected.
server/routes/order-to-cash-routes.ts(11183,9): error TS1435: Unknown keyword or 
identifier. Did you mean 'from'?
server/routes/order-to-cash-routes.ts(11183,14): error TS1434: Unexpected keyword or 
identifier.
server/routes/order-to-cash-routes.ts(11184,9): error TS1434: Unexpected keyword or 
identifier.
server/routes/order-to-cash-routes.ts(11184,24): error TS1005: ';' expected.
server/routes/order-to-cash-routes.ts(11204,11): error TS1434: Unexpected keyword or 
identifier.
server/routes/order-to-cash-routes.ts(11204,18): error TS1434: Unexpected keyword or 
identifier.
server/routes/order-to-cash-routes.ts(11205,11): error TS1435: Unknown keyword or 
identifier. Did you mean 'from'?
server/routes/order-to-cash-routes.ts(11206,11): error TS1434: Unexpected keyword or 
identifier.
server/routes/order-to-cash-routes.ts(11206,35): error TS1005: ';' expected.
server/routes/order-to-cash-routes.ts(11212,11): error TS1434: Unexpected keyword or 
identifier.
server/routes/order-to-cash-routes.ts(11213,11): error TS1435: Unknown keyword or 
identifier. Did you mean 'from'?
server/routes/order-to-cash-routes.ts(11214,11): error TS1434: Unexpected keyword or 
identifier.
server/routes/order-to-cash-routes.ts(11214,23): error TS1005: ';' expected.
server/routes/order-to-cash-routes.ts(11235,15): error TS1005: ',' expected.
server/routes/order-to-cash-routes.ts(11235,28): error TS1005: ',' expected.
server/routes/order-to-cash-routes.ts(11235,33): error TS1005: ',' expected.
server/routes/order-to-cash-routes.ts(11235,54): error TS1005: ',' expected.
server/routes/order-to-cash-routes.ts(11235,60): error TS1005: ',' expected.
server/routes/order-to-cash-routes.ts(11235,91): error TS1005: ',' expected.
server/routes/order-to-cash-routes.ts(11235,97): error TS1005: ',' expected.
server/routes/order-to-cash-routes.ts(11236,15): error TS1005: ')' expected.
server/routes/order-to-cash-routes.ts(11236,28): error TS1435: Unknown keyword or 
identifier. Did you mean 'from'?
server/routes/order-to-cash-routes.ts(11236,33): error TS1434: Unexpected keyword or 
identifier.
server/routes/order-to-cash-routes.ts(11236,54): error TS1434: Unexpected keyword or 
identifier.
server/routes/order-to-cash-routes.ts(11236,86): error TS1005: ';' expected.
server/routes/order-to-cash-routes.ts(11236,93): error TS1005: ';' expected.
server/routes/order-to-cash-routes.ts(11236,95): error TS1434: Unexpected keyword or 
identifier.
server/routes/order-to-cash-routes.ts(11237,9): error TS1443: Module declaration names 
may only use ' or " quoted strings.
server/routes/order-to-cash-routes.ts(11244,39): error TS1005: ';' expected.
server/routes/order-to-cash-routes.ts(11248,9): error TS1434: Unexpected keyword or 
identifier.
server/routes/order-to-cash-routes.ts(11248,16): error TS1434: Unexpected keyword or 
identifier.
server/routes/order-to-cash-routes.ts(11261,9): error TS1005: ';' expected.
server/routes/order-to-cash-routes.ts(11263,12): error TS1005: ',' expected.
server/routes/order-to-cash-routes.ts(11264,12): error TS1005: ',' expected.
server/routes/order-to-cash-routes.ts(11264,16): error TS1005: ',' expected.
server/routes/order-to-cash-routes.ts(11267,12): error TS1005: ',' expected.
server/routes/order-to-cash-routes.ts(11267,16): error TS1005: ',' expected.
server/routes/order-to-cash-routes.ts(11268,12): error TS1005: ',' expected.
server/routes/order-to-cash-routes.ts(11270,12): error TS1005: ',' expected.
server/routes/order-to-cash-routes.ts(11270,16): error TS1005: ',' expected.
server/routes/order-to-cash-routes.ts(11273,12): error TS1005: ',' expected.
server/routes/order-to-cash-routes.ts(11273,16): error TS1005: ',' expected.
server/routes/order-to-cash-routes.ts(11277,12): error TS1005: ')' expected.
server/routes/order-to-cash-routes.ts(11277,27): error TS1128: Declaration or statement 
expected.
server/routes/order-to-cash-routes.ts(11278,11): error TS1434: Unexpected keyword or 
identifier.
server/routes/order-to-cash-routes.ts(11278,30): error TS1128: Declaration or statement 
expected.
server/routes/order-to-cash-routes.ts(11281,8): error TS1005: ';' expected.
server/routes/order-to-cash-routes.ts(11281,33): error TS1128: Declaration or statement 
expected.
server/routes/order-to-cash-routes.ts(11282,11): error TS1434: Unexpected keyword or 
identifier.
server/routes/order-to-cash-routes.ts(11282,25): error TS1128: Declaration or statement 
expected.
server/routes/order-to-cash-routes.ts(11285,8): error TS1005: ';' expected.
server/routes/order-to-cash-routes.ts(11285,27): error TS1128: Declaration or statement 
expected.
server/routes/order-to-cash-routes.ts(11287,8): error TS1005: ';' expected.
server/routes/order-to-cash-routes.ts(11287,30): error TS1128: Declaration or statement 
expected.
server/routes/order-to-cash-routes.ts(11289,9): error TS1128: Declaration or statement 
expected.
server/routes/order-to-cash-routes.ts(11294,9): error TS1434: Unexpected keyword or 
identifier.
server/routes/order-to-cash-routes.ts(11295,9): error TS1435: Unknown keyword or 
identifier. Did you mean 'set'?
server/routes/order-to-cash-routes.ts(11296,37): error TS1005: ';' expected.
server/routes/order-to-cash-routes.ts(11296,52): error TS1128: Declaration or statement 
expected.
server/routes/order-to-cash-routes.ts(11298,9): error TS1434: Unexpected keyword or 
identifier.
server/routes/order-to-cash-routes.ts(11298,21): error TS1005: ';' expected.
server/routes/order-to-cash-routes.ts(11304,11): error TS1434: Unexpected keyword or 
identifier.
server/routes/order-to-cash-routes.ts(11305,11): error TS1435: Unknown keyword or 
identifier. Did you mean 'set'?
server/routes/order-to-cash-routes.ts(11305,58): error TS1005: ';' expected.
server/routes/order-to-cash-routes.ts(11305,77): error TS1128: Declaration or statement 
expected.
server/routes/order-to-cash-routes.ts(11307,17): error TS1434: Unexpected keyword or 
identifier.
server/routes/order-to-cash-routes.ts(11307,44): error TS1005: ';' expected.
server/routes/order-to-cash-routes.ts(11307,64): error TS1109: Expression expected.
server/routes/order-to-cash-routes.ts(11307,72): error TS1005: ';' expected.
server/routes/order-to-cash-routes.ts(11308,17): error TS1434: Unexpected keyword or 
identifier.
server/routes/order-to-cash-routes.ts(11308,44): error TS1005: ';' expected.
server/routes/order-to-cash-routes.ts(11308,84): error TS1005: '>' expected.
server/routes/order-to-cash-routes.ts(11308,89): error TS1005: ';' expected.
server/routes/order-to-cash-routes.ts(11309,17): error TS1435: Unknown keyword or 
identifier. Did you mean 'else'?
server/routes/order-to-cash-routes.ts(11312,11): error TS1434: Unexpected keyword or 
identifier.
server/routes/order-to-cash-routes.ts(11312,40): error TS1005: ';' expected.
server/routes/order-to-cash-routes.ts(11313,13): error TS1434: Unexpected keyword or 
identifier.
server/routes/order-to-cash-routes.ts(11318,11): error TS1434: Unexpected keyword or 
identifier.
server/routes/order-to-cash-routes.ts(11319,11): error TS1435: Unknown keyword or 
identifier. Did you mean 'set'?
server/routes/order-to-cash-routes.ts(11319,58): error TS1005: ';' expected.
server/routes/order-to-cash-routes.ts(11319,77): error TS1128: Declaration or statement 
expected.
server/routes/order-to-cash-routes.ts(11321,11): error TS1434: Unexpected keyword or 
identifier.
server/routes/order-to-cash-routes.ts(11321,23): error TS1005: ';' expected.
server/routes/order-to-cash-routes.ts(11371,15): error TS1005: ')' expected.
server/routes/order-to-cash-routes.ts(11371,21): error TS1109: Expression expected.
server/routes/order-to-cash-routes.ts(11371,22): error TS1109: Expression expected.
server/routes/order-to-cash-routes.ts(11371,24): error TS1005: ';' expected.
server/routes/order-to-cash-routes.ts(11371,29): error TS1434: Unexpected keyword or 
identifier.
server/routes/order-to-cash-routes.ts(11371,47): error TS1434: Unexpected keyword or 
identifier.
server/routes/order-to-cash-routes.ts(11371,75): error TS1005: ';' expected.
server/routes/order-to-cash-routes.ts(11371,77): error TS1434: Unexpected keyword or 
identifier.
server/routes/order-to-cash-routes.ts(11372,7): error TS1435: Unknown keyword or 
identifier. Did you mean 'from'?
server/routes/order-to-cash-routes.ts(11372,12): error TS1434: Unexpected keyword or 
identifier.
server/routes/order-to-cash-routes.ts(11373,7): error TS1435: Unknown keyword or 
identifier. Did you mean 'let'?
server/routes/order-to-cash-routes.ts(11373,12): error TS1434: Unexpected keyword or 
identifier.
server/routes/order-to-cash-routes.ts(11373,17): error TS1434: Unexpected keyword or 
identifier.
server/routes/order-to-cash-routes.ts(11373,31): error TS1434: Unexpected keyword or 
identifier.
server/routes/order-to-cash-routes.ts(11373,33): error TS1434: Unexpected keyword or 
identifier.
server/routes/order-to-cash-routes.ts(11374,7): error TS1435: Unknown keyword or 
identifier. Did you mean 'let'?
server/routes/order-to-cash-routes.ts(11374,12): error TS1434: Unexpected keyword or 
identifier.
server/routes/order-to-cash-routes.ts(11374,17): error TS1434: Unexpected keyword or 
identifier.
server/routes/order-to-cash-routes.ts(11374,31): error TS1434: Unexpected keyword or 
identifier.
server/routes/order-to-cash-routes.ts(11374,34): error TS1434: Unexpected keyword or 
identifier.
server/routes/order-to-cash-routes.ts(11375,7): error TS1435: Unknown keyword or 
identifier. Did you mean 'let'?
server/routes/order-to-cash-routes.ts(11375,12): error TS1434: Unexpected keyword or 
identifier.
server/routes/order-to-cash-routes.ts(11375,17): error TS1434: Unexpected keyword or 
identifier.
server/routes/order-to-cash-routes.ts(11375,35): error TS1434: Unexpected keyword or 
identifier.
server/routes/order-to-cash-routes.ts(11375,38): error TS1434: Unexpected keyword or 
identifier.
server/routes/order-to-cash-routes.ts(11376,7): error TS1434: Unexpected keyword or 
identifier.
server/routes/order-to-cash-routes.ts(11380,19): error TS1005: ';' expected.
server/routes/order-to-cash-routes.ts(11380,30): error TS1434: Unexpected keyword or 
identifier.
server/routes/order-to-cash-routes.ts(11380,52): error TS1005: ';' expected.
server/routes/order-to-cash-routes.ts(11384,19): error TS1005: ';' expected.
server/routes/order-to-cash-routes.ts(11384,30): error TS1434: Unexpected keyword or 
identifier.
server/routes/order-to-cash-routes.ts(11384,55): error TS1005: ';' expected.
server/routes/order-to-cash-routes.ts(11387,17): error TS1005: ';' expected.
server/routes/order-to-cash-routes.ts(11387,28): error TS1434: Unexpected keyword or 
identifier.
server/routes/order-to-cash-routes.ts(11387,34): error TS1434: Unexpected keyword or 
identifier.
server/routes/order-to-cash-routes.ts(11387,51): error TS1005: ';' expected.
server/routes/order-to-cash-routes.ts(11423,9): error TS1434: Unexpected keyword or 
identifier.
server/routes/order-to-cash-routes.ts(11424,9): error TS1435: Unknown keyword or 
identifier. Did you mean 'from'?
server/routes/order-to-cash-routes.ts(11425,9): error TS1434: Unexpected keyword or 
identifier.
server/routes/order-to-cash-routes.ts(11425,21): error TS1005: ';' expected.
server/routes/order-to-cash-routes.ts(11441,9): error TS1434: Unexpected keyword or 
identifier.
server/routes/order-to-cash-routes.ts(11441,16): error TS1434: Unexpected keyword or 
identifier.
server/routes/order-to-cash-routes.ts(11452,7): error TS1005: ';' expected.
server/routes/order-to-cash-routes.ts(11453,8): error TS1005: ',' expected.
server/routes/order-to-cash-routes.ts(11454,8): error TS1005: ',' expected.
server/routes/order-to-cash-routes.ts(11456,8): error TS1005: ',' expected.
server/routes/order-to-cash-routes.ts(11456,18): error TS1005: ',' expected.
server/routes/order-to-cash-routes.ts(11456,25): error TS1005: ',' expected.
server/routes/order-to-cash-routes.ts(11456,26): error TS1128: Declaration or statement 
expected.
server/routes/order-to-cash-routes.ts(11457,3): error TS1434: Unexpected keyword or 
identifier.
server/routes/order-to-cash-routes.ts(11457,33): error TS1128: Declaration or statement 
expected.
server/routes/order-to-cash-routes.ts(11460,6): error TS1005: ';' expected.
server/routes/order-to-cash-routes.ts(11460,28): error TS1128: Declaration or statement 
expected.
server/routes/order-to-cash-routes.ts(11461,3): error TS1434: Unexpected keyword or 
identifier.
server/routes/order-to-cash-routes.ts(11461,19): error TS1128: Declaration or statement 
expected.
server/routes/order-to-cash-routes.ts(11463,1): error TS1128: Declaration or statement 
expected.
server/routes/order-to-cash-routes.ts(11463,3): error TS1435: Unknown keyword or 
identifier. Did you mean 'return'?
server/routes/order-to-cash-routes.ts(11471,11): error TS1434: Unexpected keyword or 
identifier.
server/routes/order-to-cash-routes.ts(11471,18): error TS1434: Unexpected keyword or 
identifier.
server/routes/order-to-cash-routes.ts(11483,7): error TS1005: ';' expected.
server/routes/order-to-cash-routes.ts(11484,8): error TS1005: ',' expected.
server/routes/order-to-cash-routes.ts(11485,8): error TS1005: ',' expected.
server/routes/order-to-cash-routes.ts(11485,14): error TS1005: ',' expected.
server/routes/order-to-cash-routes.ts(11486,8): error TS1005: ',' expected.
server/routes/order-to-cash-routes.ts(11486,14): error TS1005: ',' expected.
server/routes/order-to-cash-routes.ts(11487,8): error TS1005: ',' expected.
server/routes/order-to-cash-routes.ts(11487,14): error TS1005: ',' expected.
server/routes/order-to-cash-routes.ts(11488,8): error TS1005: ',' expected.
server/routes/order-to-cash-routes.ts(11488,14): error TS1005: ',' expected.
server/routes/order-to-cash-routes.ts(11489,8): error TS1005: ',' expected.
server/routes/order-to-cash-routes.ts(11489,14): error TS1005: ',' expected.
server/routes/order-to-cash-routes.ts(11490,8): error TS1005: ',' expected.
server/routes/order-to-cash-routes.ts(11490,14): error TS1005: ',' expected.
server/routes/order-to-cash-routes.ts(11491,8): error TS1005: ',' expected.
server/routes/order-to-cash-routes.ts(11491,14): error TS1005: ',' expected.
server/routes/order-to-cash-routes.ts(11492,8): error TS1005: ',' expected.
server/routes/order-to-cash-routes.ts(11492,14): error TS1005: ',' expected.
server/routes/order-to-cash-routes.ts(11493,8): error TS1005: ',' expected.
server/routes/order-to-cash-routes.ts(11493,14): error TS1005: ',' expected.
server/routes/order-to-cash-routes.ts(11501,13): error TS1434: Unexpected keyword or 
identifier.
server/routes/order-to-cash-routes.ts(11502,13): error TS1435: Unknown keyword or 
identifier. Did you mean 'set'?
server/routes/order-to-cash-routes.ts(11502,34): error TS1005: ';' expected.
server/routes/order-to-cash-routes.ts(11502,86): error TS1128: Declaration or statement 
expected.
server/routes/order-to-cash-routes.ts(11504,13): error TS1434: Unexpected keyword or 
identifier.
server/routes/order-to-cash-routes.ts(11504,25): error TS1005: ';' expected.
server/routes/order-to-cash-routes.ts(11511,9): error TS1434: Unexpected keyword or 
identifier.
server/routes/order-to-cash-routes.ts(11512,9): error TS1435: Unknown keyword or 
identifier. Did you mean 'set'?
server/routes/order-to-cash-routes.ts(11514,34): error TS1005: ';' expected.
server/routes/order-to-cash-routes.ts(11514,67): error TS1128: Declaration or statement 
expected.
server/routes/order-to-cash-routes.ts(11516,9): error TS1434: Unexpected keyword or 
identifier.
server/routes/order-to-cash-routes.ts(11516,21): error TS1005: ';' expected.
server/routes/order-to-cash-routes.ts(11521,9): error TS1434: Unexpected keyword or 
identifier.
server/routes/order-to-cash-routes.ts(11522,9): error TS1435: Unknown keyword or 
identifier. Did you mean 'set'?
server/routes/order-to-cash-routes.ts(11524,9): error TS1434: Unexpected keyword or 
identifier.
server/routes/order-to-cash-routes.ts(11524,21): error TS1005: ';' expected.
server/routes/order-to-cash-routes.ts(11567,24): error TS1005: ';' expected.
server/routes/order-to-cash-routes.ts(11567,42): error TS1005: ';' expected.
server/routes/order-to-cash-routes.ts(11571,24): error TS1005: ';' expected.
server/routes/order-to-cash-routes.ts(11571,45): error TS1005: ';' expected.
server/routes/order-to-cash-routes.ts(11571,66): error TS1443: Module declaration names 
may only use ' or " quoted strings.
server/routes/order-to-cash-routes.ts(11575,44): error TS1005: ';' expected.
server/routes/order-to-cash-routes.ts(11575,68): error TS1443: Module declaration names 
may only use ' or " quoted strings.
server/routes/order-to-cash-routes.ts(11579,44): error TS1005: ';' expected.
server/routes/order-to-cash-routes.ts(11600,7): error TS1435: Unknown keyword or 
identifier. Did you mean 'from'?
server/routes/order-to-cash-routes.ts(11600,12): error TS1434: Unexpected keyword or 
identifier.
server/routes/order-to-cash-routes.ts(11601,7): error TS1435: Unknown keyword or 
identifier. Did you mean 'let'?
server/routes/order-to-cash-routes.ts(11601,12): error TS1434: Unexpected keyword or 
identifier.
server/routes/order-to-cash-routes.ts(11601,17): error TS1434: Unexpected keyword or 
identifier.
server/routes/order-to-cash-routes.ts(11601,31): error TS1434: Unexpected keyword or 
identifier.
server/routes/order-to-cash-routes.ts(11601,34): error TS1434: Unexpected keyword or 
identifier.
server/routes/order-to-cash-routes.ts(11602,7): error TS1435: Unknown keyword or 
identifier. Did you mean 'let'?
server/routes/order-to-cash-routes.ts(11602,12): error TS1434: Unexpected keyword or 
identifier.
server/routes/order-to-cash-routes.ts(11602,17): error TS1434: Unexpected keyword or 
identifier.
server/routes/order-to-cash-routes.ts(11602,38): error TS1434: Unexpected keyword or 
identifier.
server/routes/order-to-cash-routes.ts(11602,41): error TS1434: Unexpected keyword or 
identifier.
server/routes/order-to-cash-routes.ts(11603,7): error TS1434: Unexpected keyword or 
identifier.
server/routes/order-to-cash-routes.ts(11603,19): error TS1005: ';' expected.
server/routes/order-to-cash-routes.ts(11604,7): error TS1434: Unexpected keyword or 
identifier.
server/routes/order-to-cash-routes.ts(11604,13): error TS1434: Unexpected keyword or 
identifier.
server/routes/order-to-cash-routes.ts(11605,7): error TS1434: Unexpected keyword or 
identifier.
server/routes/order-to-cash-routes.ts(11605,13): error TS1434: Unexpected keyword or 
identifier.
server/routes/order-to-cash-routes.ts(11605,32): error TS1005: ';' expected.
server/routes/order-to-cash-routes.ts(11605,44): error TS1005: ';' expected.
server/routes/order-to-cash-routes.ts(11606,7): error TS1434: Unexpected keyword or 
identifier.
server/routes/order-to-cash-routes.ts(11606,13): error TS1434: Unexpected keyword or 
identifier.
server/routes/order-to-cash-routes.ts(11650,7): error TS1435: Unknown keyword or 
identifier. Did you mean 'from'?
server/routes/order-to-cash-routes.ts(11650,12): error TS1434: Unexpected keyword or 
identifier.
server/routes/order-to-cash-routes.ts(11651,7): error TS1435: Unknown keyword or 
identifier. Did you mean 'let'?
server/routes/order-to-cash-routes.ts(11651,12): error TS1434: Unexpected keyword or 
identifier.
server/routes/order-to-cash-routes.ts(11651,17): error TS1434: Unexpected keyword or 
identifier.
server/routes/order-to-cash-routes.ts(11651,35): error TS1434: Unexpected keyword or 
identifier.
server/routes/order-to-cash-routes.ts(11651,38): error TS1434: Unexpected keyword or 
identifier.
server/routes/order-to-cash-routes.ts(11652,7): error TS1435: Unknown keyword or 
identifier. Did you mean 'let'?
server/routes/order-to-cash-routes.ts(11652,12): error TS1434: Unexpected keyword or 
identifier.
server/routes/order-to-cash-routes.ts(11652,17): error TS1434: Unexpected keyword or 
identifier.
server/routes/order-to-cash-routes.ts(11652,35): error TS1434: Unexpected keyword or 
identifier.
server/routes/order-to-cash-routes.ts(11652,38): error TS1434: Unexpected keyword or 
identifier.
server/routes/order-to-cash-routes.ts(11653,7): error TS1435: Unknown keyword or 
identifier. Did you mean 'let'?
server/routes/order-to-cash-routes.ts(11653,12): error TS1434: Unexpected keyword or 
identifier.
server/routes/order-to-cash-routes.ts(11653,17): error TS1434: Unexpected keyword or 
identifier.
server/routes/order-to-cash-routes.ts(11653,31): error TS1434: Unexpected keyword or 
identifier.
server/routes/order-to-cash-routes.ts(11653,34): error TS1434: Unexpected keyword or 
identifier.
server/routes/order-to-cash-routes.ts(11654,7): error TS1434: Unexpected keyword or 
identifier.
server/routes/order-to-cash-routes.ts(11654,30): error TS1005: ';' expected.
server/routes/order-to-cash-routes.ts(11655,7): error TS1434: Unexpected keyword or 
identifier.
server/routes/order-to-cash-routes.ts(11655,13): error TS1434: Unexpected keyword or 
identifier.
server/routes/order-to-cash-routes.ts(11655,36): error TS1005: ';' expected.
server/routes/order-to-cash-routes.ts(11656,5): error TS1443: Module declaration names 
may only use ' or " quoted strings.
server/routes/order-to-cash-routes.ts(11679,28): error TS1434: Unexpected keyword or 
identifier.
server/routes/order-to-cash-routes.ts(11679,37): error TS1005: ';' expected.
server/routes/order-to-cash-routes.ts(11679,42): error TS1434: Unexpected keyword or 
identifier.
server/routes/order-to-cash-routes.ts(11679,56): error TS1434: Unexpected keyword or 
identifier.
server/routes/order-to-cash-routes.ts(11695,15): error TS1005: ')' expected.
server/routes/order-to-cash-routes.ts(11695,43): error TS1005: ',' expected.
server/routes/order-to-cash-routes.ts(11695,46): error TS1005: ',' expected.
server/routes/order-to-cash-routes.ts(11696,12): error TS1005: ',' expected.
server/routes/order-to-cash-routes.ts(11696,17): error TS1005: ',' expected.
server/routes/order-to-cash-routes.ts(11697,12): error TS1005: ',' expected.
server/routes/order-to-cash-routes.ts(11697,18): error TS1005: ',' expected.
server/routes/order-to-cash-routes.ts(11697,37): error TS1005: ',' expected.
server/routes/order-to-cash-routes.ts(11697,41): error TS1005: ',' expected.
server/routes/order-to-cash-routes.ts(11699,9): error TS1128: Declaration or statement 
expected.
server/routes/order-to-cash-routes.ts(11699,11): error TS1434: Unexpected keyword or 
identifier.
server/routes/order-to-cash-routes.ts(11700,7): error TS1435: Unknown keyword or 
identifier. Did you mean 'from'?
server/routes/order-to-cash-routes.ts(11700,12): error TS1434: Unexpected keyword or 
identifier.
server/routes/order-to-cash-routes.ts(11701,7): error TS1434: Unexpected keyword or 
identifier.
server/routes/order-to-cash-routes.ts(11755,23): error TS1160: Unterminated template 
literal.


