../client/src/pages/DesignerAgent-broken.tsx(892,17): error TS2657: JSX expressions must have one parent element.
../client/src/pages/DesignerAgent-broken.tsx(922,15): error TS1128: Declaration or statement expected.
../client/src/pages/DesignerAgent-broken.tsx(925,21): error TS1005: ';' expected.
../client/src/pages/DesignerAgent-broken.tsx(926,17): error TS2657: JSX expressions must have one parent element.
../client/src/pages/DesignerAgent-broken.tsx(978,15): error TS1128: Declaration or statement expected.
../client/src/pages/DesignerAgent-broken.tsx(979,13): error TS1109: Expression expected.
../client/src/pages/DesignerAgent-broken.tsx(980,11): error TS1109: Expression expected.
../client/src/pages/DesignerAgent-broken.tsx(980,13): error TS1128: Declaration or statement expected.
../client/src/pages/DesignerAgent-broken.tsx(1020,12): error TS1128: Declaration or statement expected.
../client/src/pages/DesignerAgent-broken.tsx(1021,9): error TS1128: Declaration or statement expected.
../client/src/pages/DesignerAgent-broken.tsx(1663,7): error TS1128: Declaration or statement expected.
../client/src/pages/DesignerAgent-broken.tsx(1664,5): error TS1109: Expression expected.
../client/src/pages/DesignerAgent-broken.tsx(1665,3): error TS1109: Expression expected.
../client/src/pages/DesignerAgent-broken.tsx(1666,1): error TS1128: Declaration or statement expected.
../client/src/pages/transactions/ProductionOrder.tsx(304,25): error TS1005: ')' expected.
../client/src/pages/transactions/ProductionOrder.tsx(305,22): error TS1381: Unexpected token. Did you mean `{'}'}` or `&rbrace;`?
../client/src/pages/transactions/SalesReturns.tsx(103,54): error TS1005: ',' expected.
../client/src/pages/transactions/SalesReturns.tsx(397,31): error TS17002: Expected corresponding JSX closing tag for 'Card'.
routes/order-to-cash-routes.ts(419,78): error TS1002: Unterminated string literal.
routes/order-to-cash-routes.ts(420,5): error TS1005: ',' expected.
routes/order-to-cash-routes.ts(513,19): error TS1005: 'try' expected.
routes/order-to-cash-routes.ts(521,30): error TS1127: Invalid character.
routes/order-to-cash-routes.ts(521,32): error TS1127: Invalid character.
routes/order-to-cash-routes.ts(521,35): error TS1127: Invalid character.
routes/order-to-cash-routes.ts(521,37): error TS1127: Invalid character.
routes/order-to-cash-routes.ts(521,39): error TS1127: Invalid character.
routes/order-to-cash-routes.ts(521,41): error TS1127: Invalid character.
routes/order-to-cash-routes.ts(521,46): error TS1005: ',' expected.
routes/order-to-cash-routes.ts(521,55): error TS1005: ',' expected.
routes/order-to-cash-routes.ts(521,72): error TS1005: ',' expected.
routes/order-to-cash-routes.ts(521,75): error TS1005: ',' expected.
routes/order-to-cash-routes.ts(524,18): error TS1005: ',' expected.
routes/order-to-cash-routes.ts(524,26): error TS1005: ',' expected.
routes/order-to-cash-routes.ts(524,37): error TS1005: ',' expected.
routes/order-to-cash-routes.ts(524,66): error TS1005: ',' expected.
routes/order-to-cash-routes.ts(524,93): error TS1005: ',' expected.
routes/order-to-cash-routes.ts(524,124): error TS1005: ',' expected.
routes/order-to-cash-routes.ts(535,22): error TS1005: ',' expected.
routes/order-to-cash-routes.ts(535,23): error TS1127: Invalid character.
routes/order-to-cash-routes.ts(535,25): error TS1127: Invalid character.
routes/order-to-cash-routes.ts(535,27): error TS1127: Invalid character.
routes/order-to-cash-routes.ts(535,28): error TS1127: Invalid character.
routes/order-to-cash-routes.ts(535,30): error TS1127: Invalid character.
routes/order-to-cash-routes.ts(535,40): error TS1005: ',' expected.
routes/order-to-cash-routes.ts(535,43): error TS1005: ',' expected.
routes/order-to-cash-routes.ts(535,52): error TS1005: ',' expected.
routes/order-to-cash-routes.ts(535,56): error TS1005: ',' expected.
routes/order-to-cash-routes.ts(535,59): error TS1005: ',' expected.
routes/order-to-cash-routes.ts(538,11): error TS1005: ',' expected.
routes/order-to-cash-routes.ts(538,18): error TS1005: ',' expected.
routes/order-to-cash-routes.ts(539,11): error TS1005: ',' expected.
routes/order-to-cash-routes.ts(539,16): error TS1005: ',' expected.
routes/order-to-cash-routes.ts(540,11): error TS1005: ',' expected.
routes/order-to-cash-routes.ts(540,17): error TS1005: ',' expected.
routes/order-to-cash-routes.ts(540,25): error TS1005: ',' expected.
routes/order-to-cash-routes.ts(541,13): error TS1005: ',' expected.
routes/order-to-cash-routes.ts(541,17): error TS1005: ',' expected.
routes/order-to-cash-routes.ts(542,13): error TS1005: ',' expected.
routes/order-to-cash-routes.ts(542,17): error TS1005: ',' expected.
routes/order-to-cash-routes.ts(545,22): error TS1005: ',' expected.
routes/order-to-cash-routes.ts(545,23): error TS1127: Invalid character.
routes/order-to-cash-routes.ts(545,25): error TS1127: Invalid character.
routes/order-to-cash-routes.ts(545,27): error TS1127: Invalid character.
routes/order-to-cash-routes.ts(545,32): error TS1005: ',' expected.
routes/order-to-cash-routes.ts(545,41): error TS1005: ',' expected.
routes/order-to-cash-routes.ts(545,46): error TS1005: ',' expected.
routes/order-to-cash-routes.ts(545,52): error TS1005: ',' expected.
routes/order-to-cash-routes.ts(545,58): error TS1005: ',' expected.
routes/order-to-cash-routes.ts(549,24): error TS1005: ',' expected.
routes/order-to-cash-routes.ts(549,25): error TS1127: Invalid character.
routes/order-to-cash-routes.ts(549,27): error TS1127: Invalid character.
routes/order-to-cash-routes.ts(549,29): error TS1127: Invalid character.
routes/order-to-cash-routes.ts(549,30): error TS1127: Invalid character.
routes/order-to-cash-routes.ts(549,32): error TS1127: Invalid character.
routes/order-to-cash-routes.ts(549,41): error TS1005: ',' expected.
routes/order-to-cash-routes.ts(549,47): error TS1005: ',' expected.
routes/order-to-cash-routes.ts(549,52): error TS1005: ',' expected.
routes/order-to-cash-routes.ts(549,57): error TS1005: ',' expected.
routes/order-to-cash-routes.ts(549,66): error TS1005: ',' expected.
routes/order-to-cash-routes.ts(549,70): error TS1005: ',' expected.
routes/order-to-cash-routes.ts(549,73): error TS1005: ',' expected.
routes/order-to-cash-routes.ts(552,24): error TS1005: ',' expected.
routes/order-to-cash-routes.ts(552,25): error TS1127: Invalid character.
routes/order-to-cash-routes.ts(552,27): error TS1127: Invalid character.
routes/order-to-cash-routes.ts(552,29): error TS1127: Invalid character.
routes/order-to-cash-routes.ts(552,30): error TS1127: Invalid character.
routes/order-to-cash-routes.ts(552,32): error TS1127: Invalid character.
routes/order-to-cash-routes.ts(552,42): error TS1005: ',' expected.
routes/order-to-cash-routes.ts(552,45): error TS1005: ',' expected.
routes/order-to-cash-routes.ts(552,52): error TS1005: ',' expected.
routes/order-to-cash-routes.ts(552,57): error TS1005: ',' expected.
routes/order-to-cash-routes.ts(552,60): error TS1005: ',' expected.
routes/order-to-cash-routes.ts(552,80): error TS1005: ',' expected.
routes/order-to-cash-routes.ts(552,84): error TS1005: '(' expected.
routes/order-to-cash-routes.ts(554,13): error TS1005: ';' expected.
routes/order-to-cash-routes.ts(555,15): error TS1005: ';' expected.
routes/order-to-cash-routes.ts(561,13): error TS1005: ')' expected.
routes/order-to-cash-routes.ts(562,13): error TS1434: Unexpected keyword or identifier.
routes/order-to-cash-routes.ts(563,15): error TS1434: Unexpected keyword or identifier.
routes/order-to-cash-routes.ts(563,40): error TS1005: ';' expected.
routes/order-to-cash-routes.ts(564,15): error TS1434: Unexpected keyword or identifier.
routes/order-to-cash-routes.ts(565,13): error TS1434: Unexpected keyword or identifier.
routes/order-to-cash-routes.ts(566,11): error TS1443: Module declaration names may only use ' or " quoted strings.
routes/order-to-cash-routes.ts(568,25): error TS1127: Invalid character.
routes/order-to-cash-routes.ts(568,27): error TS1127: Invalid character.
routes/order-to-cash-routes.ts(568,29): error TS1127: Invalid character.
routes/order-to-cash-routes.ts(568,30): error TS1434: Unexpected keyword or identifier.
routes/order-to-cash-routes.ts(568,34): error TS1435: Unknown keyword or identifier. Did you mean 'number'?
routes/order-to-cash-routes.ts(568,41): error TS1434: Unexpected keyword or identifier.
routes/order-to-cash-routes.ts(568,47): error TS1434: Unexpected keyword or identifier.
routes/order-to-cash-routes.ts(584,27): error TS1005: ';' expected.
routes/order-to-cash-routes.ts(584,34): error TS1434: Unexpected keyword or identifier.
routes/order-to-cash-routes.ts(584,40): error TS1434: Unexpected keyword or identifier.
routes/order-to-cash-routes.ts(584,65): error TS1005: '(' expected.
routes/order-to-cash-routes.ts(584,71): error TS1005: ';' expected.
routes/order-to-cash-routes.ts(584,78): error TS1005: ';' expected.
routes/order-to-cash-routes.ts(584,82): error TS1005: ')' expected.
routes/order-to-cash-routes.ts(584,104): error TS1005: ';' expected.
routes/order-to-cash-routes.ts(584,111): error TS1434: Unexpected keyword or identifier.
routes/order-to-cash-routes.ts(584,123): error TS1003: Identifier expected.
routes/order-to-cash-routes.ts(596,26): error TS1005: ';' expected.
routes/order-to-cash-routes.ts(596,27): error TS1127: Invalid character.
routes/order-to-cash-routes.ts(596,29): error TS1127: Invalid character.
routes/order-to-cash-routes.ts(596,31): error TS1127: Invalid character.
routes/order-to-cash-routes.ts(596,34): error TS1127: Invalid character.
routes/order-to-cash-routes.ts(596,36): error TS1434: Unexpected keyword or identifier.
routes/order-to-cash-routes.ts(596,46): error TS1434: Unexpected keyword or identifier.
routes/order-to-cash-routes.ts(596,60): error TS1434: Unexpected keyword or identifier.
routes/order-to-cash-routes.ts(596,83): error TS1005: ')' expected.
routes/order-to-cash-routes.ts(596,89): error TS1434: Unexpected keyword or identifier.
routes/order-to-cash-routes.ts(596,109): error TS1128: Declaration or statement expected.
routes/order-to-cash-routes.ts(596,120): error TS1434: Unexpected keyword or identifier.
routes/order-to-cash-routes.ts(596,138): error TS1128: Declaration or statement expected.
routes/order-to-cash-routes.ts(596,146): error TS1434: Unexpected keyword or identifier.
routes/order-to-cash-routes.ts(596,164): error TS1128: Declaration or statement expected.
routes/order-to-cash-routes.ts(602,17): error TS1434: Unexpected keyword or identifier.
routes/order-to-cash-routes.ts(603,17): error TS1435: Unknown keyword or identifier. Did you mean 'set'?
routes/order-to-cash-routes.ts(603,39): error TS1005: ';' expected.
routes/order-to-cash-routes.ts(603,56): error TS1128: Declaration or statement expected.
routes/order-to-cash-routes.ts(605,17): error TS1434: Unexpected keyword or identifier.
routes/order-to-cash-routes.ts(605,29): error TS1005: ';' expected.
routes/order-to-cash-routes.ts(606,19): error TS1434: Unexpected keyword or identifier.
routes/order-to-cash-routes.ts(606,41): error TS1005: ';' expected.
routes/order-to-cash-routes.ts(608,28): error TS1005: ';' expected.
routes/order-to-cash-routes.ts(608,36): error TS1434: Unexpected keyword or identifier.
routes/order-to-cash-routes.ts(608,43): error TS1434: Unexpected keyword or identifier.
routes/order-to-cash-routes.ts(608,49): error TS1434: Unexpected keyword or identifier.
routes/order-to-cash-routes.ts(608,68): error TS1434: Unexpected keyword or identifier.
routes/order-to-cash-routes.ts(608,83): error TS1434: Unexpected keyword or identifier.
routes/order-to-cash-routes.ts(608,86): error TS1434: Unexpected keyword or identifier.
routes/order-to-cash-routes.ts(608,104): error TS1128: Declaration or statement expected.
routes/order-to-cash-routes.ts(608,106): error TS1128: Declaration or statement expected.
routes/order-to-cash-routes.ts(608,108): error TS1128: Declaration or statement expected.
routes/order-to-cash-routes.ts(609,24): error TS1005: ',' expected.
routes/order-to-cash-routes.ts(609,31): error TS1005: ',' expected.
routes/order-to-cash-routes.ts(609,37): error TS1005: ',' expected.
routes/order-to-cash-routes.ts(609,39): error TS1005: ',' expected.
routes/order-to-cash-routes.ts(609,42): error TS1005: ',' expected.
routes/order-to-cash-routes.ts(609,55): error TS1005: ',' expected.
routes/order-to-cash-routes.ts(612,26): error TS1005: ',' expected.
routes/order-to-cash-routes.ts(612,39): error TS1005: ',' expected.
routes/order-to-cash-routes.ts(612,49): error TS1005: ',' expected.
routes/order-to-cash-routes.ts(612,55): error TS1005: ',' expected.
routes/order-to-cash-routes.ts(612,62): error TS1005: ',' expected.
routes/order-to-cash-routes.ts(612,63): error TS1005: ',' expected.
routes/order-to-cash-routes.ts(612,79): error TS1005: ',' expected.
routes/order-to-cash-routes.ts(612,84): error TS1005: ',' expected.
routes/order-to-cash-routes.ts(612,91): error TS1005: ',' expected.
routes/order-to-cash-routes.ts(612,97): error TS1005: ',' expected.
routes/order-to-cash-routes.ts(612,98): error TS1005: ',' expected.
routes/order-to-cash-routes.ts(613,3): error TS1128: Declaration or statement expected.
routes/order-to-cash-routes.ts(615,23): error TS1005: ',' expected.
routes/order-to-cash-routes.ts(615,29): error TS1005: ',' expected.
routes/order-to-cash-routes.ts(615,30): error TS1005: ',' expected.
routes/order-to-cash-routes.ts(615,50): error TS1005: ',' expected.
routes/order-to-cash-routes.ts(615,54): error TS1005: ',' expected.
routes/order-to-cash-routes.ts(615,60): error TS1005: ',' expected.
routes/order-to-cash-routes.ts(615,64): error TS1005: '(' expected.
routes/order-to-cash-routes.ts(615,83): error TS1005: ';' expected.
routes/order-to-cash-routes.ts(621,15): error TS1005: ';' expected.
routes/order-to-cash-routes.ts(621,22): error TS1005: ')' expected.
routes/order-to-cash-routes.ts(624,21): error TS1005: ',' expected.
routes/order-to-cash-routes.ts(624,26): error TS1005: ',' expected.
routes/order-to-cash-routes.ts(624,39): error TS1005: ',' expected.
routes/order-to-cash-routes.ts(624,44): error TS1005: ',' expected.
routes/order-to-cash-routes.ts(624,51): error TS1005: ',' expected.
routes/order-to-cash-routes.ts(625,23): error TS1005: ',' expected.
routes/order-to-cash-routes.ts(626,25): error TS1005: ',' expected.
routes/order-to-cash-routes.ts(626,85): error TS1005: ',' expected.
routes/order-to-cash-routes.ts(626,88): error TS1005: ',' expected.
routes/order-to-cash-routes.ts(626,92): error TS1005: ',' expected.
routes/order-to-cash-routes.ts(626,97): error TS1005: ',' expected.
routes/order-to-cash-routes.ts(627,27): error TS1005: ',' expected.
routes/order-to-cash-routes.ts(627,88): error TS1005: ',' expected.
routes/order-to-cash-routes.ts(627,91): error TS1005: ',' expected.
routes/order-to-cash-routes.ts(628,25): error TS1005: ',' expected.
routes/order-to-cash-routes.ts(628,30): error TS1005: ',' expected.
routes/order-to-cash-routes.ts(629,23): error TS1005: ',' expected.
routes/order-to-cash-routes.ts(630,21): error TS1005: ',' expected.
routes/order-to-cash-routes.ts(630,26): error TS1005: ',' expected.
routes/order-to-cash-routes.ts(630,39): error TS1005: ',' expected.
routes/order-to-cash-routes.ts(630,52): error TS1005: ',' expected.
routes/order-to-cash-routes.ts(631,23): error TS1005: ',' expected.
routes/order-to-cash-routes.ts(631,41): error TS1005: ',' expected.
routes/order-to-cash-routes.ts(631,44): error TS1005: ',' expected.
routes/order-to-cash-routes.ts(632,21): error TS1005: ',' expected.
routes/order-to-cash-routes.ts(632,26): error TS1005: ',' expected.
routes/order-to-cash-routes.ts(633,19): error TS1005: ',' expected.
routes/order-to-cash-routes.ts(636,15): error TS1435: Unknown keyword or identifier. Did you mean 'from'?
routes/order-to-cash-routes.ts(637,15): error TS1434: Unexpected keyword or identifier.
routes/order-to-cash-routes.ts(637,21): error TS1434: Unexpected keyword or identifier.
routes/order-to-cash-routes.ts(637,34): error TS1434: Unexpected keyword or identifier.
routes/order-to-cash-routes.ts(637,39): error TS1434: Unexpected keyword or identifier.
routes/order-to-cash-routes.ts(638,19): error TS1005: ',' expected.
routes/order-to-cash-routes.ts(638,32): error TS1005: ',' expected.
routes/order-to-cash-routes.ts(638,36): error TS1005: ',' expected.
routes/order-to-cash-routes.ts(638,61): error TS1005: ',' expected.
routes/order-to-cash-routes.ts(638,65): error TS1005: ',' expected.
routes/order-to-cash-routes.ts(639,13): error TS1443: Module declaration names may only use ' or " quoted strings.
routes/order-to-cash-routes.ts(641,34): error TS1005: ';' expected.
routes/order-to-cash-routes.ts(641,52): error TS1005: ';' expected.
routes/order-to-cash-routes.ts(642,46): error TS1005: ')' expected.
routes/order-to-cash-routes.ts(644,3): error TS1128: Declaration or statement expected.
routes/order-to-cash-routes.ts(670,82): error TS1005: ')' expected.
routes/order-to-cash-routes.ts(672,7): error TS1128: Declaration or statement expected.
routes/order-to-cash-routes.ts(672,9): error TS1005: 'try' expected.
routes/order-to-cash-routes.ts(698,82): error TS1005: ')' expected.
routes/order-to-cash-routes.ts(700,5): error TS1128: Declaration or statement expected.
routes/order-to-cash-routes.ts(700,7): error TS1128: Declaration or statement expected.
routes/order-to-cash-routes.ts(725,82): error TS1005: ')' expected.
routes/order-to-cash-routes.ts(1249,155): error TS1005: '}' expected.
routes/order-to-cash-routes.ts(1249,162): error TS1002: Unterminated string literal.
routes/order-to-cash-routes.ts(1250,11): error TS1005: ',' expected.
routes/order-to-cash-routes.ts(1364,145): error TS1005: '}' expected.
routes/order-to-cash-routes.ts(1364,210): error TS1002: Unterminated string literal.
routes/order-to-cash-routes.ts(1365,9): error TS1005: ',' expected.
routes/order-to-cash-routes.ts(1407,13): error TS1005: 'try' expected.
routes/order-to-cash-routes.ts(1451,9): error TS1005: 'try' expected.
routes/order-to-cash-routes.ts(1458,6): error TS1128: Declaration or statement expected.
routes/order-to-cash-routes.ts(2196,64): error TS1005: ';' expected.
routes/order-to-cash-routes.ts(2196,79): error TS1005: ';' expected.
routes/order-to-cash-routes.ts(2196,82): error TS1128: Declaration or statement expected.
routes/order-to-cash-routes.ts(2196,83): error TS1005: ';' expected.
routes/order-to-cash-routes.ts(2196,85): error TS1128: Declaration or statement expected.
routes/order-to-cash-routes.ts(2196,87): error TS1434: Unexpected keyword or identifier.
routes/order-to-cash-routes.ts(2207,14): error TS1005: ',' expected.
routes/order-to-cash-routes.ts(2207,19): error TS1005: ',' expected.
routes/order-to-cash-routes.ts(2207,44): error TS1005: ',' expected.
routes/order-to-cash-routes.ts(2207,49): error TS1005: ',' expected.
routes/order-to-cash-routes.ts(2208,23): error TS1005: ',' expected.
routes/order-to-cash-routes.ts(2208,28): error TS1005: ',' expected.
routes/order-to-cash-routes.ts(2208,51): error TS1005: ',' expected.
routes/order-to-cash-routes.ts(2208,56): error TS1005: ',' expected.
routes/order-to-cash-routes.ts(2209,23): error TS1005: ',' expected.
routes/order-to-cash-routes.ts(2209,28): error TS1005: ',' expected.
routes/order-to-cash-routes.ts(2209,38): error TS1005: ',' expected.
routes/order-to-cash-routes.ts(2214,7): error TS1435: Unknown keyword or identifier. Did you mean 'from'?
routes/order-to-cash-routes.ts(2214,12): error TS1434: Unexpected keyword or identifier.
routes/order-to-cash-routes.ts(2215,7): error TS1435: Unknown keyword or identifier. Did you mean 'let'?
routes/order-to-cash-routes.ts(2215,12): error TS1434: Unexpected keyword or identifier.
routes/order-to-cash-routes.ts(2215,17): error TS1434: Unexpected keyword or identifier.
routes/order-to-cash-routes.ts(2215,30): error TS1434: Unexpected keyword or identifier.
routes/order-to-cash-routes.ts(2215,33): error TS1434: Unexpected keyword or identifier.
routes/order-to-cash-routes.ts(2216,7): error TS1435: Unknown keyword or identifier. Did you mean 'let'?
routes/order-to-cash-routes.ts(2216,12): error TS1434: Unexpected keyword or identifier.
routes/order-to-cash-routes.ts(2216,17): error TS1434: Unexpected keyword or identifier.
routes/order-to-cash-routes.ts(2216,31): error TS1434: Unexpected keyword or identifier.
routes/order-to-cash-routes.ts(2216,33): error TS1434: Unexpected keyword or identifier.
routes/order-to-cash-routes.ts(2217,7): error TS1435: Unknown keyword or identifier. Did you mean 'let'?
routes/order-to-cash-routes.ts(2217,12): error TS1434: Unexpected keyword or identifier.
routes/order-to-cash-routes.ts(2217,17): error TS1434: Unexpected keyword or identifier.
routes/order-to-cash-routes.ts(2217,32): error TS1434: Unexpected keyword or identifier.
routes/order-to-cash-routes.ts(2217,35): error TS1434: Unexpected keyword or identifier.
routes/order-to-cash-routes.ts(2218,7): error TS1434: Unexpected keyword or identifier.
routes/order-to-cash-routes.ts(2218,47): error TS1005: ';' expected.
routes/order-to-cash-routes.ts(2219,9): error TS1434: Unexpected keyword or identifier.
routes/order-to-cash-routes.ts(2220,7): error TS1434: Unexpected keyword or identifier.
routes/order-to-cash-routes.ts(2220,13): error TS1434: Unexpected keyword or identifier.
routes/order-to-cash-routes.ts(2223,7): error TS1434: Unexpected keyword or identifier.
routes/order-to-cash-routes.ts(2224,9): error TS1435: Unknown keyword or identifier. Did you mean 'case'?
routes/order-to-cash-routes.ts(2224,14): error TS1434: Unexpected keyword or identifier.
routes/order-to-cash-routes.ts(2225,14): error TS1005: ',' expected.
routes/order-to-cash-routes.ts(2225,19): error TS1005: ',' expected.
routes/order-to-cash-routes.ts(2225,44): error TS1005: ',' expected.
routes/order-to-cash-routes.ts(2225,49): error TS1005: ',' expected.
routes/order-to-cash-routes.ts(2226,33): error TS1005: ',' expected.
routes/order-to-cash-routes.ts(2226,38): error TS1005: ',' expected.
routes/order-to-cash-routes.ts(2226,61): error TS1005: ',' expected.
routes/order-to-cash-routes.ts(2226,66): error TS1005: ',' expected.
routes/order-to-cash-routes.ts(2227,33): error TS1005: ',' expected.
routes/order-to-cash-routes.ts(2227,38): error TS1005: ',' expected.
routes/order-to-cash-routes.ts(2227,48): error TS1005: ',' expected.
routes/order-to-cash-routes.ts(2227,65): error TS1005: ';' expected.
routes/order-to-cash-routes.ts(2227,72): error TS1005: ';' expected.
routes/order-to-cash-routes.ts(2227,79): error TS1005: ';' expected.
routes/order-to-cash-routes.ts(2228,21): error TS1005: ';' expected.
routes/order-to-cash-routes.ts(2229,7): error TS1434: Unexpected keyword or identifier.
routes/order-to-cash-routes.ts(2240,7): error TS1435: Unknown keyword or identifier. Did you mean 'from'?
routes/order-to-cash-routes.ts(2240,12): error TS1434: Unexpected keyword or identifier.
routes/order-to-cash-routes.ts(2241,7): error TS1435: Unknown keyword or identifier. Did you mean 'let'?
routes/order-to-cash-routes.ts(2241,12): error TS1434: Unexpected keyword or identifier.
routes/order-to-cash-routes.ts(2241,17): error TS1434: Unexpected keyword or identifier.
routes/order-to-cash-routes.ts(2241,30): error TS1434: Unexpected keyword or identifier.
routes/order-to-cash-routes.ts(2241,33): error TS1434: Unexpected keyword or identifier.
routes/order-to-cash-routes.ts(2242,7): error TS1435: Unknown keyword or identifier. Did you mean 'let'?
routes/order-to-cash-routes.ts(2242,12): error TS1434: Unexpected keyword or identifier.
routes/order-to-cash-routes.ts(2242,17): error TS1434: Unexpected keyword or identifier.
routes/order-to-cash-routes.ts(2242,36): error TS1434: Unexpected keyword or identifier.
routes/order-to-cash-routes.ts(2242,39): error TS1434: Unexpected keyword or identifier.
routes/order-to-cash-routes.ts(2243,7): error TS1435: Unknown keyword or identifier. Did you mean 'let'?
routes/order-to-cash-routes.ts(2243,12): error TS1434: Unexpected keyword or identifier.
routes/order-to-cash-routes.ts(2243,17): error TS1434: Unexpected keyword or identifier.
routes/order-to-cash-routes.ts(2243,38): error TS1434: Unexpected keyword or identifier.
routes/order-to-cash-routes.ts(2243,42): error TS1434: Unexpected keyword or identifier.
routes/order-to-cash-routes.ts(2244,7): error TS1434: Unexpected keyword or identifier.
routes/order-to-cash-routes.ts(2244,48): error TS1005: ';' expected.
routes/order-to-cash-routes.ts(2245,7): error TS1434: Unexpected keyword or identifier.
routes/order-to-cash-routes.ts(2245,13): error TS1434: Unexpected keyword or identifier.
routes/order-to-cash-routes.ts(2248,7): error TS1434: Unexpected keyword or identifier.
routes/order-to-cash-routes.ts(2248,13): error TS1434: Unexpected keyword or identifier.
routes/order-to-cash-routes.ts(2248,31): error TS1005: ';' expected.
routes/order-to-cash-routes.ts(2249,7): error TS1434: Unexpected keyword or identifier.
routes/order-to-cash-routes.ts(2250,5): error TS1443: Module declaration names may only use ' or " quoted strings.
routes/order-to-cash-routes.ts(2278,16): error TS1434: Unexpected keyword or identifier.
routes/order-to-cash-routes.ts(2278,50): error TS1127: Invalid character.
routes/order-to-cash-routes.ts(2278,52): error TS1127: Invalid character.
routes/order-to-cash-routes.ts(2278,55): error TS1127: Invalid character.
routes/order-to-cash-routes.ts(2278,56): error TS1127: Invalid character.
routes/order-to-cash-routes.ts(2278,58): error TS1434: Unexpected keyword or identifier.
routes/order-to-cash-routes.ts(2278,75): error TS1443: Module declaration names may only use ' or " quoted strings.
routes/order-to-cash-routes.ts(2279,16): error TS1434: Unexpected keyword or identifier.
routes/order-to-cash-routes.ts(2279,25): error TS1434: Unexpected keyword or identifier.
routes/order-to-cash-routes.ts(2290,14): error TS1005: ';' expected.
routes/order-to-cash-routes.ts(2290,48): error TS1127: Invalid character.
routes/order-to-cash-routes.ts(2290,50): error TS1127: Invalid character.
routes/order-to-cash-routes.ts(2290,53): error TS1127: Invalid character.
routes/order-to-cash-routes.ts(2290,54): error TS1127: Invalid character.
routes/order-to-cash-routes.ts(2290,56): error TS1434: Unexpected keyword or identifier.
routes/order-to-cash-routes.ts(2290,74): error TS1443: Module declaration names may only use ' or " quoted strings.
routes/order-to-cash-routes.ts(2291,14): error TS1434: Unexpected keyword or identifier.
routes/order-to-cash-routes.ts(2291,24): error TS1434: Unexpected keyword or identifier.
routes/order-to-cash-routes.ts(2291,33): error TS1434: Unexpected keyword or identifier.
routes/order-to-cash-routes.ts(2326,7): error TS1434: Unexpected keyword or identifier.
routes/order-to-cash-routes.ts(2326,20): error TS1109: Expression expected.
routes/order-to-cash-routes.ts(2326,21): error TS1109: Expression expected.
routes/order-to-cash-routes.ts(2326,32): error TS1005: ';' expected.
routes/order-to-cash-routes.ts(2327,7): error TS1434: Unexpected keyword or identifier.
routes/order-to-cash-routes.ts(2327,13): error TS1434: Unexpected keyword or identifier.
routes/order-to-cash-routes.ts(2327,26): error TS1434: Unexpected keyword or identifier.
routes/order-to-cash-routes.ts(2327,31): error TS1434: Unexpected keyword or identifier.
routes/order-to-cash-routes.ts(2330,26): error TS1005: ';' expected.
routes/order-to-cash-routes.ts(2330,32): error TS1005: ';' expected.
routes/order-to-cash-routes.ts(2330,50): error TS1005: ';' expected.
routes/order-to-cash-routes.ts(2331,48): error TS1005: ')' expected.
routes/order-to-cash-routes.ts(2461,7): error TS1005: 'try' expected.
routes/order-to-cash-routes.ts(2468,4): error TS1128: Declaration or statement expected.
routes/order-to-cash-routes.ts(2585,52): error TS1002: Unterminated string literal.
routes/order-to-cash-routes.ts(2587,7): error TS1005: ',' expected.
routes/order-to-cash-routes.ts(2598,5): error TS1005: ')' expected.
routes/order-to-cash-routes.ts(3088,30): error TS1127: Invalid character.
routes/order-to-cash-routes.ts(3088,38): error TS1005: ',' expected.
routes/order-to-cash-routes.ts(3088,47): error TS1005: ',' expected.
routes/order-to-cash-routes.ts(3088,62): error TS1005: ',' expected.
routes/order-to-cash-routes.ts(3088,79): error TS1005: ',' expected.
routes/order-to-cash-routes.ts(3088,82): error TS1005: ',' expected.
routes/order-to-cash-routes.ts(3090,29): error TS1005: ',' expected.
routes/order-to-cash-routes.ts(3090,32): error TS1005: ',' expected.
routes/order-to-cash-routes.ts(3090,38): error TS1005: ',' expected.
routes/order-to-cash-routes.ts(3091,17): error TS1005: ',' expected.
routes/order-to-cash-routes.ts(3091,31): error TS1005: ',' expected.
routes/order-to-cash-routes.ts(3091,37): error TS1005: ',' expected.
routes/order-to-cash-routes.ts(3091,47): error TS1005: ',' expected.
routes/order-to-cash-routes.ts(3091,50): error TS1005: ',' expected.
routes/order-to-cash-routes.ts(3091,59): error TS1005: ',' expected.
routes/order-to-cash-routes.ts(3091,63): error TS1005: '(' expected.
routes/order-to-cash-routes.ts(3091,69): error TS1005: ';' expected.
routes/order-to-cash-routes.ts(3091,86): error TS1005: ',' expected.
routes/order-to-cash-routes.ts(3091,111): error TS1005: ';' expected.
routes/order-to-cash-routes.ts(3091,119): error TS1005: ')' expected.
routes/order-to-cash-routes.ts(3091,121): error TS1434: Unexpected keyword or identifier.
routes/order-to-cash-routes.ts(3091,149): error TS1128: Declaration or statement expected.
routes/order-to-cash-routes.ts(3105,15): error TS1005: ',' expected.
routes/order-to-cash-routes.ts(3105,22): error TS1005: ',' expected.
routes/order-to-cash-routes.ts(3105,27): error TS1005: ',' expected.
routes/order-to-cash-routes.ts(3112,7): error TS1005: ',' expected.
routes/order-to-cash-routes.ts(3113,8): error TS1005: ',' expected.
routes/order-to-cash-routes.ts(3114,8): error TS1005: ',' expected.
routes/order-to-cash-routes.ts(3115,8): error TS1005: ',' expected.
routes/order-to-cash-routes.ts(3115,20): error TS1005: ',' expected.
routes/order-to-cash-routes.ts(3116,8): error TS1005: ',' expected.
routes/order-to-cash-routes.ts(3116,22): error TS1005: ',' expected.
routes/order-to-cash-routes.ts(3117,8): error TS1005: ',' expected.
routes/order-to-cash-routes.ts(3117,28): error TS1005: ',' expected.
routes/order-to-cash-routes.ts(3117,85): error TS1005: ',' expected.
routes/order-to-cash-routes.ts(3117,86): error TS1472: 'catch' or 'finally' expected.
routes/order-to-cash-routes.ts(3118,17): error TS1434: Unexpected keyword or identifier.
routes/order-to-cash-routes.ts(3118,76): error TS1128: Declaration or statement expected.
routes/order-to-cash-routes.ts(3119,17): error TS1434: Unexpected keyword or identifier.
routes/order-to-cash-routes.ts(3119,48): error TS1128: Declaration or statement expected.
routes/order-to-cash-routes.ts(3121,6): error TS1005: ';' expected.
routes/order-to-cash-routes.ts(3121,22): error TS1128: Declaration or statement expected.
routes/order-to-cash-routes.ts(3122,17): error TS1434: Unexpected keyword or identifier.
routes/order-to-cash-routes.ts(3122,38): error TS1128: Declaration or statement expected.
routes/order-to-cash-routes.ts(3123,17): error TS1434: Unexpected keyword or identifier.
routes/order-to-cash-routes.ts(3123,39): error TS1128: Declaration or statement expected.
routes/order-to-cash-routes.ts(3124,17): error TS1434: Unexpected keyword or identifier.
routes/order-to-cash-routes.ts(3124,31): error TS1128: Declaration or statement expected.
routes/order-to-cash-routes.ts(3125,17): error TS1434: Unexpected keyword or identifier.
routes/order-to-cash-routes.ts(3125,34): error TS1128: Declaration or statement expected.
routes/order-to-cash-routes.ts(3126,17): error TS1434: Unexpected keyword or identifier.
routes/order-to-cash-routes.ts(3126,68): error TS1128: Declaration or statement expected.
routes/order-to-cash-routes.ts(3127,17): error TS1434: Unexpected keyword or identifier.
routes/order-to-cash-routes.ts(3127,47): error TS1128: Declaration or statement expected.
routes/order-to-cash-routes.ts(3129,15): error TS1128: Declaration or statement expected.
routes/order-to-cash-routes.ts(3129,17): error TS1435: Unknown keyword or identifier. Did you mean 'return'?
routes/order-to-cash-routes.ts(3138,21): error TS1005: ';' expected.
routes/order-to-cash-routes.ts(3138,31): error TS1434: Unexpected keyword or identifier.
routes/order-to-cash-routes.ts(3138,40): error TS1434: Unexpected keyword or identifier.
routes/order-to-cash-routes.ts(3138,47): error TS1434: Unexpected keyword or identifier.
routes/order-to-cash-routes.ts(3138,60): error TS1005: '(' expected.
routes/order-to-cash-routes.ts(3138,66): error TS1005: ';' expected.
routes/order-to-cash-routes.ts(3138,74): error TS1005: ';' expected.
routes/order-to-cash-routes.ts(3138,76): error TS1434: Unexpected keyword or identifier.
routes/order-to-cash-routes.ts(3138,103): error TS1128: Declaration or statement expected.
routes/order-to-cash-routes.ts(3138,105): error TS1434: Unexpected keyword or identifier.
routes/order-to-cash-routes.ts(3138,119): error TS1005: '(' expected.
routes/order-to-cash-routes.ts(3138,129): error TS1005: ')' expected.
routes/order-to-cash-routes.ts(3138,142): error TS1005: ')' expected.
routes/order-to-cash-routes.ts(3138,171): error TS1161: Unterminated regular expression literal.
routes/order-to-cash-routes.ts(3138,199): error TS1005: ';' expected.
routes/order-to-cash-routes.ts(3144,35): error TS1005: ';' expected.
routes/order-to-cash-routes.ts(3144,38): error TS1434: Unexpected keyword or identifier.
routes/order-to-cash-routes.ts(3144,54): error TS1434: Unexpected keyword or identifier.
routes/order-to-cash-routes.ts(3144,129): error TS1005: ';' expected.
routes/order-to-cash-routes.ts(3145,22): error TS1005: ';' expected.
routes/order-to-cash-routes.ts(3145,23): error TS1127: Invalid character.
routes/order-to-cash-routes.ts(3145,25): error TS1127: Invalid character.
routes/order-to-cash-routes.ts(3145,27): error TS1127: Invalid character.
routes/order-to-cash-routes.ts(3145,28): error TS1127: Invalid character.
routes/order-to-cash-routes.ts(3145,30): error TS1127: Invalid character.
routes/order-to-cash-routes.ts(3145,31): error TS1434: Unexpected keyword or identifier.
routes/order-to-cash-routes.ts(3145,33): error TS1435: Unknown keyword or identifier. Did you mean 'using'?
routes/order-to-cash-routes.ts(3145,39): error TS1434: Unexpected keyword or identifier.
routes/order-to-cash-routes.ts(3145,44): error TS1434: Unexpected keyword or identifier.
routes/order-to-cash-routes.ts(3145,51): error TS1434: Unexpected keyword or identifier.
routes/order-to-cash-routes.ts(3145,60): error TS1434: Unexpected keyword or identifier.
routes/order-to-cash-routes.ts(3145,71): error TS1005: '(' expected.
routes/order-to-cash-routes.ts(3145,76): error TS1005: ';' expected.
routes/order-to-cash-routes.ts(3145,78): error TS1434: Unexpected keyword or identifier.
routes/order-to-cash-routes.ts(3150,35): error TS1005: ';' expected.
routes/order-to-cash-routes.ts(3150,38): error TS1434: Unexpected keyword or identifier.
routes/order-to-cash-routes.ts(3150,54): error TS1434: Unexpected keyword or identifier.
routes/order-to-cash-routes.ts(3150,129): error TS1005: ';' expected.
routes/order-to-cash-routes.ts(3151,22): error TS1005: ';' expected.
routes/order-to-cash-routes.ts(3151,23): error TS1127: Invalid character.
routes/order-to-cash-routes.ts(3151,25): error TS1127: Invalid character.
routes/order-to-cash-routes.ts(3151,27): error TS1127: Invalid character.
routes/order-to-cash-routes.ts(3151,28): error TS1127: Invalid character.
routes/order-to-cash-routes.ts(3151,30): error TS1127: Invalid character.
routes/order-to-cash-routes.ts(3151,31): error TS1434: Unexpected keyword or identifier.
routes/order-to-cash-routes.ts(3151,33): error TS1434: Unexpected keyword or identifier.
routes/order-to-cash-routes.ts(3151,42): error TS1434: Unexpected keyword or identifier.
routes/order-to-cash-routes.ts(3151,48): error TS1434: Unexpected keyword or identifier.
routes/order-to-cash-routes.ts(3151,62): error TS1005: '(' expected.
routes/order-to-cash-routes.ts(3151,72): error TS1005: ')' expected.
routes/order-to-cash-routes.ts(3151,74): error TS1434: Unexpected keyword or identifier.
routes/order-to-cash-routes.ts(3151,102): error TS1128: Declaration or statement expected.
routes/order-to-cash-routes.ts(3153,5): error TS1128: Declaration or statement expected.
routes/order-to-cash-routes.ts(3153,7): error TS1128: Declaration or statement expected.
routes/order-to-cash-routes.ts(3157,3): error TS1128: Declaration or statement expected.
routes/order-to-cash-routes.ts(3158,1): error TS1128: Declaration or statement expected.
routes/order-to-cash-routes.ts(3161,26): error TS1005: ',' expected.
routes/order-to-cash-routes.ts(3161,29): error TS1005: ',' expected.
routes/order-to-cash-routes.ts(3161,36): error TS1005: ',' expected.
routes/order-to-cash-routes.ts(3161,42): error TS1005: ',' expected.
routes/order-to-cash-routes.ts(3161,51): error TS1005: ',' expected.
routes/order-to-cash-routes.ts(3161,57): error TS1005: ',' expected.
routes/order-to-cash-routes.ts(3161,58): error TS1005: ',' expected.
routes/order-to-cash-routes.ts(3161,87): error TS1005: ',' expected.
routes/order-to-cash-routes.ts(3161,100): error TS1005: ',' expected.
routes/order-to-cash-routes.ts(3161,110): error TS1005: ',' expected.
routes/order-to-cash-routes.ts(3161,116): error TS1005: ',' expected.
routes/order-to-cash-routes.ts(3161,119): error TS1005: ',' expected.
routes/order-to-cash-routes.ts(3261,20): error TS1127: Invalid character.
routes/order-to-cash-routes.ts(3261,31): error TS1005: ',' expected.
routes/order-to-cash-routes.ts(3261,32): error TS1005: ',' expected.
routes/order-to-cash-routes.ts(3261,48): error TS1005: ',' expected.
routes/order-to-cash-routes.ts(3261,54): error TS1005: ',' expected.
routes/order-to-cash-routes.ts(3261,57): error TS1005: ',' expected.
routes/order-to-cash-routes.ts(3261,65): error TS1005: ',' expected.
routes/order-to-cash-routes.ts(3261,66): error TS1005: ',' expected.
routes/order-to-cash-routes.ts(3261,80): error TS1005: ',' expected.
routes/order-to-cash-routes.ts(3261,94): error TS1005: ',' expected.
routes/order-to-cash-routes.ts(3261,98): error TS1005: '(' expected.
routes/order-to-cash-routes.ts(3261,104): error TS1005: ';' expected.
routes/order-to-cash-routes.ts(3263,19): error TS1005: ';' expected.
routes/order-to-cash-routes.ts(3263,25): error TS1005: ')' expected.
routes/order-to-cash-routes.ts(3263,35): error TS1434: Unexpected keyword or identifier.
routes/order-to-cash-routes.ts(3263,45): error TS1005: '(' expected.
routes/order-to-cash-routes.ts(3263,53): error TS1005: ';' expected.
routes/order-to-cash-routes.ts(3263,54): error TS1005: ';' expected.
routes/order-to-cash-routes.ts(3263,68): error TS1005: ',' expected.
routes/order-to-cash-routes.ts(3263,88): error TS1005: ',' expected.
routes/order-to-cash-routes.ts(3263,93): error TS1005: ')' expected.
routes/order-to-cash-routes.ts(3277,13): error TS1005: ';' expected.
routes/order-to-cash-routes.ts(3277,21): error TS1434: Unexpected keyword or identifier.
routes/order-to-cash-routes.ts(3277,51): error TS1434: Unexpected keyword or identifier.
routes/order-to-cash-routes.ts(3277,74): error TS1005: ';' expected.
routes/order-to-cash-routes.ts(3277,78): error TS1005: '(' expected.
routes/order-to-cash-routes.ts(3277,84): error TS1005: ';' expected.
routes/order-to-cash-routes.ts(3277,93): error TS1005: ';' expected.
routes/order-to-cash-routes.ts(3284,14): error TS1005: ')' expected.
routes/order-to-cash-routes.ts(3284,15): error TS1127: Invalid character.
routes/order-to-cash-routes.ts(3284,17): error TS1127: Invalid character.
routes/order-to-cash-routes.ts(3284,19): error TS1127: Invalid character.
routes/order-to-cash-routes.ts(3284,22): error TS1127: Invalid character.
routes/order-to-cash-routes.ts(3284,24): error TS1434: Unexpected keyword or identifier.
routes/order-to-cash-routes.ts(3284,39): error TS1434: Unexpected keyword or identifier.
routes/order-to-cash-routes.ts(3284,48): error TS1434: Unexpected keyword or identifier.
routes/order-to-cash-routes.ts(3284,52): error TS1434: Unexpected keyword or identifier.
routes/order-to-cash-routes.ts(3284,66): error TS1005: '(' expected.
routes/order-to-cash-routes.ts(3284,67): error TS1005: ')' expected.
routes/order-to-cash-routes.ts(3284,92): error TS1434: Unexpected keyword or identifier.
routes/order-to-cash-routes.ts(3284,106): error TS1443: Module declaration names may only use ' or " quoted strings.
routes/order-to-cash-routes.ts(3285,15): error TS1127: Invalid character.
routes/order-to-cash-routes.ts(3285,17): error TS1127: Invalid character.
routes/order-to-cash-routes.ts(3285,19): error TS1127: Invalid character.
routes/order-to-cash-routes.ts(3285,22): error TS1127: Invalid character.
routes/order-to-cash-routes.ts(3285,24): error TS1434: Unexpected keyword or identifier.
routes/order-to-cash-routes.ts(3285,35): error TS1434: Unexpected keyword or identifier.
routes/order-to-cash-routes.ts(3285,61): error TS1434: Unexpected keyword or identifier.
routes/order-to-cash-routes.ts(3285,70): error TS1434: Unexpected keyword or identifier.
routes/order-to-cash-routes.ts(3285,80): error TS1005: '(' expected.
routes/order-to-cash-routes.ts(3285,89): error TS1005: ';' expected.
routes/order-to-cash-routes.ts(3294,16): error TS1005: ';' expected.
routes/order-to-cash-routes.ts(3294,17): error TS1127: Invalid character.
routes/order-to-cash-routes.ts(3294,19): error TS1127: Invalid character.
routes/order-to-cash-routes.ts(3294,21): error TS1127: Invalid character.
routes/order-to-cash-routes.ts(3294,24): error TS1127: Invalid character.
routes/order-to-cash-routes.ts(3294,26): error TS1434: Unexpected keyword or identifier.
routes/order-to-cash-routes.ts(3294,37): error TS1434: Unexpected keyword or identifier.
routes/order-to-cash-routes.ts(3294,46): error TS1434: Unexpected keyword or identifier.
routes/order-to-cash-routes.ts(3294,51): error TS1434: Unexpected keyword or identifier.
routes/order-to-cash-routes.ts(3294,61): error TS1161: Unterminated regular expression literal.
routes/order-to-cash-routes.ts(3294,129): error TS1005: ';' expected.
routes/order-to-cash-routes.ts(3301,107): error TS1005: ')' expected.
routes/order-to-cash-routes.ts(3375,171): error TS1005: '}' expected.
routes/order-to-cash-routes.ts(3375,177): error TS1002: Unterminated string literal.
routes/order-to-cash-routes.ts(3378,5): error TS1005: ',' expected.
routes/order-to-cash-routes.ts(3400,9): error TS1005: ')' expected.
routes/order-to-cash-routes.ts(3445,24): error TS1127: Invalid character.
routes/order-to-cash-routes.ts(3445,35): error TS1005: ',' expected.
routes/order-to-cash-routes.ts(3445,36): error TS1005: ',' expected.
routes/order-to-cash-routes.ts(3445,52): error TS1005: ',' expected.
routes/order-to-cash-routes.ts(3445,58): error TS1005: ',' expected.
routes/order-to-cash-routes.ts(3445,61): error TS1005: ',' expected.
routes/order-to-cash-routes.ts(3445,69): error TS1005: ',' expected.
routes/order-to-cash-routes.ts(3445,70): error TS1005: ',' expected.
routes/order-to-cash-routes.ts(3445,84): error TS1005: ',' expected.
routes/order-to-cash-routes.ts(3447,27): error TS1005: ',' expected.
routes/order-to-cash-routes.ts(3447,33): error TS1005: ',' expected.
routes/order-to-cash-routes.ts(3447,43): error TS1005: ',' expected.
routes/order-to-cash-routes.ts(3447,49): error TS1005: ',' expected.
routes/order-to-cash-routes.ts(3447,53): error TS1005: '(' expected.
routes/order-to-cash-routes.ts(3447,61): error TS1005: ';' expected.
routes/order-to-cash-routes.ts(3447,62): error TS1005: ';' expected.
routes/order-to-cash-routes.ts(3447,76): error TS1005: ',' expected.
routes/order-to-cash-routes.ts(3447,89): error TS1005: ')' expected.
routes/order-to-cash-routes.ts(3455,9): error TS1434: Unexpected keyword or identifier.
routes/order-to-cash-routes.ts(3456,9): error TS1435: Unknown keyword or identifier. Did you mean 'set'?
routes/order-to-cash-routes.ts(3456,69): error TS1005: ';' expected.
routes/order-to-cash-routes.ts(3456,84): error TS1128: Declaration or statement expected.
routes/order-to-cash-routes.ts(3458,51): error TS1005: ',' expected.
routes/order-to-cash-routes.ts(3458,90): error TS1005: ';' expected.
routes/order-to-cash-routes.ts(3459,15): error TS1435: Unknown keyword or identifier. Did you mean 'else'?
routes/order-to-cash-routes.ts(3462,9): error TS1434: Unexpected keyword or identifier.
routes/order-to-cash-routes.ts(3462,21): error TS1005: ';' expected.
routes/order-to-cash-routes.ts(3468,84): error TS1005: ';' expected.
routes/order-to-cash-routes.ts(3550,15): error TS1005: 'try' expected.
routes/order-to-cash-routes.ts(3557,12): error TS1128: Declaration or statement expected.
routes/order-to-cash-routes.ts(3619,110): error TS1005: ')' expected.
routes/order-to-cash-routes.ts(3619,119): error TS1005: ';' expected.
routes/order-to-cash-routes.ts(3619,124): error TS1135: Argument expression expected.
routes/order-to-cash-routes.ts(3619,133): error TS1005: ';' expected.
routes/order-to-cash-routes.ts(3619,135): error TS1002: Unterminated string literal.
routes/order-to-cash-routes.ts(3620,14): error TS1472: 'catch' or 'finally' expected.
routes/order-to-cash-routes.ts(3629,9): error TS1434: Unexpected keyword or identifier.
routes/order-to-cash-routes.ts(3630,9): error TS1435: Unknown keyword or identifier. Did you mean 'from'?
routes/order-to-cash-routes.ts(3630,14): error TS1434: Unexpected keyword or identifier.
routes/order-to-cash-routes.ts(3631,9): error TS1435: Unknown keyword or identifier. Did you mean 'let'?
routes/order-to-cash-routes.ts(3631,14): error TS1434: Unexpected keyword or identifier.
routes/order-to-cash-routes.ts(3631,19): error TS1434: Unexpected keyword or identifier.
routes/order-to-cash-routes.ts(3631,26): error TS1434: Unexpected keyword or identifier.
routes/order-to-cash-routes.ts(3631,29): error TS1434: Unexpected keyword or identifier.
routes/order-to-cash-routes.ts(3632,9): error TS1434: Unexpected keyword or identifier.
routes/order-to-cash-routes.ts(3632,24): error TS1005: ';' expected.
routes/order-to-cash-routes.ts(3632,52): error TS1434: Unexpected keyword or identifier.
routes/order-to-cash-routes.ts(3661,7): error TS1434: Unexpected keyword or identifier.
routes/order-to-cash-routes.ts(3663,11): error TS1005: ',' expected.
routes/order-to-cash-routes.ts(3663,16): error TS1005: ',' expected.
routes/order-to-cash-routes.ts(3663,32): error TS1005: ',' expected.
routes/order-to-cash-routes.ts(3663,34): error TS1005: ',' expected.
routes/order-to-cash-routes.ts(3663,35): error TS1136: Property assignment expected.
routes/order-to-cash-routes.ts(3663,74): error TS1005: ',' expected.
routes/order-to-cash-routes.ts(3664,11): error TS1434: Unexpected keyword or identifier.
routes/order-to-cash-routes.ts(3664,53): error TS1005: ',' expected.
routes/order-to-cash-routes.ts(3664,54): error TS1136: Property assignment expected.
routes/order-to-cash-routes.ts(3664,86): error TS1005: ',' expected.
routes/order-to-cash-routes.ts(3664,87): error TS1472: 'catch' or 'finally' expected.
routes/order-to-cash-routes.ts(3664,88): error TS1128: Declaration or statement expected.
routes/order-to-cash-routes.ts(3664,93): error TS1005: ';' expected.
routes/order-to-cash-routes.ts(3664,96): error TS1434: Unexpected keyword or identifier.
routes/order-to-cash-routes.ts(3664,103): error TS1128: Declaration or statement expected.
routes/order-to-cash-routes.ts(3665,11): error TS1435: Unknown keyword or identifier. Did you mean 'else'?
routes/order-to-cash-routes.ts(3667,7): error TS1128: Declaration or statement expected.
routes/order-to-cash-routes.ts(3667,8): error TS1128: Declaration or statement expected.
routes/order-to-cash-routes.ts(3667,11): error TS1005: ';' expected.
routes/order-to-cash-routes.ts(3667,13): error TS1434: Unexpected keyword or identifier.
routes/order-to-cash-routes.ts(3668,7): error TS1435: Unknown keyword or identifier. Did you mean 'from'?
routes/order-to-cash-routes.ts(3669,7): error TS1434: Unexpected keyword or identifier.
routes/order-to-cash-routes.ts(3669,13): error TS1434: Unexpected keyword or identifier.
routes/order-to-cash-routes.ts(3669,29): error TS1434: Unexpected keyword or identifier.
routes/order-to-cash-routes.ts(3669,34): error TS1434: Unexpected keyword or identifier.
routes/order-to-cash-routes.ts(3677,37): error TS1005: ';' expected.
routes/order-to-cash-routes.ts(3677,44): error TS1005: ';' expected.
routes/order-to-cash-routes.ts(3677,62): error TS1005: ';' expected.
routes/order-to-cash-routes.ts(3677,106): error TS1005: ';' expected.
routes/order-to-cash-routes.ts(3691,26): error TS1005: ';' expected.
routes/order-to-cash-routes.ts(3691,27): error TS1127: Invalid character.
routes/order-to-cash-routes.ts(3691,29): error TS1127: Invalid character.
routes/order-to-cash-routes.ts(3691,31): error TS1127: Invalid character.
routes/order-to-cash-routes.ts(3691,33): error TS1127: Invalid character.
routes/order-to-cash-routes.ts(3691,35): error TS1127: Invalid character.
routes/order-to-cash-routes.ts(3691,37): error TS1127: Invalid character.
routes/order-to-cash-routes.ts(3691,39): error TS1434: Unexpected keyword or identifier.
routes/order-to-cash-routes.ts(3691,48): error TS1434: Unexpected keyword or identifier.
routes/order-to-cash-routes.ts(3691,53): error TS1434: Unexpected keyword or identifier.
routes/order-to-cash-routes.ts(3691,72): error TS1128: Declaration or statement expected.
routes/order-to-cash-routes.ts(3691,74): error TS1434: Unexpected keyword or identifier.
routes/order-to-cash-routes.ts(3691,82): error TS1434: Unexpected keyword or identifier.
routes/order-to-cash-routes.ts(3691,103): error TS1005: ',' expected.
routes/order-to-cash-routes.ts(3691,106): error TS1005: ',' expected.
routes/order-to-cash-routes.ts(3691,129): error TS1005: ',' expected.
routes/order-to-cash-routes.ts(3691,132): error TS1005: ',' expected.
routes/order-to-cash-routes.ts(3691,153): error TS1443: Module declaration names may only use ' or " quoted strings.
routes/order-to-cash-routes.ts(3695,25): error TS1127: Invalid character.
routes/order-to-cash-routes.ts(3695,27): error TS1127: Invalid character.
routes/order-to-cash-routes.ts(3695,29): error TS1127: Invalid character.
routes/order-to-cash-routes.ts(3695,32): error TS1127: Invalid character.
routes/order-to-cash-routes.ts(3695,34): error TS1434: Unexpected keyword or identifier.
routes/order-to-cash-routes.ts(3695,45): error TS1434: Unexpected keyword or identifier.
routes/order-to-cash-routes.ts(3695,53): error TS1005: '(' expected.
routes/order-to-cash-routes.ts(3695,58): error TS1005: ';' expected.
routes/order-to-cash-routes.ts(3695,59): error TS1005: ';' expected.
routes/order-to-cash-routes.ts(3695,65): error TS1005: ',' expected.
routes/order-to-cash-routes.ts(3695,77): error TS1005: ')' expected.
routes/order-to-cash-routes.ts(3695,79): error TS1434: Unexpected keyword or identifier.
routes/order-to-cash-routes.ts(3695,107): error TS1005: ',' expected.
routes/order-to-cash-routes.ts(3695,110): error TS1005: ',' expected.
routes/order-to-cash-routes.ts(3695,135): error TS1005: ',' expected.
routes/order-to-cash-routes.ts(3695,141): error TS1005: ',' expected.
routes/order-to-cash-routes.ts(3695,144): error TS1005: ',' expected.
routes/order-to-cash-routes.ts(3709,13): error TS1434: Unexpected keyword or identifier.
routes/order-to-cash-routes.ts(3709,20): error TS1434: Unexpected keyword or identifier.
routes/order-to-cash-routes.ts(3709,25): error TS1435: Unknown keyword or identifier. Did you mean 'from'?
routes/order-to-cash-routes.ts(3710,13): error TS1434: Unexpected keyword or identifier.
routes/order-to-cash-routes.ts(3710,38): error TS1005: ')' expected.
routes/order-to-cash-routes.ts(3710,41): error TS1435: Unknown keyword or identifier. Did you mean 'from'?
routes/order-to-cash-routes.ts(3710,46): error TS1434: Unexpected keyword or identifier.
routes/order-to-cash-routes.ts(3710,53): error TS1434: Unexpected keyword or identifier.
routes/order-to-cash-routes.ts(3710,67): error TS1005: ';' expected.
routes/order-to-cash-routes.ts(3710,85): error TS1434: Unexpected keyword or identifier.
routes/order-to-cash-routes.ts(3710,92): error TS1005: ';' expected.
routes/order-to-cash-routes.ts(3711,13): error TS1434: Unexpected keyword or identifier.
routes/order-to-cash-routes.ts(3711,19): error TS1434: Unexpected keyword or identifier.
routes/order-to-cash-routes.ts(3711,22): error TS1434: Unexpected keyword or identifier.
routes/order-to-cash-routes.ts(3711,25): error TS1434: Unexpected keyword or identifier.
routes/order-to-cash-routes.ts(3712,11): error TS1443: Module declaration names may only use ' or " quoted strings.
routes/order-to-cash-routes.ts(3719,28): error TS1434: Unexpected keyword or identifier.
routes/order-to-cash-routes.ts(3719,33): error TS1434: Unexpected keyword or identifier.
routes/order-to-cash-routes.ts(3719,52): error TS1128: Declaration or statement expected.
routes/order-to-cash-routes.ts(3719,54): error TS1434: Unexpected keyword or identifier.
routes/order-to-cash-routes.ts(3719,62): error TS1434: Unexpected keyword or identifier.
routes/order-to-cash-routes.ts(3719,71): error TS1434: Unexpected keyword or identifier.
routes/order-to-cash-routes.ts(3719,88): error TS1005: ';' expected.
routes/order-to-cash-routes.ts(3719,92): error TS1434: Unexpected keyword or identifier.
routes/order-to-cash-routes.ts(3719,121): error TS1005: ';' expected.
routes/order-to-cash-routes.ts(3719,126): error TS1434: Unexpected keyword or identifier.
routes/order-to-cash-routes.ts(3719,135): error TS1003: Identifier expected.
routes/order-to-cash-routes.ts(3724,28): error TS1434: Unexpected keyword or identifier.
routes/order-to-cash-routes.ts(3724,33): error TS1434: Unexpected keyword or identifier.
routes/order-to-cash-routes.ts(3724,52): error TS1128: Declaration or statement expected.
routes/order-to-cash-routes.ts(3724,54): error TS1434: Unexpected keyword or identifier.
routes/order-to-cash-routes.ts(3724,60): error TS1434: Unexpected keyword or identifier.
routes/order-to-cash-routes.ts(3724,65): error TS1434: Unexpected keyword or identifier.
routes/order-to-cash-routes.ts(3724,82): error TS1005: ';' expected.
routes/order-to-cash-routes.ts(3724,104): error TS1005: ';' expected.
routes/order-to-cash-routes.ts(3724,120): error TS1005: ';' expected.
routes/order-to-cash-routes.ts(3724,130): error TS1005: ';' expected.
routes/order-to-cash-routes.ts(3724,138): error TS1003: Identifier expected.
routes/order-to-cash-routes.ts(3734,13): error TS1434: Unexpected keyword or identifier.
routes/order-to-cash-routes.ts(3735,20): error TS1005: ';' expected.
routes/order-to-cash-routes.ts(3754,13): error TS1434: Unexpected keyword or identifier.
routes/order-to-cash-routes.ts(3755,13): error TS1435: Unknown keyword or identifier. Did you mean 'from'?
routes/order-to-cash-routes.ts(3756,13): error TS1434: Unexpected keyword or identifier.
routes/order-to-cash-routes.ts(3756,36): error TS1005: ';' expected.
routes/order-to-cash-routes.ts(3757,15): error TS1434: Unexpected keyword or identifier.
routes/order-to-cash-routes.ts(3757,33): error TS1005: ';' expected.
routes/order-to-cash-routes.ts(3758,15): error TS1434: Unexpected keyword or identifier.
routes/order-to-cash-routes.ts(3758,39): error TS1005: ';' expected.
routes/order-to-cash-routes.ts(3759,38): error TS1005: ',' expected.
routes/order-to-cash-routes.ts(3759,41): error TS1005: ',' expected.
routes/order-to-cash-routes.ts(3759,52): error TS1005: ',' expected.
routes/order-to-cash-routes.ts(3759,55): error TS1005: ',' expected.
routes/order-to-cash-routes.ts(3760,13): error TS1434: Unexpected keyword or identifier.
routes/order-to-cash-routes.ts(3761,11): error TS1443: Module declaration names may only use ' or " quoted strings.
routes/order-to-cash-routes.ts(3777,33): error TS1434: Unexpected keyword or identifier.
routes/order-to-cash-routes.ts(3777,46): error TS1434: Unexpected keyword or identifier.
routes/order-to-cash-routes.ts(3777,56): error TS1005: '(' expected.
routes/order-to-cash-routes.ts(3777,65): error TS1005: ';' expected.
routes/order-to-cash-routes.ts(3777,66): error TS1005: ';' expected.
routes/order-to-cash-routes.ts(3777,82): error TS1005: ')' expected.
routes/order-to-cash-routes.ts(3777,97): error TS1005: ';' expected.
routes/order-to-cash-routes.ts(3777,116): error TS1128: Declaration or statement expected.
routes/order-to-cash-routes.ts(3777,130): error TS1005: ';' expected.
routes/order-to-cash-routes.ts(3797,28): error TS1005: ';' expected.
routes/order-to-cash-routes.ts(3797,33): error TS1434: Unexpected keyword or identifier.
routes/order-to-cash-routes.ts(3797,52): error TS1128: Declaration or statement expected.
routes/order-to-cash-routes.ts(3797,54): error TS1434: Unexpected keyword or identifier.
routes/order-to-cash-routes.ts(3797,82): error TS1005: ';' expected.
routes/order-to-cash-routes.ts(3797,84): error TS1434: Unexpected keyword or identifier.
routes/order-to-cash-routes.ts(3797,103): error TS1128: Declaration or statement expected.
routes/order-to-cash-routes.ts(3797,115): error TS1434: Unexpected keyword or identifier.
routes/order-to-cash-routes.ts(3808,17): error TS1434: Unexpected keyword or identifier.
routes/order-to-cash-routes.ts(3809,17): error TS1435: Unknown keyword or identifier. Did you mean 'from'?
routes/order-to-cash-routes.ts(3809,22): error TS1434: Unexpected keyword or identifier.
routes/order-to-cash-routes.ts(3810,17): error TS1434: Unexpected keyword or identifier.
routes/order-to-cash-routes.ts(3810,33): error TS1005: ';' expected.
routes/order-to-cash-routes.ts(3811,17): error TS1434: Unexpected keyword or identifier.
routes/order-to-cash-routes.ts(3824,17): error TS1434: Unexpected keyword or identifier.
routes/order-to-cash-routes.ts(3824,24): error TS1434: Unexpected keyword or identifier.
routes/order-to-cash-routes.ts(3824,27): error TS1435: Unknown keyword or identifier. Did you mean 'from'?
routes/order-to-cash-routes.ts(3824,32): error TS1434: Unexpected keyword or identifier.
routes/order-to-cash-routes.ts(3824,39): error TS1434: Unexpected keyword or identifier.
routes/order-to-cash-routes.ts(3824,53): error TS1005: ';' expected.
routes/order-to-cash-routes.ts(3824,71): error TS1434: Unexpected keyword or identifier.
routes/order-to-cash-routes.ts(3837,19): error TS1434: Unexpected keyword or identifier.
routes/order-to-cash-routes.ts(3837,26): error TS1434: Unexpected keyword or identifier.
routes/order-to-cash-routes.ts(3837,35): error TS1435: Unknown keyword or identifier. Did you mean 'from'?
routes/order-to-cash-routes.ts(3837,40): error TS1434: Unexpected keyword or identifier.
routes/order-to-cash-routes.ts(3837,50): error TS1434: Unexpected keyword or identifier.
routes/order-to-cash-routes.ts(3837,64): error TS1005: ';' expected.
routes/order-to-cash-routes.ts(3837,81): error TS1434: Unexpected keyword or identifier.
routes/order-to-cash-routes.ts(3847,19): error TS1434: Unexpected keyword or identifier.
routes/order-to-cash-routes.ts(3847,26): error TS1434: Unexpected keyword or identifier.
routes/order-to-cash-routes.ts(3847,39): error TS1435: Unknown keyword or identifier. Did you mean 'from'?
routes/order-to-cash-routes.ts(3848,19): error TS1434: Unexpected keyword or identifier.
routes/order-to-cash-routes.ts(3848,64): error TS1005: ';' expected.
routes/order-to-cash-routes.ts(3848,82): error TS1005: ';' expected.
routes/order-to-cash-routes.ts(3849,17): error TS1443: Module declaration names may only use ' or " quoted strings.
routes/order-to-cash-routes.ts(3858,35): error TS1127: Invalid character.
routes/order-to-cash-routes.ts(3858,37): error TS1127: Invalid character.
routes/order-to-cash-routes.ts(3858,39): error TS1127: Invalid character.
routes/order-to-cash-routes.ts(3858,41): error TS1434: Unexpected keyword or identifier.
routes/order-to-cash-routes.ts(3858,48): error TS1434: Unexpected keyword or identifier.
routes/order-to-cash-routes.ts(3858,68): error TS1434: Unexpected keyword or identifier.
routes/order-to-cash-routes.ts(3858,73): error TS1434: Unexpected keyword or identifier.
routes/order-to-cash-routes.ts(3858,76): error TS1434: Unexpected keyword or identifier.
routes/order-to-cash-routes.ts(3858,84): error TS1434: Unexpected keyword or identifier.
routes/order-to-cash-routes.ts(3858,88): error TS1434: Unexpected keyword or identifier.
routes/order-to-cash-routes.ts(3858,98): error TS1005: '(' expected.
routes/order-to-cash-routes.ts(3858,107): error TS1005: ';' expected.
routes/order-to-cash-routes.ts(3858,112): error TS1005: ';' expected.
routes/order-to-cash-routes.ts(3858,113): error TS1005: ')' expected.
routes/order-to-cash-routes.ts(3859,32): error TS1005: ';' expected.
routes/order-to-cash-routes.ts(3859,37): error TS1434: Unexpected keyword or identifier.
routes/order-to-cash-routes.ts(3859,56): error TS1128: Declaration or statement expected.
routes/order-to-cash-routes.ts(3859,58): error TS1434: Unexpected keyword or identifier.
routes/order-to-cash-routes.ts(3859,63): error TS1434: Unexpected keyword or identifier.
routes/order-to-cash-routes.ts(3859,66): error TS1434: Unexpected keyword or identifier.
routes/order-to-cash-routes.ts(3859,74): error TS1228: A type predicate is only allowed in return type position for functions and methods.
routes/order-to-cash-routes.ts(3859,77): error TS1435: Unknown keyword or identifier. Did you mean 'require'?
routes/order-to-cash-routes.ts(3859,90): error TS1005: '(' expected.
routes/order-to-cash-routes.ts(3859,100): error TS1005: ';' expected.
routes/order-to-cash-routes.ts(3874,169): error TS1005: ';' expected.
routes/order-to-cash-routes.ts(3881,130): error TS1005: ')' expected.
routes/order-to-cash-routes.ts(3945,22): error TS1127: Invalid character.
routes/order-to-cash-routes.ts(3945,32): error TS1005: ',' expected.
routes/order-to-cash-routes.ts(3945,41): error TS1005: ',' expected.
routes/order-to-cash-routes.ts(3945,50): error TS1005: ',' expected.
routes/order-to-cash-routes.ts(3945,51): error TS1005: ',' expected.
routes/order-to-cash-routes.ts(3945,70): error TS1005: ',' expected.
routes/order-to-cash-routes.ts(3945,74): error TS1005: '(' expected.
routes/order-to-cash-routes.ts(3945,80): error TS1005: ';' expected.
routes/order-to-cash-routes.ts(3947,28): error TS1005: ';' expected.
routes/order-to-cash-routes.ts(3947,29): error TS1127: Invalid character.
routes/order-to-cash-routes.ts(3947,31): error TS1127: Invalid character.
routes/order-to-cash-routes.ts(3947,33): error TS1127: Invalid character.
routes/order-to-cash-routes.ts(3947,35): error TS1434: Unexpected keyword or identifier.
routes/order-to-cash-routes.ts(3947,57): error TS1005: ',' expected.
routes/order-to-cash-routes.ts(3947,66): error TS1005: ',' expected.
routes/order-to-cash-routes.ts(3947,74): error TS1005: ',' expected.
routes/order-to-cash-routes.ts(3947,78): error TS1005: '(' expected.
routes/order-to-cash-routes.ts(3947,87): error TS1005: ';' expected.
routes/order-to-cash-routes.ts(3947,88): error TS1005: ';' expected.
routes/order-to-cash-routes.ts(3947,104): error TS1005: ')' expected.
routes/order-to-cash-routes.ts(3949,27): error TS1005: ';' expected.
routes/order-to-cash-routes.ts(3949,35): error TS1434: Unexpected keyword or identifier.
routes/order-to-cash-routes.ts(3949,40): error TS1434: Unexpected keyword or identifier.
routes/order-to-cash-routes.ts(3949,43): error TS1434: Unexpected keyword or identifier.
routes/order-to-cash-routes.ts(3949,50): error TS1434: Unexpected keyword or identifier.
routes/order-to-cash-routes.ts(3949,65): error TS1434: Unexpected keyword or identifier.
routes/order-to-cash-routes.ts(3949,71): error TS1128: Declaration or statement expected.
routes/order-to-cash-routes.ts(3956,17): error TS1434: Unexpected keyword or identifier.
routes/order-to-cash-routes.ts(3957,17): error TS1435: Unknown keyword or identifier. Did you mean 'from'?
routes/order-to-cash-routes.ts(3958,17): error TS1434: Unexpected keyword or identifier.
routes/order-to-cash-routes.ts(3958,40): error TS1005: ';' expected.
routes/order-to-cash-routes.ts(3959,19): error TS1434: Unexpected keyword or identifier.
routes/order-to-cash-routes.ts(3959,37): error TS1005: ';' expected.
routes/order-to-cash-routes.ts(3960,19): error TS1434: Unexpected keyword or identifier.
routes/order-to-cash-routes.ts(3960,43): error TS1005: ';' expected.
routes/order-to-cash-routes.ts(3961,38): error TS1005: ',' expected.
routes/order-to-cash-routes.ts(3961,41): error TS1005: ',' expected.
routes/order-to-cash-routes.ts(3961,52): error TS1005: ',' expected.
routes/order-to-cash-routes.ts(3961,55): error TS1005: ',' expected.
routes/order-to-cash-routes.ts(3962,17): error TS1434: Unexpected keyword or identifier.
routes/order-to-cash-routes.ts(3981,17): error TS1434: Unexpected keyword or identifier.
routes/order-to-cash-routes.ts(3983,21): error TS1005: ';' expected.
routes/order-to-cash-routes.ts(3983,43): error TS1128: Declaration or statement expected.
routes/order-to-cash-routes.ts(3984,31): error TS1005: ';' expected.
routes/order-to-cash-routes.ts(3984,54): error TS1128: Declaration or statement expected.
routes/order-to-cash-routes.ts(3985,30): error TS1005: ';' expected.
routes/order-to-cash-routes.ts(3985,52): error TS1128: Declaration or statement expected.
routes/order-to-cash-routes.ts(3986,31): error TS1005: ';' expected.
routes/order-to-cash-routes.ts(3986,54): error TS1128: Declaration or statement expected.
routes/order-to-cash-routes.ts(3988,17): error TS1434: Unexpected keyword or identifier.
routes/order-to-cash-routes.ts(3988,40): error TS1005: ';' expected.
routes/order-to-cash-routes.ts(3989,19): error TS1434: Unexpected keyword or identifier.
routes/order-to-cash-routes.ts(3989,37): error TS1005: ';' expected.
routes/order-to-cash-routes.ts(3990,19): error TS1434: Unexpected keyword or identifier.
routes/order-to-cash-routes.ts(3990,43): error TS1005: ';' expected.
routes/order-to-cash-routes.ts(3991,38): error TS1005: ',' expected.
routes/order-to-cash-routes.ts(3991,41): error TS1005: ',' expected.
routes/order-to-cash-routes.ts(3991,52): error TS1005: ',' expected.
routes/order-to-cash-routes.ts(3991,55): error TS1005: ',' expected.
routes/order-to-cash-routes.ts(3992,15): error TS1443: Module declaration names may only use ' or " quoted strings.
routes/order-to-cash-routes.ts(3994,29): error TS1434: Unexpected keyword or identifier.
routes/order-to-cash-routes.ts(3994,36): error TS1434: Unexpected keyword or identifier.
routes/order-to-cash-routes.ts(3994,52): error TS1434: Unexpected keyword or identifier.
routes/order-to-cash-routes.ts(3994,67): error TS1434: Unexpected keyword or identifier.
routes/order-to-cash-routes.ts(3994,71): error TS1434: Unexpected keyword or identifier.
routes/order-to-cash-routes.ts(3994,76): error TS1434: Unexpected keyword or identifier.
routes/order-to-cash-routes.ts(3994,80): error TS1434: Unexpected keyword or identifier.
routes/order-to-cash-routes.ts(3994,90): error TS1005: '(' expected.
routes/order-to-cash-routes.ts(3994,99): error TS1005: ';' expected.
routes/order-to-cash-routes.ts(3994,100): error TS1005: ';' expected.
routes/order-to-cash-routes.ts(3994,117): error TS1005: ')' expected.
routes/order-to-cash-routes.ts(3994,120): error TS1434: Unexpected keyword or identifier.
routes/order-to-cash-routes.ts(3994,126): error TS1434: Unexpected keyword or identifier.
routes/order-to-cash-routes.ts(3994,144): error TS1128: Declaration or statement expected.
routes/order-to-cash-routes.ts(3994,146): error TS1434: Unexpected keyword or identifier.
routes/order-to-cash-routes.ts(3994,154): error TS1434: Unexpected keyword or identifier.
routes/order-to-cash-routes.ts(3995,28): error TS1005: ';' expected.
routes/order-to-cash-routes.ts(3995,33): error TS1434: Unexpected keyword or identifier.
routes/order-to-cash-routes.ts(3995,52): error TS1128: Declaration or statement expected.
routes/order-to-cash-routes.ts(3995,54): error TS1434: Unexpected keyword or identifier.
routes/order-to-cash-routes.ts(3995,60): error TS1434: Unexpected keyword or identifier.
routes/order-to-cash-routes.ts(3995,68): error TS1434: Unexpected keyword or identifier.
routes/order-to-cash-routes.ts(3995,75): error TS1434: Unexpected keyword or identifier.
routes/order-to-cash-routes.ts(3995,92): error TS1005: ';' expected.
routes/order-to-cash-routes.ts(3995,111): error TS1003: Identifier expected.
routes/order-to-cash-routes.ts(4000,26): error TS1434: Unexpected keyword or identifier.
routes/order-to-cash-routes.ts(4000,33): error TS1434: Unexpected keyword or identifier.
routes/order-to-cash-routes.ts(4000,37): error TS1434: Unexpected keyword or identifier.
routes/order-to-cash-routes.ts(4000,47): error TS1434: Unexpected keyword or identifier.
routes/order-to-cash-routes.ts(4000,65): error TS1434: Unexpected keyword or identifier.
routes/order-to-cash-routes.ts(4000,101): error TS1005: ';' expected.
routes/order-to-cash-routes.ts(4017,17): error TS1434: Unexpected keyword or identifier.
routes/order-to-cash-routes.ts(4017,24): error TS1434: Unexpected keyword or identifier.
routes/order-to-cash-routes.ts(4020,18): error TS1005: ')' expected.
routes/order-to-cash-routes.ts(4020,40): error TS1005: ',' expected.
routes/order-to-cash-routes.ts(4020,43): error TS1005: ',' expected.
routes/order-to-cash-routes.ts(4021,21): error TS1005: ',' expected.
routes/order-to-cash-routes.ts(4021,26): error TS1005: ',' expected.
routes/order-to-cash-routes.ts(4021,41): error TS1005: ',' expected.
routes/order-to-cash-routes.ts(4022,21): error TS1005: ',' expected.
routes/order-to-cash-routes.ts(4022,26): error TS1005: ',' expected.
routes/order-to-cash-routes.ts(4022,31): error TS1005: ',' expected.
routes/order-to-cash-routes.ts(4022,41): error TS1005: ',' expected.
routes/order-to-cash-routes.ts(4022,43): error TS1005: ',' expected.
routes/order-to-cash-routes.ts(4022,46): error TS1005: ',' expected.
routes/order-to-cash-routes.ts(4023,21): error TS1005: ',' expected.
routes/order-to-cash-routes.ts(4023,52): error TS1005: ',' expected.
routes/order-to-cash-routes.ts(4023,60): error TS1005: ',' expected.
routes/order-to-cash-routes.ts(4023,63): error TS1005: ',' expected.
routes/order-to-cash-routes.ts(4023,67): error TS1005: ',' expected.
routes/order-to-cash-routes.ts(4023,72): error TS1005: ',' expected.
routes/order-to-cash-routes.ts(4023,76): error TS1005: ',' expected.
routes/order-to-cash-routes.ts(4024,23): error TS1005: ',' expected.
routes/order-to-cash-routes.ts(4024,55): error TS1005: ',' expected.
routes/order-to-cash-routes.ts(4024,58): error TS1005: ',' expected.
routes/order-to-cash-routes.ts(4024,72): error TS1005: ',' expected.
routes/order-to-cash-routes.ts(4024,75): error TS1005: ',' expected.
routes/order-to-cash-routes.ts(4025,13): error TS1005: ';' expected.
routes/order-to-cash-routes.ts(4025,14): error TS1128: Declaration or statement expected.
routes/order-to-cash-routes.ts(4027,18): error TS1005: ')' expected.
routes/order-to-cash-routes.ts(4027,62): error TS1005: ',' expected.
routes/order-to-cash-routes.ts(4027,65): error TS1005: ',' expected.
routes/order-to-cash-routes.ts(4028,21): error TS1005: ',' expected.
routes/order-to-cash-routes.ts(4028,26): error TS1005: ',' expected.
routes/order-to-cash-routes.ts(4028,41): error TS1005: ',' expected.
routes/order-to-cash-routes.ts(4029,21): error TS1005: ',' expected.
routes/order-to-cash-routes.ts(4029,26): error TS1005: ',' expected.
routes/order-to-cash-routes.ts(4029,31): error TS1005: ',' expected.
routes/order-to-cash-routes.ts(4029,41): error TS1005: ',' expected.
routes/order-to-cash-routes.ts(4029,43): error TS1005: ',' expected.
routes/order-to-cash-routes.ts(4029,46): error TS1005: ',' expected.
routes/order-to-cash-routes.ts(4030,21): error TS1005: ',' expected.
routes/order-to-cash-routes.ts(4030,52): error TS1005: ',' expected.
routes/order-to-cash-routes.ts(4030,60): error TS1005: ',' expected.
routes/order-to-cash-routes.ts(4030,63): error TS1005: ',' expected.
routes/order-to-cash-routes.ts(4030,67): error TS1005: ',' expected.
routes/order-to-cash-routes.ts(4030,72): error TS1005: ',' expected.
routes/order-to-cash-routes.ts(4030,76): error TS1005: ',' expected.
routes/order-to-cash-routes.ts(4031,23): error TS1005: ',' expected.
routes/order-to-cash-routes.ts(4031,55): error TS1005: ',' expected.
routes/order-to-cash-routes.ts(4031,58): error TS1005: ',' expected.
routes/order-to-cash-routes.ts(4031,72): error TS1005: ',' expected.
routes/order-to-cash-routes.ts(4031,75): error TS1005: ',' expected.
routes/order-to-cash-routes.ts(4032,13): error TS1005: ';' expected.
routes/order-to-cash-routes.ts(4032,14): error TS1128: Declaration or statement expected.
routes/order-to-cash-routes.ts(4034,17): error TS1434: Unexpected keyword or identifier.
routes/order-to-cash-routes.ts(4035,17): error TS1435: Unknown keyword or identifier. Did you mean 'return'?
routes/order-to-cash-routes.ts(4040,175): error TS1005: ';' expected.
routes/order-to-cash-routes.ts(4043,1): error TS1472: 'catch' or 'finally' expected.
routes/order-to-cash-routes.ts(4043,3): error TS1005: 'try' expected.
routes/order-to-cash-routes.ts(4046,3): error TS1005: 'try' expected.
routes/order-to-cash-routes.ts(4055,9): error TS1128: Declaration or statement expected.
routes/order-to-cash-routes.ts(4104,104): error TS1005: '}' expected.
routes/order-to-cash-routes.ts(4104,269): error TS1005: '}' expected.
routes/order-to-cash-routes.ts(4239,5): error TS1128: Declaration or statement expected.
routes/order-to-cash-routes.ts(4307,103): error TS1005: ':' expected.
routes/order-to-cash-routes.ts(4307,129): error TS1005: ',' expected.
routes/order-to-cash-routes.ts(4307,145): error TS1005: ',' expected.
routes/order-to-cash-routes.ts(4307,150): error TS1005: ',' expected.
routes/order-to-cash-routes.ts(4307,154): error TS1005: ',' expected.
routes/order-to-cash-routes.ts(4307,234): error TS1002: Unterminated string literal.
routes/order-to-cash-routes.ts(4308,5): error TS1005: ',' expected.
routes/order-to-cash-routes.ts(4308,109): error TS1005: ')' expected.
routes/order-to-cash-routes.ts(4506,7): error TS1005: 'try' expected.
routes/order-to-cash-routes.ts(4512,9): error TS1472: 'catch' or 'finally' expected.
routes/order-to-cash-routes.ts(4530,5): error TS1005: ',' expected.
routes/order-to-cash-routes.ts(4545,3): error TS1128: Declaration or statement expected.
routes/order-to-cash-routes.ts(4545,5): error TS1005: 'try' expected.
routes/order-to-cash-routes.ts(4549,1): error TS1128: Declaration or statement expected.
routes/order-to-cash-routes.ts(4615,17): error TS1127: Invalid character.
routes/order-to-cash-routes.ts(4615,28): error TS1005: ',' expected.
routes/order-to-cash-routes.ts(4615,38): error TS1005: ',' expected.
routes/order-to-cash-routes.ts(4615,52): error TS1005: ',' expected.
routes/order-to-cash-routes.ts(4616,10): error TS1005: ',' expected.
routes/order-to-cash-routes.ts(4616,20): error TS1005: ',' expected.
routes/order-to-cash-routes.ts(4616,28): error TS1005: ',' expected.
routes/order-to-cash-routes.ts(4616,31): error TS1005: ',' expected.
routes/order-to-cash-routes.ts(4616,39): error TS1005: ',' expected.
routes/order-to-cash-routes.ts(4617,10): error TS1005: ',' expected.
routes/order-to-cash-routes.ts(4617,16): error TS1005: ',' expected.
routes/order-to-cash-routes.ts(4617,25): error TS1005: ',' expected.
routes/order-to-cash-routes.ts(4617,28): error TS1005: ',' expected.
routes/order-to-cash-routes.ts(4617,36): error TS1005: ',' expected.
routes/order-to-cash-routes.ts(4618,10): error TS1005: ',' expected.
routes/order-to-cash-routes.ts(4618,21): error TS1005: ',' expected.
routes/order-to-cash-routes.ts(4618,27): error TS1005: ',' expected.
routes/order-to-cash-routes.ts(4618,30): error TS1005: ',' expected.
routes/order-to-cash-routes.ts(4618,47): error TS1005: ',' expected.
routes/order-to-cash-routes.ts(4618,60): error TS1005: ',' expected.
routes/order-to-cash-routes.ts(4618,68): error TS1005: ',' expected.
routes/order-to-cash-routes.ts(4618,69): error TS1472: 'catch' or 'finally' expected.
routes/order-to-cash-routes.ts(4619,10): error TS1005: ';' expected.
routes/order-to-cash-routes.ts(4619,27): error TS1434: Unexpected keyword or identifier.
routes/order-to-cash-routes.ts(4620,45): error TS1005: ';' expected.
routes/order-to-cash-routes.ts(4620,54): error TS1434: Unexpected keyword or identifier.
routes/order-to-cash-routes.ts(4620,94): error TS1003: Identifier expected.
routes/order-to-cash-routes.ts(4620,94): error TS1443: Module declaration names may only use ' or " quoted strings.
routes/order-to-cash-routes.ts(4620,101): error TS1002: Unterminated string literal.
routes/order-to-cash-routes.ts(4623,3): error TS1128: Declaration or statement expected.
routes/order-to-cash-routes.ts(4623,5): error TS1005: 'try' expected.
routes/order-to-cash-routes.ts(4630,1): error TS1128: Declaration or statement expected.
routes/order-to-cash-routes.ts(4630,2): error TS1128: Declaration or statement expected.
routes/order-to-cash-routes.ts(4798,59): error TS1005: ',' expected.
routes/order-to-cash-routes.ts(4798,60): error TS1005: ',' expected.
routes/order-to-cash-routes.ts(4798,70): error TS1005: ',' expected.
routes/order-to-cash-routes.ts(4798,95): error TS1005: ',' expected.
routes/order-to-cash-routes.ts(4798,98): error TS1005: ',' expected.
routes/order-to-cash-routes.ts(4798,108): error TS1005: ',' expected.
routes/order-to-cash-routes.ts(4798,123): error TS1005: ',' expected.
routes/order-to-cash-routes.ts(4798,127): error TS1005: ',' expected.
routes/order-to-cash-routes.ts(4810,18): error TS1005: ',' expected.
routes/order-to-cash-routes.ts(4810,19): error TS1127: Invalid character.
routes/order-to-cash-routes.ts(4810,21): error TS1127: Invalid character.
routes/order-to-cash-routes.ts(4810,23): error TS1127: Invalid character.
routes/order-to-cash-routes.ts(4810,26): error TS1127: Invalid character.
routes/order-to-cash-routes.ts(4810,27): error TS1127: Invalid character.
routes/order-to-cash-routes.ts(4810,38): error TS1005: ',' expected.
routes/order-to-cash-routes.ts(4810,45): error TS1005: ',' expected.
routes/order-to-cash-routes.ts(4810,50): error TS1005: ',' expected.
routes/order-to-cash-routes.ts(4810,53): error TS1005: ',' expected.
routes/order-to-cash-routes.ts(4810,81): error TS1005: ',' expected.
routes/order-to-cash-routes.ts(4810,84): error TS1005: ',' expected.
routes/order-to-cash-routes.ts(4811,22): error TS1005: ',' expected.
routes/order-to-cash-routes.ts(4811,28): error TS1135: Argument expression expected.
routes/order-to-cash-routes.ts(4811,37): error TS1002: Unterminated string literal.
routes/order-to-cash-routes.ts(4812,7): error TS1005: ',' expected.
routes/order-to-cash-routes.ts(4812,10): error TS1003: Identifier expected.
routes/order-to-cash-routes.ts(4812,26): error TS1005: ',' expected.
routes/order-to-cash-routes.ts(4812,53): error TS1005: ',' expected.
routes/order-to-cash-routes.ts(4812,55): error TS1005: ',' expected.
routes/order-to-cash-routes.ts(4813,14): error TS1005: ',' expected.
routes/order-to-cash-routes.ts(4813,73): error TS1005: ',' expected.
routes/order-to-cash-routes.ts(4814,14): error TS1005: ':' expected.
routes/order-to-cash-routes.ts(4817,9): error TS1005: ',' expected.
routes/order-to-cash-routes.ts(4821,5): error TS1005: ',' expected.
routes/order-to-cash-routes.ts(4859,38): error TS1005: ',' expected.
routes/order-to-cash-routes.ts(4859,39): error TS1005: ',' expected.
routes/order-to-cash-routes.ts(4859,56): error TS1005: ',' expected.
routes/order-to-cash-routes.ts(4860,3): error TS1005: ',' expected.
routes/order-to-cash-routes.ts(4860,4): error TS1128: Declaration or statement expected.
routes/order-to-cash-routes.ts(4861,1): error TS1128: Declaration or statement expected.
routes/order-to-cash-routes.ts(4868,34): error TS1005: ',' expected.
routes/order-to-cash-routes.ts(4868,35): error TS1005: ',' expected.
routes/order-to-cash-routes.ts(4868,52): error TS1005: ',' expected.
routes/order-to-cash-routes.ts(4869,3): error TS1005: ',' expected.
routes/order-to-cash-routes.ts(4869,4): error TS1128: Declaration or statement expected.
routes/order-to-cash-routes.ts(4870,1): error TS1128: Declaration or statement expected.
routes/order-to-cash-routes.ts(5015,102): error TS1005: ')' expected.
routes/order-to-cash-routes.ts(5108,3): error TS1128: Declaration or statement expected.
routes/order-to-cash-routes.ts(5108,5): error TS1005: 'try' expected.
routes/order-to-cash-routes.ts(5120,1): error TS1128: Declaration or statement expected.
routes/order-to-cash-routes.ts(5120,2): error TS1128: Declaration or statement expected.
routes/order-to-cash-routes.ts(6333,15): error TS1005: '}' expected.
routes/order-to-cash-routes.ts(6333,17): error TS1136: Property assignment expected.
routes/order-to-cash-routes.ts(6411,24): error TS1005: '(' expected.
routes/order-to-cash-routes.ts(6411,28): error TS1005: ',' expected.
routes/order-to-cash-routes.ts(6411,29): error TS1109: Expression expected.
routes/order-to-cash-routes.ts(6412,22): error TS1005: ';' expected.
routes/order-to-cash-routes.ts(6413,24): error TS1005: ';' expected.
routes/order-to-cash-routes.ts(6414,27): error TS1005: ';' expected.
routes/order-to-cash-routes.ts(6417,32): error TS1005: ';' expected.
routes/order-to-cash-routes.ts(6419,20): error TS1005: ';' expected.
routes/order-to-cash-routes.ts(6420,19): error TS1005: ';' expected.
routes/order-to-cash-routes.ts(6421,23): error TS1005: ';' expected.
routes/order-to-cash-routes.ts(6422,28): error TS1005: ';' expected.
routes/order-to-cash-routes.ts(6423,31): error TS1005: ';' expected.
routes/order-to-cash-routes.ts(6424,35): error TS1005: ';' expected.
routes/order-to-cash-routes.ts(6425,36): error TS1005: ';' expected.
routes/order-to-cash-routes.ts(6426,31): error TS1005: ';' expected.
routes/order-to-cash-routes.ts(6428,4): error TS1472: 'catch' or 'finally' expected.
routes/order-to-cash-routes.ts(6442,3): error TS1005: ',' expected.
routes/order-to-cash-routes.ts(6449,1): error TS1128: Declaration or statement expected.
routes/order-to-cash-routes.ts(6449,2): error TS1128: Declaration or statement expected.
routes/order-to-cash-routes.ts(6734,353): error TS1005: ':' expected.
routes/order-to-cash-routes.ts(6735,25): error TS1005: '}' expected.
routes/order-to-cash-routes.ts(6735,41): error TS1005: ',' expected.
routes/order-to-cash-routes.ts(6736,37): error TS1005: ',' expected.
routes/order-to-cash-routes.ts(6736,39): error TS1134: Variable declaration expected.
routes/order-to-cash-routes.ts(6736,55): error TS1005: ';' expected.
routes/order-to-cash-routes.ts(6737,19): error TS1005: ';' expected.
routes/order-to-cash-routes.ts(6738,17): error TS1005: ';' expected.
routes/order-to-cash-routes.ts(6739,24): error TS1005: ';' expected.
routes/order-to-cash-routes.ts(6740,4): error TS1472: 'catch' or 'finally' expected.
routes/order-to-cash-routes.ts(6748,3): error TS1005: ',' expected.
routes/order-to-cash-routes.ts(6755,1): error TS1128: Declaration or statement expected.
routes/order-to-cash-routes.ts(6755,2): error TS1128: Declaration or statement expected.
routes/order-to-cash-routes.ts(6818,5): error TS1005: ':' expected.
routes/order-to-cash-routes.ts(6823,17): error TS1005: ',' expected.
routes/order-to-cash-routes.ts(6823,25): error TS1005: ',' expected.
routes/order-to-cash-routes.ts(6823,30): error TS1005: ',' expected.
routes/order-to-cash-routes.ts(6823,40): error TS1005: ',' expected.
routes/order-to-cash-routes.ts(6823,44): error TS1005: ':' expected.
routes/order-to-cash-routes.ts(6823,45): error TS1005: ',' expected.
routes/order-to-cash-routes.ts(6823,62): error TS1005: ',' expected.
routes/order-to-cash-routes.ts(6919,17): error TS1005: ';' expected.
routes/order-to-cash-routes.ts(6919,30): error TS1434: Unexpected keyword or identifier.
routes/order-to-cash-routes.ts(6919,52): error TS1434: Unexpected keyword or identifier.
routes/order-to-cash-routes.ts(6919,102): error TS1443: Module declaration names may only use ' or " quoted strings.
routes/order-to-cash-routes.ts(6955,17): error TS1434: Unexpected keyword or identifier.
routes/order-to-cash-routes.ts(6955,26): error TS1434: Unexpected keyword or identifier.
routes/order-to-cash-routes.ts(6955,38): error TS1434: Unexpected keyword or identifier.
routes/order-to-cash-routes.ts(6955,52): error TS1005: '(' expected.
routes/order-to-cash-routes.ts(6955,53): error TS1005: ';' expected.
routes/order-to-cash-routes.ts(6955,66): error TS1005: ',' expected.
routes/order-to-cash-routes.ts(6955,88): error TS1005: ';' expected.
routes/order-to-cash-routes.ts(6995,17): error TS1005: ')' expected.
routes/order-to-cash-routes.ts(6995,24): error TS1434: Unexpected keyword or identifier.
routes/order-to-cash-routes.ts(6995,49): error TS1434: Unexpected keyword or identifier.
routes/order-to-cash-routes.ts(6995,89): error TS1434: Unexpected keyword or identifier.
routes/order-to-cash-routes.ts(6995,98): error TS1434: Unexpected keyword or identifier.
routes/order-to-cash-routes.ts(6995,105): error TS1434: Unexpected keyword or identifier.
routes/order-to-cash-routes.ts(7029,7): error TS1435: Unknown keyword or identifier. Did you mean 'from'?
routes/order-to-cash-routes.ts(7029,12): error TS1434: Unexpected keyword or identifier.
routes/order-to-cash-routes.ts(7030,7): error TS1434: Unexpected keyword or identifier.
routes/order-to-cash-routes.ts(7030,31): error TS1005: ';' expected.
routes/order-to-cash-routes.ts(7031,9): error TS1434: Unexpected keyword or identifier.
routes/order-to-cash-routes.ts(7032,7): error TS1434: Unexpected keyword or identifier.
routes/order-to-cash-routes.ts(7032,13): error TS1434: Unexpected keyword or identifier.
routes/order-to-cash-routes.ts(7032,30): error TS1005: ';' expected.
routes/order-to-cash-routes.ts(7065,7): error TS1434: Unexpected keyword or identifier.
routes/order-to-cash-routes.ts(7066,7): error TS1435: Unknown keyword or identifier. Did you mean 'from'?
routes/order-to-cash-routes.ts(7067,7): error TS1434: Unexpected keyword or identifier.
routes/order-to-cash-routes.ts(7068,7): error TS1434: Unexpected keyword or identifier.
routes/order-to-cash-routes.ts(7068,13): error TS1434: Unexpected keyword or identifier.
routes/order-to-cash-routes.ts(7088,7): error TS1434: Unexpected keyword or identifier.
routes/order-to-cash-routes.ts(7091,7): error TS1435: Unknown keyword or identifier. Did you mean 'from'?
routes/order-to-cash-routes.ts(7092,7): error TS1434: Unexpected keyword or identifier.
routes/order-to-cash-routes.ts(7093,7): error TS1434: Unexpected keyword or identifier.
routes/order-to-cash-routes.ts(7093,13): error TS1434: Unexpected keyword or identifier.
routes/order-to-cash-routes.ts(7113,7): error TS1434: Unexpected keyword or identifier.
routes/order-to-cash-routes.ts(7115,7): error TS1435: Unknown keyword or identifier. Did you mean 'from'?
routes/order-to-cash-routes.ts(7116,7): error TS1434: Unexpected keyword or identifier.
routes/order-to-cash-routes.ts(7117,7): error TS1434: Unexpected keyword or identifier.
routes/order-to-cash-routes.ts(7117,13): error TS1434: Unexpected keyword or identifier.
routes/order-to-cash-routes.ts(7137,7): error TS1434: Unexpected keyword or identifier.
routes/order-to-cash-routes.ts(7139,7): error TS1435: Unknown keyword or identifier. Did you mean 'from'?
routes/order-to-cash-routes.ts(7140,7): error TS1434: Unexpected keyword or identifier.
routes/order-to-cash-routes.ts(7141,7): error TS1434: Unexpected keyword or identifier.
routes/order-to-cash-routes.ts(7141,13): error TS1434: Unexpected keyword or identifier.
routes/order-to-cash-routes.ts(7161,7): error TS1434: Unexpected keyword or identifier.
routes/order-to-cash-routes.ts(7163,7): error TS1435: Unknown keyword or identifier. Did you mean 'from'?
routes/order-to-cash-routes.ts(7164,7): error TS1434: Unexpected keyword or identifier.
routes/order-to-cash-routes.ts(7165,7): error TS1434: Unexpected keyword or identifier.
routes/order-to-cash-routes.ts(7165,13): error TS1434: Unexpected keyword or identifier.
routes/order-to-cash-routes.ts(7229,7): error TS1435: Unknown keyword or identifier. Did you mean 'from'?
routes/order-to-cash-routes.ts(7229,12): error TS1434: Unexpected keyword or identifier.
routes/order-to-cash-routes.ts(7230,7): error TS1434: Unexpected keyword or identifier.
routes/order-to-cash-routes.ts(7230,12): error TS1434: Unexpected keyword or identifier.
routes/order-to-cash-routes.ts(7230,30): error TS1434: Unexpected keyword or identifier.
routes/order-to-cash-routes.ts(7230,34): error TS1434: Unexpected keyword or identifier.
routes/order-to-cash-routes.ts(7231,7): error TS1435: Unknown keyword or identifier. Did you mean 'let'?
routes/order-to-cash-routes.ts(7231,12): error TS1434: Unexpected keyword or identifier.
routes/order-to-cash-routes.ts(7231,17): error TS1434: Unexpected keyword or identifier.
routes/order-to-cash-routes.ts(7231,27): error TS1434: Unexpected keyword or identifier.
routes/order-to-cash-routes.ts(7231,29): error TS1434: Unexpected keyword or identifier.
routes/order-to-cash-routes.ts(7232,7): error TS1435: Unknown keyword or identifier. Did you mean 'let'?
routes/order-to-cash-routes.ts(7232,12): error TS1434: Unexpected keyword or identifier.
routes/order-to-cash-routes.ts(7232,17): error TS1434: Unexpected keyword or identifier.
routes/order-to-cash-routes.ts(7232,24): error TS1434: Unexpected keyword or identifier.
routes/order-to-cash-routes.ts(7232,27): error TS1434: Unexpected keyword or identifier.
routes/order-to-cash-routes.ts(7233,7): error TS1435: Unknown keyword or identifier. Did you mean 'let'?
routes/order-to-cash-routes.ts(7233,12): error TS1434: Unexpected keyword or identifier.
routes/order-to-cash-routes.ts(7233,17): error TS1434: Unexpected keyword or identifier.
routes/order-to-cash-routes.ts(7233,35): error TS1434: Unexpected keyword or identifier.
routes/order-to-cash-routes.ts(7233,41): error TS1434: Unexpected keyword or identifier.
routes/order-to-cash-routes.ts(7234,7): error TS1434: Unexpected keyword or identifier.
routes/order-to-cash-routes.ts(7234,34): error TS1005: ';' expected.
routes/order-to-cash-routes.ts(7235,10): error TS1005: ';' expected.
routes/order-to-cash-routes.ts(7235,69): error TS1002: Unterminated string literal.
routes/order-to-cash-routes.ts(7236,14): error TS1005: ';' expected.
routes/order-to-cash-routes.ts(7236,18): error TS1434: Unexpected keyword or identifier.
routes/order-to-cash-routes.ts(7236,24): error TS1434: Unexpected keyword or identifier.
routes/order-to-cash-routes.ts(7236,27): error TS1434: Unexpected keyword or identifier.
routes/order-to-cash-routes.ts(7236,33): error TS1434: Unexpected keyword or identifier.
routes/order-to-cash-routes.ts(7236,44): error TS1434: Unexpected keyword or identifier.
routes/order-to-cash-routes.ts(7236,51): error TS1434: Unexpected keyword or identifier.
routes/order-to-cash-routes.ts(7236,64): error TS1005: '(' expected.
routes/order-to-cash-routes.ts(7236,68): error TS1005: ')' expected.
routes/order-to-cash-routes.ts(7237,7): error TS1434: Unexpected keyword or identifier.
routes/order-to-cash-routes.ts(7237,13): error TS1434: Unexpected keyword or identifier.
routes/order-to-cash-routes.ts(7260,19): error TS1005: ';' expected.
routes/order-to-cash-routes.ts(7261,7): error TS1434: Unexpected keyword or identifier.
routes/order-to-cash-routes.ts(7261,19): error TS1005: ';' expected.
routes/order-to-cash-routes.ts(7277,17): error TS1005: ';' expected.
routes/order-to-cash-routes.ts(7277,23): error TS1434: Unexpected keyword or identifier.
routes/order-to-cash-routes.ts(7277,41): error TS1005: ',' expected.
routes/order-to-cash-routes.ts(7277,60): error TS1005: ';' expected.
routes/order-to-cash-routes.ts(7277,65): error TS1434: Unexpected keyword or identifier.
routes/order-to-cash-routes.ts(7277,71): error TS1434: Unexpected keyword or identifier.
routes/order-to-cash-routes.ts(7277,91): error TS1005: ',' expected.
routes/order-to-cash-routes.ts(7277,108): error TS1443: Module declaration names may only use ' or " quoted strings.
routes/order-to-cash-routes.ts(7295,19): error TS1434: Unexpected keyword or identifier.
routes/order-to-cash-routes.ts(7295,27): error TS1434: Unexpected keyword or identifier.
routes/order-to-cash-routes.ts(7295,32): error TS1435: Unknown keyword or identifier. Did you mean 'for mat'?
routes/order-to-cash-routes.ts(7295,43): error TS1005: '(' expected.
routes/order-to-cash-routes.ts(7295,58): error TS1005: ';' expected.
routes/order-to-cash-routes.ts(7295,77): error TS1005: ';' expected.
routes/order-to-cash-routes.ts(7295,79): error TS1434: Unexpected keyword or identifier.
routes/order-to-cash-routes.ts(7303,7): error TS1434: Unexpected keyword or identifier.
routes/order-to-cash-routes.ts(7304,7): error TS1435: Unknown keyword or identifier. Did you mean 'from'?
routes/order-to-cash-routes.ts(7305,7): error TS1434: Unexpected keyword or identifier.
routes/order-to-cash-routes.ts(7305,31): error TS1005: ';' expected.
routes/order-to-cash-routes.ts(7316,9): error TS1434: Unexpected keyword or identifier.
routes/order-to-cash-routes.ts(7317,9): error TS1435: Unknown keyword or identifier. Did you mean 'set'?
routes/order-to-cash-routes.ts(7317,34): error TS1005: ';' expected.
routes/order-to-cash-routes.ts(7317,65): error TS1128: Declaration or statement expected.
routes/order-to-cash-routes.ts(7318,27): error TS1005: ';' expected.
routes/order-to-cash-routes.ts(7318,58): error TS1128: Declaration or statement expected.
routes/order-to-cash-routes.ts(7319,27): error TS1005: ';' expected.
routes/order-to-cash-routes.ts(7320,9): error TS1434: Unexpected keyword or identifier.
routes/order-to-cash-routes.ts(7320,21): error TS1005: ';' expected.
routes/order-to-cash-routes.ts(7325,9): error TS1435: Unknown keyword or identifier. Did you mean 'delete'?
routes/order-to-cash-routes.ts(7325,16): error TS1435: Unknown keyword or identifier. Did you mean 'from'?
routes/order-to-cash-routes.ts(7325,21): error TS1434: Unexpected keyword or identifier.
routes/order-to-cash-routes.ts(7325,48): error TS1434: Unexpected keyword or identifier.
routes/order-to-cash-routes.ts(7325,60): error TS1005: ';' expected.
routes/order-to-cash-routes.ts(7347,11): error TS1434: Unexpected keyword or identifier.
routes/order-to-cash-routes.ts(7347,18): error TS1434: Unexpected keyword or identifier.
routes/order-to-cash-routes.ts(7352,7): error TS1005: ';' expected.
routes/order-to-cash-routes.ts(7353,8): error TS1005: ',' expected.
routes/order-to-cash-routes.ts(7353,18): error TS1005: ',' expected.
routes/order-to-cash-routes.ts(7354,8): error TS1005: ',' expected.
routes/order-to-cash-routes.ts(7354,18): error TS1005: ',' expected.
routes/order-to-cash-routes.ts(7355,8): error TS1005: ',' expected.
routes/order-to-cash-routes.ts(7356,8): error TS1005: ',' expected.
routes/order-to-cash-routes.ts(7357,8): error TS1005: ',' expected.
routes/order-to-cash-routes.ts(7359,8): error TS1005: ',' expected.
routes/order-to-cash-routes.ts(7360,8): error TS1005: ',' expected.
routes/order-to-cash-routes.ts(7360,15): error TS1005: ',' expected.
routes/order-to-cash-routes.ts(7361,8): error TS1005: ',' expected.
routes/order-to-cash-routes.ts(7361,15): error TS1005: ',' expected.
routes/order-to-cash-routes.ts(7364,7): error TS1005: ';' expected.
routes/order-to-cash-routes.ts(7369,24): error TS1005: ';' expected.
routes/order-to-cash-routes.ts(7369,30): error TS1434: Unexpected keyword or identifier.
routes/order-to-cash-routes.ts(7369,40): error TS1434: Unexpected keyword or identifier.
routes/order-to-cash-routes.ts(7369,46): error TS1434: Unexpected keyword or identifier.
routes/order-to-cash-routes.ts(7369,56): error TS1128: Declaration or statement expected.
routes/order-to-cash-routes.ts(7372,26): error TS1005: ';' expected.
routes/order-to-cash-routes.ts(7372,33): error TS1434: Unexpected keyword or identifier.
routes/order-to-cash-routes.ts(7372,36): error TS1434: Unexpected keyword or identifier.
routes/order-to-cash-routes.ts(7372,43): error TS1434: Unexpected keyword or identifier.
routes/order-to-cash-routes.ts(7372,49): error TS1434: Unexpected keyword or identifier.
routes/order-to-cash-routes.ts(7372,59): error TS1128: Declaration or statement expected.
routes/order-to-cash-routes.ts(7372,61): error TS1434: Unexpected keyword or identifier.
routes/order-to-cash-routes.ts(7372,134): error TS1005: ';' expected.
routes/order-to-cash-routes.ts(7373,7): error TS1128: Declaration or statement expected.
routes/order-to-cash-routes.ts(7374,5): error TS1128: Declaration or statement expected.
routes/order-to-cash-routes.ts(7388,3): error TS1128: Declaration or statement expected.
routes/order-to-cash-routes.ts(7388,5): error TS1005: 'try' expected.
routes/order-to-cash-routes.ts(7395,1): error TS1128: Declaration or statement expected.
routes/order-to-cash-routes.ts(7395,2): error TS1128: Declaration or statement expected.
routes/order-to-cash-routes.ts(7830,7): error TS1472: 'catch' or 'finally' expected.
routes/order-to-cash-routes.ts(7944,105): error TS1005: ')' expected.
routes/order-to-cash-routes.ts(7984,232): error TS1005: '}' expected.
routes/order-to-cash-routes.ts(8358,17): error TS1005: 'try' expected.
routes/order-to-cash-routes.ts(8361,14): error TS1128: Declaration or statement expected.
routes/order-to-cash-routes.ts(8364,7): error TS1005: 'try' expected.
routes/order-to-cash-routes.ts(8371,4): error TS1472: 'catch' or 'finally' expected.
routes/order-to-cash-routes.ts(8377,7): error TS1005: ',' expected.
routes/order-to-cash-routes.ts(8378,7): error TS1005: ',' expected.
routes/order-to-cash-routes.ts(8386,7): error TS1005: ',' expected.
routes/order-to-cash-routes.ts(8386,12): error TS1005: ',' expected.
routes/order-to-cash-routes.ts(8386,30): error TS1005: ',' expected.
routes/order-to-cash-routes.ts(8387,7): error TS1005: ',' expected.
routes/order-to-cash-routes.ts(8387,12): error TS1005: ',' expected.
routes/order-to-cash-routes.ts(8387,17): error TS1005: ',' expected.
routes/order-to-cash-routes.ts(8387,30): error TS1005: ',' expected.
routes/order-to-cash-routes.ts(8387,33): error TS1005: ',' expected.
routes/order-to-cash-routes.ts(8387,36): error TS1005: ',' expected.
routes/order-to-cash-routes.ts(8388,7): error TS1005: ',' expected.
routes/order-to-cash-routes.ts(8388,12): error TS1005: ',' expected.
routes/order-to-cash-routes.ts(8388,17): error TS1005: ',' expected.
routes/order-to-cash-routes.ts(8388,36): error TS1005: ',' expected.
routes/order-to-cash-routes.ts(8388,39): error TS1005: ',' expected.
routes/order-to-cash-routes.ts(8388,42): error TS1005: ',' expected.
routes/order-to-cash-routes.ts(8389,7): error TS1005: ',' expected.
routes/order-to-cash-routes.ts(8389,12): error TS1005: ',' expected.
routes/order-to-cash-routes.ts(8389,17): error TS1005: ',' expected.
routes/order-to-cash-routes.ts(8389,31): error TS1005: ',' expected.
routes/order-to-cash-routes.ts(8389,33): error TS1005: ',' expected.
routes/order-to-cash-routes.ts(8389,36): error TS1005: ',' expected.
routes/order-to-cash-routes.ts(8390,7): error TS1005: ',' expected.
routes/order-to-cash-routes.ts(8390,12): error TS1005: ',' expected.
routes/order-to-cash-routes.ts(8390,17): error TS1005: ',' expected.
routes/order-to-cash-routes.ts(8390,31): error TS1005: ',' expected.
routes/order-to-cash-routes.ts(8390,34): error TS1005: ',' expected.
routes/order-to-cash-routes.ts(8390,37): error TS1005: ',' expected.
routes/order-to-cash-routes.ts(8391,7): error TS1005: ',' expected.
routes/order-to-cash-routes.ts(8391,13): error TS1005: ',' expected.
routes/order-to-cash-routes.ts(8391,16): error TS1005: ',' expected.
routes/order-to-cash-routes.ts(8396,7): error TS1005: ',' expected.
routes/order-to-cash-routes.ts(8396,13): error TS1005: ',' expected.
routes/order-to-cash-routes.ts(8396,16): error TS1005: ',' expected.
routes/order-to-cash-routes.ts(8396,30): error TS1005: ',' expected.
routes/order-to-cash-routes.ts(8421,7): error TS1005: ',' expected.
routes/order-to-cash-routes.ts(8422,7): error TS1005: ',' expected.
routes/order-to-cash-routes.ts(8422,10): error TS1003: Identifier expected.
routes/order-to-cash-routes.ts(8422,11): error TS1109: Expression expected.
routes/order-to-cash-routes.ts(8430,7): error TS1005: ',' expected.
routes/order-to-cash-routes.ts(8430,12): error TS1005: ',' expected.
routes/order-to-cash-routes.ts(8430,30): error TS1005: ',' expected.
routes/order-to-cash-routes.ts(8431,7): error TS1005: ',' expected.
routes/order-to-cash-routes.ts(8431,12): error TS1005: ',' expected.
routes/order-to-cash-routes.ts(8431,17): error TS1005: ',' expected.
routes/order-to-cash-routes.ts(8431,30): error TS1005: ',' expected.
routes/order-to-cash-routes.ts(8431,33): error TS1005: ',' expected.
routes/order-to-cash-routes.ts(8431,36): error TS1005: ',' expected.
routes/order-to-cash-routes.ts(8432,7): error TS1005: ',' expected.
routes/order-to-cash-routes.ts(8432,12): error TS1005: ',' expected.
routes/order-to-cash-routes.ts(8432,17): error TS1005: ',' expected.
routes/order-to-cash-routes.ts(8432,36): error TS1005: ',' expected.
routes/order-to-cash-routes.ts(8432,39): error TS1005: ',' expected.
routes/order-to-cash-routes.ts(8432,42): error TS1005: ',' expected.
routes/order-to-cash-routes.ts(8433,7): error TS1005: ',' expected.
routes/order-to-cash-routes.ts(8433,12): error TS1005: ',' expected.
routes/order-to-cash-routes.ts(8433,17): error TS1005: ',' expected.
routes/order-to-cash-routes.ts(8433,31): error TS1005: ',' expected.
routes/order-to-cash-routes.ts(8433,33): error TS1005: ',' expected.
routes/order-to-cash-routes.ts(8433,36): error TS1005: ',' expected.
routes/order-to-cash-routes.ts(8434,7): error TS1005: ',' expected.
routes/order-to-cash-routes.ts(8434,13): error TS1005: ',' expected.
routes/order-to-cash-routes.ts(8434,22): error TS1005: ',' expected.
routes/order-to-cash-routes.ts(8455,7): error TS1005: ',' expected.
routes/order-to-cash-routes.ts(8456,7): error TS1005: ',' expected.
routes/order-to-cash-routes.ts(8456,10): error TS1003: Identifier expected.
routes/order-to-cash-routes.ts(8456,11): error TS1109: Expression expected.
routes/order-to-cash-routes.ts(8457,38): error TS1005: ',' expected.
routes/order-to-cash-routes.ts(8457,39): error TS1135: Argument expression expected.
routes/order-to-cash-routes.ts(8458,45): error TS1005: ',' expected.
routes/order-to-cash-routes.ts(8458,46): error TS1135: Argument expression expected.
routes/order-to-cash-routes.ts(8464,16): error TS1005: ')' expected.
routes/order-to-cash-routes.ts(8476,13): error TS1005: ',' expected.
routes/order-to-cash-routes.ts(8476,19): error TS1005: ',' expected.
routes/order-to-cash-routes.ts(8476,22): error TS1005: ',' expected.
routes/order-to-cash-routes.ts(8478,13): error TS1005: ',' expected.
routes/order-to-cash-routes.ts(8478,18): error TS1005: ',' expected.
routes/order-to-cash-routes.ts(8478,46): error TS1005: ',' expected.
routes/order-to-cash-routes.ts(8479,13): error TS1005: ',' expected.
routes/order-to-cash-routes.ts(8479,19): error TS1005: ',' expected.
routes/order-to-cash-routes.ts(8481,9): error TS1435: Unknown keyword or identifier. Did you mean 'from'?
routes/order-to-cash-routes.ts(8481,14): error TS1434: Unexpected keyword or identifier.
routes/order-to-cash-routes.ts(8482,9): error TS1435: Unknown keyword or identifier. Did you mean 'let'?
routes/order-to-cash-routes.ts(8482,14): error TS1434: Unexpected keyword or identifier.
routes/order-to-cash-routes.ts(8482,19): error TS1434: Unexpected keyword or identifier.
routes/order-to-cash-routes.ts(8482,29): error TS1434: Unexpected keyword or identifier.
routes/order-to-cash-routes.ts(8482,31): error TS1434: Unexpected keyword or identifier.
routes/order-to-cash-routes.ts(8483,9): error TS1435: Unknown keyword or identifier. Did you mean 'let'?
routes/order-to-cash-routes.ts(8483,14): error TS1434: Unexpected keyword or identifier.
routes/order-to-cash-routes.ts(8483,19): error TS1434: Unexpected keyword or identifier.
routes/order-to-cash-routes.ts(8483,37): error TS1434: Unexpected keyword or identifier.
routes/order-to-cash-routes.ts(8483,41): error TS1434: Unexpected keyword or identifier.
routes/order-to-cash-routes.ts(8484,9): error TS1434: Unexpected keyword or identifier.
routes/order-to-cash-routes.ts(8484,32): error TS1005: ';' expected.
routes/order-to-cash-routes.ts(8485,9): error TS1434: Unexpected keyword or identifier.
routes/order-to-cash-routes.ts(8485,15): error TS1434: Unexpected keyword or identifier.
routes/order-to-cash-routes.ts(8492,5): error TS1434: Unexpected keyword or identifier.
routes/order-to-cash-routes.ts(8492,15): error TS1003: Identifier expected.
routes/order-to-cash-routes.ts(8492,16): error TS1109: Expression expected.
routes/order-to-cash-routes.ts(8493,21): error TS1005: ';' expected.
routes/order-to-cash-routes.ts(8493,22): error TS1128: Declaration or statement expected.
routes/order-to-cash-routes.ts(8494,23): error TS1005: ';' expected.
routes/order-to-cash-routes.ts(8494,24): error TS1128: Declaration or statement expected.
routes/order-to-cash-routes.ts(8495,7): error TS1435: Unknown keyword or identifier. Did you mean 'from'?
routes/order-to-cash-routes.ts(8495,12): error TS1434: Unexpected keyword or identifier.
routes/order-to-cash-routes.ts(8496,7): error TS1434: Unexpected keyword or identifier.
routes/order-to-cash-routes.ts(8496,30): error TS1005: ';' expected.
routes/order-to-cash-routes.ts(8497,7): error TS1434: Unexpected keyword or identifier.
routes/order-to-cash-routes.ts(8497,13): error TS1434: Unexpected keyword or identifier.
routes/order-to-cash-routes.ts(8606,8): error TS1003: Identifier expected.
routes/order-to-cash-routes.ts(8606,9): error TS1109: Expression expected.
routes/order-to-cash-routes.ts(8614,7): error TS1435: Unknown keyword or identifier. Did you mean 'from'?
routes/order-to-cash-routes.ts(8614,12): error TS1434: Unexpected keyword or identifier.
routes/order-to-cash-routes.ts(8615,7): error TS1435: Unknown keyword or identifier. Did you mean 'let'?
routes/order-to-cash-routes.ts(8615,12): error TS1434: Unexpected keyword or identifier.
routes/order-to-cash-routes.ts(8615,17): error TS1434: Unexpected keyword or identifier.
routes/order-to-cash-routes.ts(8615,30): error TS1434: Unexpected keyword or identifier.
routes/order-to-cash-routes.ts(8615,33): error TS1434: Unexpected keyword or identifier.
routes/order-to-cash-routes.ts(8616,7): error TS1435: Unknown keyword or identifier. Did you mean 'let'?
routes/order-to-cash-routes.ts(8616,12): error TS1434: Unexpected keyword or identifier.
routes/order-to-cash-routes.ts(8616,17): error TS1434: Unexpected keyword or identifier.
routes/order-to-cash-routes.ts(8616,36): error TS1434: Unexpected keyword or identifier.
routes/order-to-cash-routes.ts(8616,39): error TS1434: Unexpected keyword or identifier.
routes/order-to-cash-routes.ts(8617,7): error TS1435: Unknown keyword or identifier. Did you mean 'let'?
routes/order-to-cash-routes.ts(8617,12): error TS1434: Unexpected keyword or identifier.
routes/order-to-cash-routes.ts(8617,17): error TS1434: Unexpected keyword or identifier.
routes/order-to-cash-routes.ts(8617,31): error TS1434: Unexpected keyword or identifier.
routes/order-to-cash-routes.ts(8617,33): error TS1434: Unexpected keyword or identifier.
routes/order-to-cash-routes.ts(8618,7): error TS1434: Unexpected keyword or identifier.
routes/order-to-cash-routes.ts(8618,22): error TS1005: ';' expected.
routes/order-to-cash-routes.ts(8635,8): error TS1003: Identifier expected.
routes/order-to-cash-routes.ts(8635,9): error TS1109: Expression expected.
routes/order-to-cash-routes.ts(8636,38): error TS1005: ',' expected.
routes/order-to-cash-routes.ts(8636,39): error TS1135: Argument expression expected.
routes/order-to-cash-routes.ts(8637,45): error TS1005: ',' expected.
routes/order-to-cash-routes.ts(8637,46): error TS1135: Argument expression expected.
routes/order-to-cash-routes.ts(8638,9): error TS1435: Unknown keyword or identifier. Did you mean 'from'?
routes/order-to-cash-routes.ts(8638,14): error TS1434: Unexpected keyword or identifier.
routes/order-to-cash-routes.ts(8639,9): error TS1435: Unknown keyword or identifier. Did you mean 'let'?
routes/order-to-cash-routes.ts(8639,14): error TS1434: Unexpected keyword or identifier.
routes/order-to-cash-routes.ts(8639,19): error TS1434: Unexpected keyword or identifier.
routes/order-to-cash-routes.ts(8639,29): error TS1434: Unexpected keyword or identifier.
routes/order-to-cash-routes.ts(8639,31): error TS1434: Unexpected keyword or identifier.
routes/order-to-cash-routes.ts(8640,9): error TS1434: Unexpected keyword or identifier.
routes/order-to-cash-routes.ts(8640,32): error TS1005: ';' expected.
routes/order-to-cash-routes.ts(8641,9): error TS1434: Unexpected keyword or identifier.
routes/order-to-cash-routes.ts(8641,15): error TS1434: Unexpected keyword or identifier.
routes/order-to-cash-routes.ts(8647,8): error TS1003: Identifier expected.
routes/order-to-cash-routes.ts(8647,9): error TS1109: Expression expected.
routes/order-to-cash-routes.ts(8648,21): error TS1005: ';' expected.
routes/order-to-cash-routes.ts(8648,22): error TS1128: Declaration or statement expected.
routes/order-to-cash-routes.ts(8649,23): error TS1005: ';' expected.
routes/order-to-cash-routes.ts(8649,24): error TS1128: Declaration or statement expected.
routes/order-to-cash-routes.ts(8650,9): error TS1435: Unknown keyword or identifier. Did you mean 'from'?
routes/order-to-cash-routes.ts(8650,14): error TS1434: Unexpected keyword or identifier.
routes/order-to-cash-routes.ts(8651,9): error TS1434: Unexpected keyword or identifier.
routes/order-to-cash-routes.ts(8651,32): error TS1005: ';' expected.
routes/order-to-cash-routes.ts(8652,9): error TS1434: Unexpected keyword or identifier.
routes/order-to-cash-routes.ts(8652,15): error TS1434: Unexpected keyword or identifier.
routes/order-to-cash-routes.ts(8679,47): error TS1005: ',' expected.
routes/order-to-cash-routes.ts(8679,52): error TS1005: ',' expected.
routes/order-to-cash-routes.ts(8679,69): error TS1109: Expression expected.
routes/order-to-cash-routes.ts(8679,70): error TS1443: Module declaration names may only use ' or " quoted strings.
routes/order-to-cash-routes.ts(8679,77): error TS1002: Unterminated string literal.
routes/order-to-cash-routes.ts(8683,4): error TS1472: 'catch' or 'finally' expected.
routes/order-to-cash-routes.ts(8684,133): error TS1005: '}' expected.
routes/order-to-cash-routes.ts(8685,5): error TS1128: Declaration or statement expected.
routes/order-to-cash-routes.ts(8685,7): error TS1128: Declaration or statement expected.
routes/order-to-cash-routes.ts(8687,120): error TS1005: '}' expected.
routes/order-to-cash-routes.ts(8730,6): error TS1005: '}' expected.
routes/order-to-cash-routes.ts(8734,39): error TS1005: ',' expected.
routes/order-to-cash-routes.ts(8734,49): error TS1005: ')' expected.
routes/order-to-cash-routes.ts(8751,7): error TS1434: Unexpected keyword or identifier.
routes/order-to-cash-routes.ts(8752,10): error TS1005: ',' expected.
routes/order-to-cash-routes.ts(8752,15): error TS1005: ',' expected.
routes/order-to-cash-routes.ts(8753,9): error TS1005: ',' expected.
routes/order-to-cash-routes.ts(8753,15): error TS1005: ',' expected.
routes/order-to-cash-routes.ts(8754,9): error TS1005: ',' expected.
routes/order-to-cash-routes.ts(8754,13): error TS1005: ',' expected.
routes/order-to-cash-routes.ts(8778,11): error TS1005: ')' expected.
routes/order-to-cash-routes.ts(8778,17): error TS1109: Expression expected.
routes/order-to-cash-routes.ts(8778,18): error TS1109: Expression expected.
routes/order-to-cash-routes.ts(8778,20): error TS1005: ';' expected.
routes/order-to-cash-routes.ts(8778,25): error TS1434: Unexpected keyword or identifier.
routes/order-to-cash-routes.ts(8778,43): error TS1434: Unexpected keyword or identifier.
routes/order-to-cash-routes.ts(8778,83): error TS1005: ';' expected.
routes/order-to-cash-routes.ts(8778,85): error TS1434: Unexpected keyword or identifier.
routes/order-to-cash-routes.ts(8779,7): error TS1435: Unknown keyword or identifier. Did you mean 'from'?
routes/order-to-cash-routes.ts(8779,12): error TS1434: Unexpected keyword or identifier.
routes/order-to-cash-routes.ts(8780,7): error TS1435: Unknown keyword or identifier. Did you mean 'let'?
routes/order-to-cash-routes.ts(8780,12): error TS1434: Unexpected keyword or identifier.
routes/order-to-cash-routes.ts(8780,17): error TS1434: Unexpected keyword or identifier.
routes/order-to-cash-routes.ts(8780,30): error TS1434: Unexpected keyword or identifier.
routes/order-to-cash-routes.ts(8780,33): error TS1434: Unexpected keyword or identifier.
routes/order-to-cash-routes.ts(8781,7): error TS1435: Unknown keyword or identifier. Did you mean 'let'?
routes/order-to-cash-routes.ts(8781,12): error TS1434: Unexpected keyword or identifier.
routes/order-to-cash-routes.ts(8781,17): error TS1434: Unexpected keyword or identifier.
routes/order-to-cash-routes.ts(8781,31): error TS1434: Unexpected keyword or identifier.
routes/order-to-cash-routes.ts(8781,33): error TS1434: Unexpected keyword or identifier.
routes/order-to-cash-routes.ts(8782,7): error TS1434: Unexpected keyword or identifier.
routes/order-to-cash-routes.ts(8782,23): error TS1005: ';' expected.
routes/order-to-cash-routes.ts(8783,7): error TS1434: Unexpected keyword or identifier.
routes/order-to-cash-routes.ts(8783,11): error TS1434: Unexpected keyword or identifier.
routes/order-to-cash-routes.ts(8784,12): error TS1005: ',' expected.
routes/order-to-cash-routes.ts(8784,14): error TS1005: ',' expected.
routes/order-to-cash-routes.ts(8784,19): error TS1005: ',' expected.
routes/order-to-cash-routes.ts(8784,37): error TS1005: ',' expected.
routes/order-to-cash-routes.ts(8784,40): error TS1005: ',' expected.
routes/order-to-cash-routes.ts(8784,46): error TS1005: ',' expected.
routes/order-to-cash-routes.ts(8786,7): error TS1434: Unexpected keyword or identifier.
routes/order-to-cash-routes.ts(8786,13): error TS1434: Unexpected keyword or identifier.
routes/order-to-cash-routes.ts(8786,33): error TS1005: ';' expected.
routes/order-to-cash-routes.ts(8838,11): error TS1005: ',' expected.
routes/order-to-cash-routes.ts(8838,24): error TS1005: ',' expected.
routes/order-to-cash-routes.ts(8838,29): error TS1005: ',' expected.
routes/order-to-cash-routes.ts(8838,50): error TS1005: ',' expected.
routes/order-to-cash-routes.ts(8838,56): error TS1005: ',' expected.
routes/order-to-cash-routes.ts(8838,86): error TS1005: ',' expected.
routes/order-to-cash-routes.ts(8838,90): error TS1005: ',' expected.
routes/order-to-cash-routes.ts(8838,104): error TS1005: ',' expected.
routes/order-to-cash-routes.ts(8838,110): error TS1005: ',' expected.
routes/order-to-cash-routes.ts(8839,11): error TS1005: ')' expected.
routes/order-to-cash-routes.ts(8839,24): error TS1435: Unknown keyword or identifier. Did you mean 'from'?
routes/order-to-cash-routes.ts(8839,29): error TS1434: Unexpected keyword or identifier.
routes/order-to-cash-routes.ts(8839,50): error TS1434: Unexpected keyword or identifier.
routes/order-to-cash-routes.ts(8839,89): error TS1005: ';' expected.
routes/order-to-cash-routes.ts(8839,107): error TS1005: ';' expected.
routes/order-to-cash-routes.ts(8839,114): error TS1005: ';' expected.
routes/order-to-cash-routes.ts(8839,116): error TS1434: Unexpected keyword or identifier.
routes/order-to-cash-routes.ts(8840,7): error TS1443: Module declaration names may only use ' or " quoted strings.
routes/order-to-cash-routes.ts(8845,20): error TS1434: Unexpected keyword or identifier.
routes/order-to-cash-routes.ts(8845,43): error TS1005: ';' expected.
routes/order-to-cash-routes.ts(8845,57): error TS1128: Declaration or statement expected.
routes/order-to-cash-routes.ts(8845,70): error TS1005: ';' expected.
routes/order-to-cash-routes.ts(8865,9): error TS1435: Unknown keyword or identifier. Did you mean 'from'?
routes/order-to-cash-routes.ts(8865,14): error TS1434: Unexpected keyword or identifier.
routes/order-to-cash-routes.ts(8866,9): error TS1435: Unknown keyword or identifier. Did you mean 'let'?
routes/order-to-cash-routes.ts(8866,14): error TS1434: Unexpected keyword or identifier.
routes/order-to-cash-routes.ts(8866,19): error TS1434: Unexpected keyword or identifier.
routes/order-to-cash-routes.ts(8866,37): error TS1434: Unexpected keyword or identifier.
routes/order-to-cash-routes.ts(8866,40): error TS1434: Unexpected keyword or identifier.
routes/order-to-cash-routes.ts(8867,9): error TS1434: Unexpected keyword or identifier.
routes/order-to-cash-routes.ts(8867,34): error TS1005: ';' expected.
routes/order-to-cash-routes.ts(8868,11): error TS1434: Unexpected keyword or identifier.
routes/order-to-cash-routes.ts(8869,19): error TS1005: ',' expected.
routes/order-to-cash-routes.ts(8869,34): error TS1005: ',' expected.
routes/order-to-cash-routes.ts(8869,37): error TS1005: ',' expected.
routes/order-to-cash-routes.ts(8869,51): error TS1005: ',' expected.
routes/order-to-cash-routes.ts(8870,11): error TS1434: Unexpected keyword or identifier.
routes/order-to-cash-routes.ts(8871,9): error TS1434: Unexpected keyword or identifier.
routes/order-to-cash-routes.ts(8871,15): error TS1434: Unexpected keyword or identifier.
routes/order-to-cash-routes.ts(8871,31): error TS1005: ';' expected.
routes/order-to-cash-routes.ts(8871,51): error TS1005: ';' expected.
routes/order-to-cash-routes.ts(8924,9): error TS1434: Unexpected keyword or identifier.
routes/order-to-cash-routes.ts(8924,22): error TS1109: Expression expected.
routes/order-to-cash-routes.ts(8924,23): error TS1109: Expression expected.
routes/order-to-cash-routes.ts(8924,24): error TS1005: ';' expected.
routes/order-to-cash-routes.ts(8924,25): error TS1128: Declaration or statement expected.
routes/order-to-cash-routes.ts(8925,9): error TS1435: Unknown keyword or identifier. Did you mean 'from'?
routes/order-to-cash-routes.ts(8926,9): error TS1434: Unexpected keyword or identifier.
routes/order-to-cash-routes.ts(8926,28): error TS1005: ',' expected.
routes/order-to-cash-routes.ts(8926,33): error TS1005: ',' expected.
routes/order-to-cash-routes.ts(8926,50): error TS1005: ';' expected.
routes/order-to-cash-routes.ts(8929,24): error TS1005: ';' expected.
routes/order-to-cash-routes.ts(8929,31): error TS1005: ';' expected.
routes/order-to-cash-routes.ts(8929,49): error TS1005: ';' expected.
routes/order-to-cash-routes.ts(8930,46): error TS1005: ')' expected.
routes/order-to-cash-routes.ts(9107,191): error TS1005: ')' expected.
routes/order-to-cash-routes.ts(9120,134): error TS1005: ',' expected.
routes/order-to-cash-routes.ts(9120,139): error TS1005: ',' expected.
routes/order-to-cash-routes.ts(9120,159): error TS1005: ',' expected.
routes/order-to-cash-routes.ts(9120,167): error TS1005: ',' expected.
routes/order-to-cash-routes.ts(9120,184): error TS1002: Unterminated string literal.
routes/order-to-cash-routes.ts(9124,30): error TS1005: ';' expected.
routes/order-to-cash-routes.ts(9124,38): error TS1434: Unexpected keyword or identifier.
routes/order-to-cash-routes.ts(9124,47): error TS1434: Unexpected keyword or identifier.
routes/order-to-cash-routes.ts(9124,56): error TS1434: Unexpected keyword or identifier.
routes/order-to-cash-routes.ts(9124,83): error TS1005: '(' expected.
routes/order-to-cash-routes.ts(9124,86): error TS1005: ';' expected.
routes/order-to-cash-routes.ts(9124,91): error TS1005: ';' expected.
routes/order-to-cash-routes.ts(9124,96): error TS1005: ')' expected.
routes/order-to-cash-routes.ts(9135,16): error TS1005: ';' expected.
routes/order-to-cash-routes.ts(9270,212): error TS1005: ')' expected.
routes/order-to-cash-routes.ts(9339,13): error TS1005: 'try' expected.
routes/order-to-cash-routes.ts(9353,10): error TS1472: 'catch' or 'finally' expected.
routes/order-to-cash-routes.ts(9354,9): error TS1005: 'try' expected.
routes/order-to-cash-routes.ts(9362,6): error TS1128: Declaration or statement expected.
routes/order-to-cash-routes.ts(9373,173): error TS1005: ',' expected.
routes/order-to-cash-routes.ts(9373,200): error TS1002: Unterminated string literal.
routes/order-to-cash-routes.ts(9376,42): error TS1005: ',' expected.
routes/order-to-cash-routes.ts(9376,56): error TS1005: ',' expected.
routes/order-to-cash-routes.ts(9376,77): error TS1005: ',' expected.
routes/order-to-cash-routes.ts(9376,83): error TS1005: ',' expected.
routes/order-to-cash-routes.ts(9376,97): error TS1005: ',' expected.
routes/order-to-cash-routes.ts(9379,47): error TS1005: ',' expected.
routes/order-to-cash-routes.ts(9379,54): error TS1005: ',' expected.
routes/order-to-cash-routes.ts(9379,77): error TS1005: ',' expected.
routes/order-to-cash-routes.ts(9379,82): error TS1005: ',' expected.
routes/order-to-cash-routes.ts(9379,102): error TS1005: ',' expected.
routes/order-to-cash-routes.ts(9379,108): error TS1005: ',' expected.
routes/order-to-cash-routes.ts(9379,114): error TS1005: ',' expected.
routes/order-to-cash-routes.ts(9379,120): error TS1005: ',' expected.
routes/order-to-cash-routes.ts(9385,13): error TS1005: ',' expected.
routes/order-to-cash-routes.ts(9385,20): error TS1005: ',' expected.
routes/order-to-cash-routes.ts(9385,40): error TS1005: ',' expected.
routes/order-to-cash-routes.ts(9385,44): error TS1005: ',' expected.
routes/order-to-cash-routes.ts(9385,62): error TS1005: ',' expected.
routes/order-to-cash-routes.ts(9385,68): error TS1005: ',' expected.
routes/order-to-cash-routes.ts(9385,98): error TS1005: ',' expected.
routes/order-to-cash-routes.ts(9385,132): error TS1005: ',' expected.
routes/order-to-cash-routes.ts(9385,138): error TS1005: ',' expected.
routes/order-to-cash-routes.ts(9385,144): error TS1005: ',' expected.
routes/order-to-cash-routes.ts(9385,150): error TS1005: ',' expected.
routes/order-to-cash-routes.ts(9390,28): error TS1005: ',' expected.
routes/order-to-cash-routes.ts(9390,35): error TS1005: ',' expected.
routes/order-to-cash-routes.ts(9390,40): error TS1005: ',' expected.
routes/order-to-cash-routes.ts(9390,61): error TS1005: ',' expected.
routes/order-to-cash-routes.ts(9390,67): error TS1005: ',' expected.
routes/order-to-cash-routes.ts(9390,81): error TS1005: ',' expected.
routes/order-to-cash-routes.ts(9404,1): error TS1005: ',' expected.
routes/order-to-cash-routes.ts(9405,1): error TS1005: ',' expected.
routes/order-to-cash-routes.ts(9416,7): error TS1005: ',' expected.
routes/order-to-cash-routes.ts(9416,12): error TS1005: ',' expected.
routes/order-to-cash-routes.ts(9416,30): error TS1005: ',' expected.
routes/order-to-cash-routes.ts(9417,7): error TS1005: ',' expected.
routes/order-to-cash-routes.ts(9417,12): error TS1005: ',' expected.
routes/order-to-cash-routes.ts(9417,17): error TS1005: ',' expected.
routes/order-to-cash-routes.ts(9417,31): error TS1005: ',' expected.
routes/order-to-cash-routes.ts(9417,33): error TS1005: ',' expected.
routes/order-to-cash-routes.ts(9417,36): error TS1005: ',' expected.
routes/order-to-cash-routes.ts(9418,7): error TS1005: ',' expected.
routes/order-to-cash-routes.ts(9418,13): error TS1005: ',' expected.
routes/order-to-cash-routes.ts(9418,16): error TS1005: ',' expected.
routes/order-to-cash-routes.ts(9418,32): error TS1005: ',' expected.
routes/order-to-cash-routes.ts(9418,52): error TS1005: ',' expected.
routes/order-to-cash-routes.ts(9419,7): error TS1005: ',' expected.
routes/order-to-cash-routes.ts(9419,13): error TS1005: ',' expected.
routes/order-to-cash-routes.ts(9419,14): error TS1005: ',' expected.
routes/order-to-cash-routes.ts(9440,1): error TS1005: ',' expected.
routes/order-to-cash-routes.ts(9441,1): error TS1005: ',' expected.
routes/order-to-cash-routes.ts(9441,4): error TS1003: Identifier expected.
routes/order-to-cash-routes.ts(9441,5): error TS1109: Expression expected.
routes/order-to-cash-routes.ts(9447,7): error TS1005: ',' expected.
routes/order-to-cash-routes.ts(9447,12): error TS1005: ',' expected.
routes/order-to-cash-routes.ts(9447,30): error TS1005: ',' expected.
routes/order-to-cash-routes.ts(9448,7): error TS1005: ',' expected.
routes/order-to-cash-routes.ts(9448,12): error TS1005: ',' expected.
routes/order-to-cash-routes.ts(9448,17): error TS1005: ',' expected.
routes/order-to-cash-routes.ts(9448,31): error TS1005: ',' expected.
routes/order-to-cash-routes.ts(9448,33): error TS1005: ',' expected.
routes/order-to-cash-routes.ts(9448,36): error TS1005: ',' expected.
routes/order-to-cash-routes.ts(9449,7): error TS1005: ',' expected.
routes/order-to-cash-routes.ts(9449,12): error TS1005: ',' expected.
routes/order-to-cash-routes.ts(9449,17): error TS1005: ',' expected.
routes/order-to-cash-routes.ts(9449,31): error TS1005: ',' expected.
routes/order-to-cash-routes.ts(9449,34): error TS1005: ',' expected.
routes/order-to-cash-routes.ts(9449,37): error TS1005: ',' expected.
routes/order-to-cash-routes.ts(9450,7): error TS1005: ',' expected.
routes/order-to-cash-routes.ts(9450,12): error TS1005: ',' expected.
routes/order-to-cash-routes.ts(9450,17): error TS1005: ',' expected.
routes/order-to-cash-routes.ts(9450,31): error TS1005: ',' expected.
routes/order-to-cash-routes.ts(9450,34): error TS1005: ',' expected.
routes/order-to-cash-routes.ts(9450,37): error TS1005: ',' expected.
routes/order-to-cash-routes.ts(9451,7): error TS1005: ',' expected.
routes/order-to-cash-routes.ts(9451,13): error TS1005: ',' expected.
routes/order-to-cash-routes.ts(9451,22): error TS1005: ',' expected.
routes/order-to-cash-routes.ts(9463,1): error TS1005: ',' expected.
routes/order-to-cash-routes.ts(9464,1): error TS1005: ',' expected.
routes/order-to-cash-routes.ts(9464,4): error TS1003: Identifier expected.
routes/order-to-cash-routes.ts(9464,5): error TS1109: Expression expected.
routes/order-to-cash-routes.ts(9467,7): error TS1005: ',' expected.
routes/order-to-cash-routes.ts(9467,12): error TS1005: ',' expected.
routes/order-to-cash-routes.ts(9467,33): error TS1005: ',' expected.
routes/order-to-cash-routes.ts(9468,7): error TS1005: ',' expected.
routes/order-to-cash-routes.ts(9468,12): error TS1005: ',' expected.
routes/order-to-cash-routes.ts(9468,17): error TS1005: ',' expected.
routes/order-to-cash-routes.ts(9468,35): error TS1005: ',' expected.
routes/order-to-cash-routes.ts(9468,38): error TS1005: ',' expected.
routes/order-to-cash-routes.ts(9468,41): error TS1005: ',' expected.
routes/order-to-cash-routes.ts(9469,7): error TS1005: ',' expected.
routes/order-to-cash-routes.ts(9469,12): error TS1005: ',' expected.
routes/order-to-cash-routes.ts(9469,17): error TS1005: ',' expected.
routes/order-to-cash-routes.ts(9469,31): error TS1005: ',' expected.
routes/order-to-cash-routes.ts(9469,35): error TS1005: ',' expected.
routes/order-to-cash-routes.ts(9469,38): error TS1005: ',' expected.
routes/order-to-cash-routes.ts(9470,7): error TS1005: ',' expected.
routes/order-to-cash-routes.ts(9470,13): error TS1005: ',' expected.
routes/order-to-cash-routes.ts(9470,30): error TS1005: ',' expected.
routes/order-to-cash-routes.ts(9497,1): error TS1005: ',' expected.
routes/order-to-cash-routes.ts(9498,1): error TS1005: ',' expected.
routes/order-to-cash-routes.ts(9506,7): error TS1005: ',' expected.
routes/order-to-cash-routes.ts(9506,12): error TS1005: ',' expected.
routes/order-to-cash-routes.ts(9506,30): error TS1005: ',' expected.
routes/order-to-cash-routes.ts(9507,7): error TS1005: ',' expected.
routes/order-to-cash-routes.ts(9507,12): error TS1005: ',' expected.
routes/order-to-cash-routes.ts(9507,17): error TS1005: ',' expected.
routes/order-to-cash-routes.ts(9507,30): error TS1005: ',' expected.
routes/order-to-cash-routes.ts(9507,33): error TS1005: ',' expected.
routes/order-to-cash-routes.ts(9507,36): error TS1005: ',' expected.
routes/order-to-cash-routes.ts(9508,7): error TS1005: ',' expected.
routes/order-to-cash-routes.ts(9508,12): error TS1005: ',' expected.
routes/order-to-cash-routes.ts(9508,17): error TS1005: ',' expected.
routes/order-to-cash-routes.ts(9508,36): error TS1005: ',' expected.
routes/order-to-cash-routes.ts(9508,39): error TS1005: ',' expected.
routes/order-to-cash-routes.ts(9508,42): error TS1005: ',' expected.
routes/order-to-cash-routes.ts(9509,7): error TS1005: ',' expected.
routes/order-to-cash-routes.ts(9509,12): error TS1005: ',' expected.
routes/order-to-cash-routes.ts(9509,17): error TS1005: ',' expected.
routes/order-to-cash-routes.ts(9509,31): error TS1005: ',' expected.
routes/order-to-cash-routes.ts(9509,33): error TS1005: ',' expected.
routes/order-to-cash-routes.ts(9509,36): error TS1005: ',' expected.
routes/order-to-cash-routes.ts(9510,7): error TS1005: ',' expected.
routes/order-to-cash-routes.ts(9510,12): error TS1005: ',' expected.
routes/order-to-cash-routes.ts(9510,17): error TS1005: ',' expected.
routes/order-to-cash-routes.ts(9510,31): error TS1005: ',' expected.
routes/order-to-cash-routes.ts(9510,34): error TS1005: ',' expected.
routes/order-to-cash-routes.ts(9510,37): error TS1005: ',' expected.
routes/order-to-cash-routes.ts(9511,1): error TS1005: ',' expected.
routes/order-to-cash-routes.ts(9511,38): error TS1005: ',' expected.
routes/order-to-cash-routes.ts(9512,14): error TS1005: ',' expected.
routes/order-to-cash-routes.ts(9512,17): error TS1005: ',' expected.
routes/order-to-cash-routes.ts(9512,35): error TS1005: ',' expected.
routes/order-to-cash-routes.ts(9512,38): error TS1005: ',' expected.
routes/order-to-cash-routes.ts(9513,14): error TS1005: ',' expected.
routes/order-to-cash-routes.ts(9513,17): error TS1005: ',' expected.
routes/order-to-cash-routes.ts(9514,1): error TS1005: ',' expected.
routes/order-to-cash-routes.ts(9517,7): error TS1005: ',' expected.
routes/order-to-cash-routes.ts(9517,13): error TS1005: ',' expected.
routes/order-to-cash-routes.ts(9517,16): error TS1005: ',' expected.
routes/order-to-cash-routes.ts(9517,32): error TS1005: ',' expected.
routes/order-to-cash-routes.ts(9517,52): error TS1005: ',' expected.
routes/order-to-cash-routes.ts(9537,1): error TS1005: ',' expected.
routes/order-to-cash-routes.ts(9538,1): error TS1005: ',' expected.
routes/order-to-cash-routes.ts(9546,7): error TS1005: ',' expected.
routes/order-to-cash-routes.ts(9546,12): error TS1005: ',' expected.
routes/order-to-cash-routes.ts(9546,30): error TS1005: ',' expected.
routes/order-to-cash-routes.ts(9547,7): error TS1005: ',' expected.
routes/order-to-cash-routes.ts(9547,12): error TS1005: ',' expected.
routes/order-to-cash-routes.ts(9547,17): error TS1005: ',' expected.
routes/order-to-cash-routes.ts(9547,30): error TS1005: ',' expected.
routes/order-to-cash-routes.ts(9547,33): error TS1005: ',' expected.
routes/order-to-cash-routes.ts(9547,36): error TS1005: ',' expected.
routes/order-to-cash-routes.ts(9548,7): error TS1005: ',' expected.
routes/order-to-cash-routes.ts(9548,12): error TS1005: ',' expected.
routes/order-to-cash-routes.ts(9548,17): error TS1005: ',' expected.
routes/order-to-cash-routes.ts(9548,36): error TS1005: ',' expected.
routes/order-to-cash-routes.ts(9548,39): error TS1005: ',' expected.
routes/order-to-cash-routes.ts(9548,42): error TS1005: ',' expected.
routes/order-to-cash-routes.ts(9549,7): error TS1005: ',' expected.
routes/order-to-cash-routes.ts(9549,12): error TS1005: ',' expected.
routes/order-to-cash-routes.ts(9549,17): error TS1005: ',' expected.
routes/order-to-cash-routes.ts(9549,31): error TS1005: ',' expected.
routes/order-to-cash-routes.ts(9549,33): error TS1005: ',' expected.
routes/order-to-cash-routes.ts(9549,36): error TS1005: ',' expected.
routes/order-to-cash-routes.ts(9550,7): error TS1005: ',' expected.
routes/order-to-cash-routes.ts(9550,12): error TS1005: ',' expected.
routes/order-to-cash-routes.ts(9550,17): error TS1005: ',' expected.
routes/order-to-cash-routes.ts(9550,31): error TS1005: ',' expected.
routes/order-to-cash-routes.ts(9550,34): error TS1005: ',' expected.
routes/order-to-cash-routes.ts(9550,37): error TS1005: ',' expected.
routes/order-to-cash-routes.ts(9551,1): error TS1005: ',' expected.
routes/order-to-cash-routes.ts(9552,9): error TS1005: ',' expected.
routes/order-to-cash-routes.ts(9552,13): error TS1005: ',' expected.
routes/order-to-cash-routes.ts(9552,43): error TS1005: ',' expected.
routes/order-to-cash-routes.ts(9552,46): error TS1005: ',' expected.
routes/order-to-cash-routes.ts(9552,50): error TS1005: ',' expected.
routes/order-to-cash-routes.ts(9553,9): error TS1005: ',' expected.
routes/order-to-cash-routes.ts(9553,13): error TS1005: ',' expected.
routes/order-to-cash-routes.ts(9554,7): error TS1005: ',' expected.
routes/order-to-cash-routes.ts(9554,13): error TS1005: ',' expected.
routes/order-to-cash-routes.ts(9554,16): error TS1005: ',' expected.
routes/order-to-cash-routes.ts(9554,30): error TS1005: ',' expected.
routes/order-to-cash-routes.ts(9577,1): error TS1005: ',' expected.
routes/order-to-cash-routes.ts(9578,1): error TS1005: ',' expected.
routes/order-to-cash-routes.ts(9578,4): error TS1003: Identifier expected.
routes/order-to-cash-routes.ts(9578,5): error TS1109: Expression expected.
routes/order-to-cash-routes.ts(9583,7): error TS1005: ',' expected.
routes/order-to-cash-routes.ts(9583,12): error TS1005: ',' expected.
routes/order-to-cash-routes.ts(9583,30): error TS1005: ',' expected.
routes/order-to-cash-routes.ts(9584,7): error TS1005: ',' expected.
routes/order-to-cash-routes.ts(9584,12): error TS1005: ',' expected.
routes/order-to-cash-routes.ts(9584,17): error TS1005: ',' expected.
routes/order-to-cash-routes.ts(9584,30): error TS1005: ',' expected.
routes/order-to-cash-routes.ts(9584,33): error TS1005: ',' expected.
routes/order-to-cash-routes.ts(9584,36): error TS1005: ',' expected.
routes/order-to-cash-routes.ts(9585,7): error TS1005: ',' expected.
routes/order-to-cash-routes.ts(9585,12): error TS1005: ',' expected.
routes/order-to-cash-routes.ts(9585,17): error TS1005: ',' expected.
routes/order-to-cash-routes.ts(9585,31): error TS1005: ',' expected.
routes/order-to-cash-routes.ts(9585,33): error TS1005: ',' expected.
routes/order-to-cash-routes.ts(9585,36): error TS1005: ',' expected.
routes/order-to-cash-routes.ts(9586,7): error TS1005: ',' expected.
routes/order-to-cash-routes.ts(9586,13): error TS1005: ',' expected.
routes/order-to-cash-routes.ts(9586,22): error TS1005: ',' expected.
routes/order-to-cash-routes.ts(9608,7): error TS1005: ',' expected.
routes/order-to-cash-routes.ts(9608,14): error TS1005: ',' expected.
routes/order-to-cash-routes.ts(9608,17): error TS1003: Identifier expected.
routes/order-to-cash-routes.ts(9608,18): error TS1109: Expression expected.
routes/order-to-cash-routes.ts(9610,7): error TS1005: ',' expected.
routes/order-to-cash-routes.ts(9610,12): error TS1005: ',' expected.
routes/order-to-cash-routes.ts(9610,26): error TS1005: ',' expected.
routes/order-to-cash-routes.ts(9611,7): error TS1005: ',' expected.
routes/order-to-cash-routes.ts(9611,12): error TS1005: ',' expected.
routes/order-to-cash-routes.ts(9611,17): error TS1005: ',' expected.
routes/order-to-cash-routes.ts(9611,35): error TS1005: ',' expected.
routes/order-to-cash-routes.ts(9611,38): error TS1005: ',' expected.
routes/order-to-cash-routes.ts(9611,41): error TS1005: ',' expected.
routes/order-to-cash-routes.ts(9612,7): error TS1005: ',' expected.
routes/order-to-cash-routes.ts(9612,12): error TS1005: ',' expected.
routes/order-to-cash-routes.ts(9612,17): error TS1005: ',' expected.
routes/order-to-cash-routes.ts(9612,30): error TS1005: ',' expected.
routes/order-to-cash-routes.ts(9612,33): error TS1005: ',' expected.
routes/order-to-cash-routes.ts(9612,36): error TS1005: ',' expected.
routes/order-to-cash-routes.ts(9613,7): error TS1005: ',' expected.
routes/order-to-cash-routes.ts(9613,12): error TS1005: ',' expected.
routes/order-to-cash-routes.ts(9613,17): error TS1005: ',' expected.
routes/order-to-cash-routes.ts(9613,40): error TS1005: ',' expected.
routes/order-to-cash-routes.ts(9613,46): error TS1005: ',' expected.
routes/order-to-cash-routes.ts(9613,49): error TS1005: ',' expected.
routes/order-to-cash-routes.ts(9614,7): error TS1005: ',' expected.
routes/order-to-cash-routes.ts(9614,12): error TS1005: ',' expected.
routes/order-to-cash-routes.ts(9614,17): error TS1005: ',' expected.
routes/order-to-cash-routes.ts(9614,37): error TS1005: ',' expected.
routes/order-to-cash-routes.ts(9614,47): error TS1005: ',' expected.
routes/order-to-cash-routes.ts(9614,50): error TS1005: ',' expected.
routes/order-to-cash-routes.ts(9615,7): error TS1005: ',' expected.
routes/order-to-cash-routes.ts(9615,13): error TS1005: ',' expected.
routes/order-to-cash-routes.ts(9615,30): error TS1005: ',' expected.
routes/order-to-cash-routes.ts(9616,7): error TS1005: ',' expected.
routes/order-to-cash-routes.ts(9616,13): error TS1005: ',' expected.
routes/order-to-cash-routes.ts(9616,16): error TS1005: ',' expected.
routes/order-to-cash-routes.ts(9621,7): error TS1005: ',' expected.
routes/order-to-cash-routes.ts(9621,14): error TS1005: ',' expected.
routes/order-to-cash-routes.ts(9622,7): error TS1005: ',' expected.
routes/order-to-cash-routes.ts(9622,12): error TS1005: ',' expected.
routes/order-to-cash-routes.ts(9623,7): error TS1005: ',' expected.
routes/order-to-cash-routes.ts(9623,13): error TS1005: ',' expected.
routes/order-to-cash-routes.ts(9623,19): error TS1005: ',' expected.
routes/order-to-cash-routes.ts(9623,31): error TS1005: ',' expected.
routes/order-to-cash-routes.ts(9633,9): error TS1005: ',' expected.
routes/order-to-cash-routes.ts(9633,16): error TS1005: ',' expected.
routes/order-to-cash-routes.ts(9633,21): error TS1005: ',' expected.
routes/order-to-cash-routes.ts(9633,26): error TS1005: ',' expected.
routes/order-to-cash-routes.ts(9633,49): error TS1005: ',' expected.
routes/order-to-cash-routes.ts(9633,55): error TS1005: ',' expected.
routes/order-to-cash-routes.ts(9633,72): error TS1005: ',' expected.
routes/order-to-cash-routes.ts(9633,78): error TS1005: ',' expected.
routes/order-to-cash-routes.ts(9633,81): error TS1005: ',' expected.
routes/order-to-cash-routes.ts(9633,84): error TS1005: ',' expected.
routes/order-to-cash-routes.ts(9633,90): error TS1005: ',' expected.
routes/order-to-cash-routes.ts(9640,11): error TS1005: ',' expected.
routes/order-to-cash-routes.ts(9640,18): error TS1005: ',' expected.
routes/order-to-cash-routes.ts(9640,23): error TS1005: ',' expected.
routes/order-to-cash-routes.ts(9640,28): error TS1005: ',' expected.
routes/order-to-cash-routes.ts(9640,48): error TS1005: ',' expected.
routes/order-to-cash-routes.ts(9640,54): error TS1005: ',' expected.
routes/order-to-cash-routes.ts(9640,71): error TS1005: ',' expected.
routes/order-to-cash-routes.ts(9640,77): error TS1005: ',' expected.
routes/order-to-cash-routes.ts(9640,80): error TS1005: ',' expected.
routes/order-to-cash-routes.ts(9640,83): error TS1005: ',' expected.
routes/order-to-cash-routes.ts(9640,89): error TS1005: ',' expected.
routes/order-to-cash-routes.ts(9674,9): error TS1005: ',' expected.
routes/order-to-cash-routes.ts(9674,16): error TS1005: ',' expected.
routes/order-to-cash-routes.ts(9675,9): error TS1005: ',' expected.
routes/order-to-cash-routes.ts(9675,14): error TS1005: ',' expected.
routes/order-to-cash-routes.ts(9675,38): error TS1005: ',' expected.
routes/order-to-cash-routes.ts(9676,9): error TS1005: ',' expected.
routes/order-to-cash-routes.ts(9676,14): error TS1005: ',' expected.
routes/order-to-cash-routes.ts(9676,26): error TS1005: ',' expected.
routes/order-to-cash-routes.ts(9676,29): error TS1005: ',' expected.
routes/order-to-cash-routes.ts(9676,32): error TS1005: ',' expected.
routes/order-to-cash-routes.ts(9677,9): error TS1005: ',' expected.
routes/order-to-cash-routes.ts(9677,15): error TS1005: ',' expected.
routes/order-to-cash-routes.ts(9677,26): error TS1005: ',' expected.
routes/order-to-cash-routes.ts(9678,11): error TS1005: ',' expected.
routes/order-to-cash-routes.ts(9678,15): error TS1005: ',' expected.
routes/order-to-cash-routes.ts(9679,9): error TS1005: ',' expected.
routes/order-to-cash-routes.ts(9679,15): error TS1005: ',' expected.
routes/order-to-cash-routes.ts(9683,27): error TS1005: ',' expected.
routes/order-to-cash-routes.ts(9683,33): error TS1005: ',' expected.
routes/order-to-cash-routes.ts(9683,42): error TS1005: ',' expected.
routes/order-to-cash-routes.ts(9683,57): error TS1005: ',' expected.
routes/order-to-cash-routes.ts(9683,64): error TS1005: ',' expected.
routes/order-to-cash-routes.ts(9683,74): error TS1005: ',' expected.
routes/order-to-cash-routes.ts(9683,101): error TS1109: Expression expected.
routes/order-to-cash-routes.ts(9683,106): error TS1005: ',' expected.
routes/order-to-cash-routes.ts(9683,107): error TS1005: ',' expected.
routes/order-to-cash-routes.ts(9683,118): error TS1005: ',' expected.
routes/order-to-cash-routes.ts(9684,11): error TS1005: ',' expected.
routes/order-to-cash-routes.ts(9686,17): error TS1005: ':' expected.
routes/order-to-cash-routes.ts(9687,11): error TS1005: ',' expected.
routes/order-to-cash-routes.ts(9687,18): error TS1005: ',' expected.
routes/order-to-cash-routes.ts(9687,37): error TS1005: ',' expected.
routes/order-to-cash-routes.ts(9687,42): error TS1005: ',' expected.
routes/order-to-cash-routes.ts(9688,11): error TS1005: ',' expected.
routes/order-to-cash-routes.ts(9688,17): error TS1005: ',' expected.
routes/order-to-cash-routes.ts(9688,35): error TS1005: ',' expected.
routes/order-to-cash-routes.ts(9689,13): error TS1005: ',' expected.
routes/order-to-cash-routes.ts(9689,17): error TS1005: ',' expected.
routes/order-to-cash-routes.ts(9690,11): error TS1005: ',' expected.
routes/order-to-cash-routes.ts(9690,17): error TS1005: ',' expected.
routes/order-to-cash-routes.ts(9694,29): error TS1005: ',' expected.
routes/order-to-cash-routes.ts(9694,37): error TS1005: ',' expected.
routes/order-to-cash-routes.ts(9694,46): error TS1005: ',' expected.
routes/order-to-cash-routes.ts(9694,49): error TS1005: ',' expected.
routes/order-to-cash-routes.ts(9694,57): error TS1005: ',' expected.
routes/order-to-cash-routes.ts(9694,63): error TS1005: ',' expected.
routes/order-to-cash-routes.ts(9694,67): error TS1005: ':' expected.
routes/order-to-cash-routes.ts(9694,68): error TS1005: ',' expected.
routes/order-to-cash-routes.ts(9694,95): error TS1109: Expression expected.
routes/order-to-cash-routes.ts(9694,100): error TS1005: ',' expected.
routes/order-to-cash-routes.ts(9694,101): error TS1005: ',' expected.
routes/order-to-cash-routes.ts(9694,112): error TS1005: ',' expected.
routes/order-to-cash-routes.ts(9696,7): error TS1472: 'catch' or 'finally' expected.
routes/order-to-cash-routes.ts(9697,5): error TS1005: ',' expected.
routes/order-to-cash-routes.ts(9702,9): error TS1005: ',' expected.
routes/order-to-cash-routes.ts(9702,16): error TS1005: ',' expected.
routes/order-to-cash-routes.ts(9703,9): error TS1005: ',' expected.
routes/order-to-cash-routes.ts(9703,14): error TS1005: ',' expected.
routes/order-to-cash-routes.ts(9704,9): error TS1005: ',' expected.
routes/order-to-cash-routes.ts(9704,15): error TS1005: ',' expected.
routes/order-to-cash-routes.ts(9704,33): error TS1005: ',' expected.
routes/order-to-cash-routes.ts(9704,56): error TS1005: ',' expected.
routes/order-to-cash-routes.ts(9705,11): error TS1005: ',' expected.
routes/order-to-cash-routes.ts(9705,15): error TS1005: ',' expected.
routes/order-to-cash-routes.ts(9706,9): error TS1005: ',' expected.
routes/order-to-cash-routes.ts(9706,15): error TS1005: ',' expected.
routes/order-to-cash-routes.ts(9710,27): error TS1005: ',' expected.
routes/order-to-cash-routes.ts(9710,33): error TS1005: ',' expected.
routes/order-to-cash-routes.ts(9710,41): error TS1005: ',' expected.
routes/order-to-cash-routes.ts(9710,55): error TS1005: ',' expected.
routes/order-to-cash-routes.ts(9710,63): error TS1005: ',' expected.
routes/order-to-cash-routes.ts(9710,65): error TS1005: ',' expected.
routes/order-to-cash-routes.ts(9710,68): error TS1005: ',' expected.
routes/order-to-cash-routes.ts(9710,91): error TS1005: ',' expected.
routes/order-to-cash-routes.ts(9787,18): error TS1005: ',' expected.
routes/order-to-cash-routes.ts(9787,25): error TS1005: ',' expected.
routes/order-to-cash-routes.ts(9787,32): error TS1005: ',' expected.
routes/order-to-cash-routes.ts(9787,33): error TS1005: ',' expected.
routes/order-to-cash-routes.ts(9787,47): error TS1005: ',' expected.
routes/order-to-cash-routes.ts(9787,62): error TS1005: ',' expected.
routes/order-to-cash-routes.ts(9787,65): error TS1005: ',' expected.
routes/order-to-cash-routes.ts(9787,70): error TS1005: ',' expected.
routes/order-to-cash-routes.ts(9787,74): error TS1005: '(' expected.
routes/order-to-cash-routes.ts(9787,82): error TS1005: ';' expected.
routes/order-to-cash-routes.ts(9787,83): error TS1005: ';' expected.
routes/order-to-cash-routes.ts(9791,42): error TS1005: ')' expected.
routes/order-to-cash-routes.ts(9791,49): error TS1434: Unexpected keyword or identifier.
routes/order-to-cash-routes.ts(9791,56): error TS1434: Unexpected keyword or identifier.
routes/order-to-cash-routes.ts(9791,67): error TS1161: Unterminated regular expression literal.
routes/order-to-cash-routes.ts(9792,8): error TS1128: Declaration or statement expected.
routes/order-to-cash-routes.ts(9867,169): error TS1005: ')' expected.
routes/order-to-cash-routes.ts(9868,7): error TS1005: 'try' expected.
routes/order-to-cash-routes.ts(9878,173): error TS1005: ')' expected.
routes/order-to-cash-routes.ts(10092,13): error TS1005: ',' expected.
routes/order-to-cash-routes.ts(10092,20): error TS1005: ',' expected.
routes/order-to-cash-routes.ts(10092,39): error TS1005: ',' expected.
routes/order-to-cash-routes.ts(10092,44): error TS1005: ',' expected.
routes/order-to-cash-routes.ts(10093,13): error TS1005: ',' expected.
routes/order-to-cash-routes.ts(10093,19): error TS1005: ',' expected.
routes/order-to-cash-routes.ts(10094,15): error TS1005: ',' expected.
routes/order-to-cash-routes.ts(10094,32): error TS1005: ',' expected.
routes/order-to-cash-routes.ts(10094,38): error TS1005: ',' expected.
routes/order-to-cash-routes.ts(10094,53): error TS1005: ',' expected.
routes/order-to-cash-routes.ts(10094,56): error TS1005: ',' expected.
routes/order-to-cash-routes.ts(10094,69): error TS1005: ',' expected.
routes/order-to-cash-routes.ts(10094,75): error TS1005: ',' expected.
routes/order-to-cash-routes.ts(10095,20): error TS1005: ',' expected.
routes/order-to-cash-routes.ts(10095,23): error TS1005: ',' expected.
routes/order-to-cash-routes.ts(10095,36): error TS1005: ',' expected.
routes/order-to-cash-routes.ts(10095,42): error TS1005: ',' expected.
routes/order-to-cash-routes.ts(10095,58): error TS1005: ',' expected.
routes/order-to-cash-routes.ts(10095,61): error TS1005: ',' expected.
routes/order-to-cash-routes.ts(10095,74): error TS1005: ',' expected.
routes/order-to-cash-routes.ts(10095,80): error TS1005: ',' expected.
routes/order-to-cash-routes.ts(10096,15): error TS1005: ',' expected.
routes/order-to-cash-routes.ts(10096,19): error TS1005: ',' expected.
routes/order-to-cash-routes.ts(10097,13): error TS1005: ',' expected.
routes/order-to-cash-routes.ts(10097,19): error TS1005: ',' expected.
routes/order-to-cash-routes.ts(10097,22): error TS1005: ',' expected.
routes/order-to-cash-routes.ts(10097,37): error TS1005: ',' expected.
routes/order-to-cash-routes.ts(10097,43): error TS1005: ',' expected.
routes/order-to-cash-routes.ts(10101,24): error TS1127: Invalid character.
routes/order-to-cash-routes.ts(10101,25): error TS1127: Invalid character.
routes/order-to-cash-routes.ts(10101,34): error TS1005: ',' expected.
routes/order-to-cash-routes.ts(10101,40): error TS1005: ',' expected.
routes/order-to-cash-routes.ts(10101,54): error TS1005: ',' expected.
routes/order-to-cash-routes.ts(10101,58): error TS1005: ',' expected.
routes/order-to-cash-routes.ts(10101,60): error TS1005: ',' expected.
routes/order-to-cash-routes.ts(10101,63): error TS1005: ',' expected.
routes/order-to-cash-routes.ts(10101,84): error TS1005: ',' expected.
routes/order-to-cash-routes.ts(10101,110): error TS1127: Invalid character.
routes/order-to-cash-routes.ts(10101,122): error TS1005: ',' expected.
routes/order-to-cash-routes.ts(10101,148): error TS1005: ',' expected.
routes/order-to-cash-routes.ts(10101,152): error TS1005: '(' expected.
routes/order-to-cash-routes.ts(10101,160): error TS1005: ';' expected.
routes/order-to-cash-routes.ts(10101,167): error TS1005: ';' expected.
routes/order-to-cash-routes.ts(10109,11): error TS1005: ',' expected.
routes/order-to-cash-routes.ts(10109,18): error TS1005: ',' expected.
routes/order-to-cash-routes.ts(10109,21): error TS1005: ',' expected.
routes/order-to-cash-routes.ts(10109,26): error TS1005: ',' expected.
routes/order-to-cash-routes.ts(10109,38): error TS1005: ',' expected.
routes/order-to-cash-routes.ts(10109,44): error TS1005: ',' expected.
routes/order-to-cash-routes.ts(10109,62): error TS1005: ',' expected.
routes/order-to-cash-routes.ts(10109,78): error TS1005: ',' expected.
routes/order-to-cash-routes.ts(10109,82): error TS1005: ',' expected.
routes/order-to-cash-routes.ts(10109,99): error TS1005: ',' expected.
routes/order-to-cash-routes.ts(10109,105): error TS1005: ',' expected.
routes/order-to-cash-routes.ts(10117,25): error TS1005: ',' expected.
routes/order-to-cash-routes.ts(10117,29): error TS1005: ',' expected.
routes/order-to-cash-routes.ts(10117,40): error TS1005: ',' expected.
routes/order-to-cash-routes.ts(10117,52): error TS1005: ',' expected.
routes/order-to-cash-routes.ts(10119,27): error TS1005: ']' expected.
routes/order-to-cash-routes.ts(10119,29): error TS1005: ',' expected.
routes/order-to-cash-routes.ts(10119,37): error TS1005: ',' expected.
routes/order-to-cash-routes.ts(10119,38): error TS1005: ',' expected.
routes/order-to-cash-routes.ts(10119,55): error TS1005: ',' expected.
routes/order-to-cash-routes.ts(10119,69): error TS1005: ',' expected.
routes/order-to-cash-routes.ts(10119,72): error TS1005: ',' expected.
routes/order-to-cash-routes.ts(10119,75): error TS1005: ',' expected.
routes/order-to-cash-routes.ts(10119,76): error TS1005: ',' expected.
routes/order-to-cash-routes.ts(10120,7): error TS1128: Declaration or statement expected.
routes/order-to-cash-routes.ts(10121,24): error TS1005: ',' expected.
routes/order-to-cash-routes.ts(10121,27): error TS1005: ',' expected.
routes/order-to-cash-routes.ts(10121,35): error TS1005: ',' expected.
routes/order-to-cash-routes.ts(10121,36): error TS1005: ',' expected.
routes/order-to-cash-routes.ts(10121,52): error TS1005: ',' expected.
routes/order-to-cash-routes.ts(10121,56): error TS1005: ',' expected.
routes/order-to-cash-routes.ts(10121,77): error TS1005: ',' expected.
routes/order-to-cash-routes.ts(10124,13): error TS1005: ',' expected.
routes/order-to-cash-routes.ts(10124,20): error TS1005: ',' expected.
routes/order-to-cash-routes.ts(10124,23): error TS1005: ',' expected.
routes/order-to-cash-routes.ts(10124,28): error TS1005: ',' expected.
routes/order-to-cash-routes.ts(10125,13): error TS1005: ',' expected.
routes/order-to-cash-routes.ts(10125,19): error TS1005: ',' expected.
routes/order-to-cash-routes.ts(10126,15): error TS1005: ',' expected.
routes/order-to-cash-routes.ts(10126,32): error TS1005: ',' expected.
routes/order-to-cash-routes.ts(10126,38): error TS1005: ',' expected.
routes/order-to-cash-routes.ts(10126,46): error TS1005: ',' expected.
routes/order-to-cash-routes.ts(10126,49): error TS1005: ',' expected.
routes/order-to-cash-routes.ts(10126,62): error TS1005: ',' expected.
routes/order-to-cash-routes.ts(10126,68): error TS1005: ',' expected.
routes/order-to-cash-routes.ts(10126,76): error TS1005: ',' expected.
routes/order-to-cash-routes.ts(10126,79): error TS1005: ',' expected.
routes/order-to-cash-routes.ts(10126,92): error TS1005: ',' expected.
routes/order-to-cash-routes.ts(10126,98): error TS1005: ',' expected.
routes/order-to-cash-routes.ts(10127,15): error TS1005: ',' expected.
routes/order-to-cash-routes.ts(10127,19): error TS1005: ',' expected.
routes/order-to-cash-routes.ts(10128,13): error TS1005: ',' expected.
routes/order-to-cash-routes.ts(10128,19): error TS1005: ',' expected.
routes/order-to-cash-routes.ts(10128,22): error TS1005: ',' expected.
routes/order-to-cash-routes.ts(10128,37): error TS1005: ',' expected.
routes/order-to-cash-routes.ts(10128,43): error TS1005: ',' expected.
routes/order-to-cash-routes.ts(10136,27): error TS1005: ',' expected.
routes/order-to-cash-routes.ts(10136,31): error TS1005: ',' expected.
routes/order-to-cash-routes.ts(10136,42): error TS1005: ',' expected.
routes/order-to-cash-routes.ts(10136,54): error TS1005: ',' expected.
routes/order-to-cash-routes.ts(10155,15): error TS1005: ',' expected.
routes/order-to-cash-routes.ts(10155,18): error TS1005: ',' expected.
routes/order-to-cash-routes.ts(10155,26): error TS1005: ',' expected.
routes/order-to-cash-routes.ts(10155,30): error TS1005: ',' expected.
routes/order-to-cash-routes.ts(10155,34): error TS1005: ',' expected.
routes/order-to-cash-routes.ts(10155,49): error TS1005: ',' expected.
routes/order-to-cash-routes.ts(10155,52): error TS1005: ',' expected.
routes/order-to-cash-routes.ts(10155,65): error TS1005: ',' expected.
routes/order-to-cash-routes.ts(10155,87): error TS1005: ',' expected.
routes/order-to-cash-routes.ts(10155,90): error TS1005: ',' expected.
routes/order-to-cash-routes.ts(10155,104): error TS1005: ',' expected.
routes/order-to-cash-routes.ts(10155,129): error TS1005: ',' expected.
routes/order-to-cash-routes.ts(10155,132): error TS1005: ',' expected.
routes/order-to-cash-routes.ts(10155,151): error TS1005: ',' expected.
routes/order-to-cash-routes.ts(10174,55): error TS1005: ',' expected.
routes/order-to-cash-routes.ts(10174,62): error TS1005: ',' expected.
routes/order-to-cash-routes.ts(10178,7): error TS1005: ',' expected.
routes/order-to-cash-routes.ts(10178,14): error TS1005: ',' expected.
routes/order-to-cash-routes.ts(10178,23): error TS1005: ',' expected.
routes/order-to-cash-routes.ts(10178,28): error TS1005: ',' expected.
routes/order-to-cash-routes.ts(10178,42): error TS1005: ',' expected.
routes/order-to-cash-routes.ts(10178,48): error TS1005: ',' expected.
routes/order-to-cash-routes.ts(10178,56): error TS1005: ',' expected.
routes/order-to-cash-routes.ts(10178,72): error TS1005: ',' expected.
routes/order-to-cash-routes.ts(10178,76): error TS1005: ',' expected.
routes/order-to-cash-routes.ts(10178,93): error TS1005: ',' expected.
routes/order-to-cash-routes.ts(10178,99): error TS1005: ',' expected.
routes/order-to-cash-routes.ts(10184,15): error TS1005: ',' expected.
routes/order-to-cash-routes.ts(10184,24): error TS1005: ',' expected.
routes/order-to-cash-routes.ts(10184,28): error TS1005: ',' expected.
routes/order-to-cash-routes.ts(10184,39): error TS1005: ',' expected.
routes/order-to-cash-routes.ts(10184,43): error TS1005: '(' expected.
routes/order-to-cash-routes.ts(10184,51): error TS1005: ';' expected.
routes/order-to-cash-routes.ts(10184,60): error TS1005: ';' expected.
routes/order-to-cash-routes.ts(10184,63): error TS1005: ')' expected.
routes/order-to-cash-routes.ts(10184,71): error TS1434: Unexpected keyword or identifier.
routes/order-to-cash-routes.ts(10184,76): error TS1434: Unexpected keyword or identifier.
routes/order-to-cash-routes.ts(10184,92): error TS1128: Declaration or statement expected.
routes/order-to-cash-routes.ts(10205,9): error TS1434: Unexpected keyword or identifier.
routes/order-to-cash-routes.ts(10205,16): error TS1434: Unexpected keyword or identifier.
routes/order-to-cash-routes.ts(10205,29): error TS1435: Unknown keyword or identifier. Did you mean 'from'?
routes/order-to-cash-routes.ts(10206,9): error TS1434: Unexpected keyword or identifier.
routes/order-to-cash-routes.ts(10206,46): error TS1005: ';' expected.
routes/order-to-cash-routes.ts(10206,64): error TS1005: ';' expected.
routes/order-to-cash-routes.ts(10216,9): error TS1434: Unexpected keyword or identifier.
routes/order-to-cash-routes.ts(10216,16): error TS1434: Unexpected keyword or identifier.
routes/order-to-cash-routes.ts(10216,19): error TS1435: Unknown keyword or identifier. Did you mean 'from'?
routes/order-to-cash-routes.ts(10217,29): error TS1005: ',' expected.
routes/order-to-cash-routes.ts(10217,32): error TS1005: ',' expected.
routes/order-to-cash-routes.ts(10218,11): error TS1434: Unexpected keyword or identifier.
routes/order-to-cash-routes.ts(10219,9): error TS1434: Unexpected keyword or identifier.
routes/order-to-cash-routes.ts(10219,15): error TS1434: Unexpected keyword or identifier.
routes/order-to-cash-routes.ts(10219,18): error TS1434: Unexpected keyword or identifier.
routes/order-to-cash-routes.ts(10219,21): error TS1434: Unexpected keyword or identifier.
routes/order-to-cash-routes.ts(10229,9): error TS1434: Unexpected keyword or identifier.
routes/order-to-cash-routes.ts(10229,16): error TS1434: Unexpected keyword or identifier.
routes/order-to-cash-routes.ts(10229,19): error TS1435: Unknown keyword or identifier. Did you mean 'from'?
routes/order-to-cash-routes.ts(10230,9): error TS1434: Unexpected keyword or identifier.
routes/order-to-cash-routes.ts(10231,9): error TS1434: Unexpected keyword or identifier.
routes/order-to-cash-routes.ts(10231,15): error TS1434: Unexpected keyword or identifier.
routes/order-to-cash-routes.ts(10231,18): error TS1434: Unexpected keyword or identifier.
routes/order-to-cash-routes.ts(10231,21): error TS1434: Unexpected keyword or identifier.
routes/order-to-cash-routes.ts(10232,7): error TS1443: Module declaration names may only use ' or " quoted strings.
routes/order-to-cash-routes.ts(10256,42): error TS1434: Unexpected keyword or identifier.
routes/order-to-cash-routes.ts(10256,50): error TS1434: Unexpected keyword or identifier.
routes/order-to-cash-routes.ts(10278,93): error TS1005: ';' expected.
routes/order-to-cash-routes.ts(10278,100): error TS1434: Unexpected keyword or identifier.
routes/order-to-cash-routes.ts(10278,103): error TS1435: Unknown keyword or identifier. Did you mean 'from'?
routes/order-to-cash-routes.ts(10278,108): error TS1434: Unexpected keyword or identifier.
routes/order-to-cash-routes.ts(10278,122): error TS1434: Unexpected keyword or identifier.
routes/order-to-cash-routes.ts(10278,136): error TS1005: ';' expected.
routes/order-to-cash-routes.ts(10278,152): error TS1434: Unexpected keyword or identifier.
routes/order-to-cash-routes.ts(10278,159): error TS1443: Module declaration names may only use ' or " quoted strings.
routes/order-to-cash-routes.ts(10282,70): error TS1434: Unexpected keyword or identifier.
routes/order-to-cash-routes.ts(10282,77): error TS1434: Unexpected keyword or identifier.
routes/order-to-cash-routes.ts(10282,80): error TS1435: Unknown keyword or identifier. Did you mean 'from'?
routes/order-to-cash-routes.ts(10282,85): error TS1434: Unexpected keyword or identifier.
routes/order-to-cash-routes.ts(10282,96): error TS1434: Unexpected keyword or identifier.
routes/order-to-cash-routes.ts(10282,110): error TS1005: ';' expected.
routes/order-to-cash-routes.ts(10282,123): error TS1434: Unexpected keyword or identifier.
routes/order-to-cash-routes.ts(10282,130): error TS1443: Module declaration names may only use ' or " quoted strings.
routes/order-to-cash-routes.ts(10284,22): error TS1434: Unexpected keyword or identifier.
routes/order-to-cash-routes.ts(10284,30): error TS1434: Unexpected keyword or identifier.
routes/order-to-cash-routes.ts(10284,42): error TS1005: '(' expected.
routes/order-to-cash-routes.ts(10284,43): error TS1005: ';' expected.
routes/order-to-cash-routes.ts(10293,11): error TS1005: ';' expected.
routes/order-to-cash-routes.ts(10293,18): error TS1005: ')' expected.
routes/order-to-cash-routes.ts(10294,11): error TS1434: Unexpected keyword or identifier.
routes/order-to-cash-routes.ts(10294,17): error TS1434: Unexpected keyword or identifier.
routes/order-to-cash-routes.ts(10295,18): error TS1005: ',' expected.
routes/order-to-cash-routes.ts(10295,21): error TS1005: ',' expected.
routes/order-to-cash-routes.ts(10295,26): error TS1005: ',' expected.
routes/order-to-cash-routes.ts(10295,42): error TS1005: ',' expected.
routes/order-to-cash-routes.ts(10295,48): error TS1005: ',' expected.
routes/order-to-cash-routes.ts(10295,81): error TS1005: ',' expected.
routes/order-to-cash-routes.ts(10295,85): error TS1005: ',' expected.
routes/order-to-cash-routes.ts(10297,9): error TS1443: Module declaration names may only use ' or " quoted strings.
routes/order-to-cash-routes.ts(10298,29): error TS1435: Unknown keyword or identifier. Did you mean 'delete'?
routes/order-to-cash-routes.ts(10298,36): error TS1435: Unknown keyword or identifier. Did you mean 'from'?
routes/order-to-cash-routes.ts(10298,41): error TS1434: Unexpected keyword or identifier.
routes/order-to-cash-routes.ts(10298,57): error TS1434: Unexpected keyword or identifier.
routes/order-to-cash-routes.ts(10298,96): error TS1005: ';' expected.
routes/order-to-cash-routes.ts(10308,23): error TS1005: ';' expected.
routes/order-to-cash-routes.ts(10308,32): error TS1434: Unexpected keyword or identifier.
routes/order-to-cash-routes.ts(10308,39): error TS1434: Unexpected keyword or identifier.
routes/order-to-cash-routes.ts(10308,64): error TS1434: Unexpected keyword or identifier.
routes/order-to-cash-routes.ts(10308,94): error TS1005: ';' expected.
routes/order-to-cash-routes.ts(10308,104): error TS1005: ';' expected.
routes/order-to-cash-routes.ts(10310,13): error TS1434: Unexpected keyword or identifier.
routes/order-to-cash-routes.ts(10310,26): error TS1109: Expression expected.
routes/order-to-cash-routes.ts(10310,27): error TS1109: Expression expected.
routes/order-to-cash-routes.ts(10310,28): error TS1005: ';' expected.
routes/order-to-cash-routes.ts(10310,29): error TS1128: Declaration or statement expected.
routes/order-to-cash-routes.ts(10310,48): error TS1005: ';' expected.
routes/order-to-cash-routes.ts(10310,53): error TS1434: Unexpected keyword or identifier.
routes/order-to-cash-routes.ts(10310,69): error TS1434: Unexpected keyword or identifier.
routes/order-to-cash-routes.ts(10310,94): error TS1005: ';' expected.
routes/order-to-cash-routes.ts(10310,121): error TS1434: Unexpected keyword or identifier.
routes/order-to-cash-routes.ts(10310,140): error TS1005: ';' expected.
routes/order-to-cash-routes.ts(10313,33): error TS1005: ';' expected.
routes/order-to-cash-routes.ts(10314,143): error TS1005: ')' expected.
routes/order-to-cash-routes.ts(10316,9): error TS1128: Declaration or statement expected.
routes/order-to-cash-routes.ts(10324,5): error TS1005: 'try' expected.
routes/order-to-cash-routes.ts(10372,15): error TS1005: ',' expected.
routes/order-to-cash-routes.ts(10372,22): error TS1005: ',' expected.
routes/order-to-cash-routes.ts(10372,41): error TS1005: ',' expected.
routes/order-to-cash-routes.ts(10372,46): error TS1005: ',' expected.
routes/order-to-cash-routes.ts(10373,15): error TS1005: ',' expected.
routes/order-to-cash-routes.ts(10373,21): error TS1005: ',' expected.
routes/order-to-cash-routes.ts(10373,51): error TS1005: ',' expected.
routes/order-to-cash-routes.ts(10373,55): error TS1005: ',' expected.
routes/order-to-cash-routes.ts(10373,72): error TS1005: ',' expected.
routes/order-to-cash-routes.ts(10373,78): error TS1005: ',' expected.
routes/order-to-cash-routes.ts(10398,15): error TS1005: ',' expected.
routes/order-to-cash-routes.ts(10398,22): error TS1005: ',' expected.
routes/order-to-cash-routes.ts(10398,37): error TS1005: ',' expected.
routes/order-to-cash-routes.ts(10398,42): error TS1005: ',' expected.
routes/order-to-cash-routes.ts(10399,15): error TS1005: ',' expected.
routes/order-to-cash-routes.ts(10399,21): error TS1005: ',' expected.
routes/order-to-cash-routes.ts(10399,29): error TS1005: ',' expected.
routes/order-to-cash-routes.ts(10399,54): error TS1005: ',' expected.
routes/order-to-cash-routes.ts(10399,58): error TS1005: ',' expected.
routes/order-to-cash-routes.ts(10399,75): error TS1005: ',' expected.
routes/order-to-cash-routes.ts(10399,81): error TS1005: ',' expected.
routes/order-to-cash-routes.ts(10410,32): error TS1005: ',' expected.
routes/order-to-cash-routes.ts(10410,40): error TS1005: ',' expected.
routes/order-to-cash-routes.ts(10410,46): error TS1005: ',' expected.
routes/order-to-cash-routes.ts(10410,47): error TS1005: ',' expected.
routes/order-to-cash-routes.ts(10410,64): error TS1005: ',' expected.
routes/order-to-cash-routes.ts(10410,68): error TS1005: ',' expected.
routes/order-to-cash-routes.ts(10410,74): error TS1005: ',' expected.
routes/order-to-cash-routes.ts(10410,78): error TS1005: ',' expected.
routes/order-to-cash-routes.ts(10410,85): error TS1005: ',' expected.
routes/order-to-cash-routes.ts(10410,95): error TS1005: ',' expected.
routes/order-to-cash-routes.ts(10410,102): error TS1005: ',' expected.
routes/order-to-cash-routes.ts(10410,105): error TS1005: ',' expected.
routes/order-to-cash-routes.ts(10416,15): error TS1005: ',' expected.
routes/order-to-cash-routes.ts(10416,22): error TS1005: ',' expected.
routes/order-to-cash-routes.ts(10416,36): error TS1005: ',' expected.
routes/order-to-cash-routes.ts(10416,41): error TS1005: ',' expected.
routes/order-to-cash-routes.ts(10417,15): error TS1005: ',' expected.
routes/order-to-cash-routes.ts(10417,21): error TS1005: ',' expected.
routes/order-to-cash-routes.ts(10417,27): error TS1005: ',' expected.
routes/order-to-cash-routes.ts(10417,44): error TS1005: ',' expected.
routes/order-to-cash-routes.ts(10418,11): error TS1434: Unexpected keyword or identifier.
routes/order-to-cash-routes.ts(10423,17): error TS1434: Unexpected keyword or identifier.
routes/order-to-cash-routes.ts(10423,24): error TS1435: Unknown keyword or identifier. Did you mean 'number _of_days'?
routes/order-to-cash-routes.ts(10423,39): error TS1435: Unknown keyword or identifier. Did you mean 'from'?
routes/order-to-cash-routes.ts(10424,17): error TS1434: Unexpected keyword or identifier.
routes/order-to-cash-routes.ts(10424,31): error TS1005: ';' expected.
routes/order-to-cash-routes.ts(10424,56): error TS1434: Unexpected keyword or identifier.
routes/order-to-cash-routes.ts(10424,77): error TS1005: ';' expected.
routes/order-to-cash-routes.ts(10425,15): error TS1443: Module declaration names may only use ' or " quoted strings.
routes/order-to-cash-routes.ts(10430,32): error TS1434: Unexpected keyword or identifier.
routes/order-to-cash-routes.ts(10430,41): error TS1434: Unexpected keyword or identifier.
routes/order-to-cash-routes.ts(10430,49): error TS1434: Unexpected keyword or identifier.
routes/order-to-cash-routes.ts(10430,55): error TS1434: Unexpected keyword or identifier.
routes/order-to-cash-routes.ts(10430,81): error TS1434: Unexpected keyword or identifier.
routes/order-to-cash-routes.ts(10435,17): error TS1434: Unexpected keyword or identifier.
routes/order-to-cash-routes.ts(10435,24): error TS1434: Unexpected keyword or identifier.
routes/order-to-cash-routes.ts(10435,37): error TS1435: Unknown keyword or identifier. Did you mean 'from'?
routes/order-to-cash-routes.ts(10436,17): error TS1434: Unexpected keyword or identifier.
routes/order-to-cash-routes.ts(10436,65): error TS1005: ';' expected.
routes/order-to-cash-routes.ts(10436,83): error TS1005: ';' expected.
routes/order-to-cash-routes.ts(10450,11): error TS1434: Unexpected keyword or identifier.
routes/order-to-cash-routes.ts(10450,18): error TS1434: Unexpected keyword or identifier.
routes/order-to-cash-routes.ts(10450,31): error TS1435: Unknown keyword or identifier. Did you mean 'from'?
routes/order-to-cash-routes.ts(10451,11): error TS1434: Unexpected keyword or identifier.
routes/order-to-cash-routes.ts(10451,60): error TS1005: ';' expected.
routes/order-to-cash-routes.ts(10451,78): error TS1005: ';' expected.
routes/order-to-cash-routes.ts(10463,11): error TS1434: Unexpected keyword or identifier.
routes/order-to-cash-routes.ts(10463,18): error TS1434: Unexpected keyword or identifier.
routes/order-to-cash-routes.ts(10463,31): error TS1435: Unknown keyword or identifier. Did you mean 'from'?
routes/order-to-cash-routes.ts(10464,11): error TS1434: Unexpected keyword or identifier.
routes/order-to-cash-routes.ts(10464,60): error TS1005: ';' expected.
routes/order-to-cash-routes.ts(10464,78): error TS1005: ';' expected.
routes/order-to-cash-routes.ts(10465,9): error TS1443: Module declaration names may only use ' or " quoted strings.
routes/order-to-cash-routes.ts(10492,80): error TS1128: Declaration or statement expected.
routes/order-to-cash-routes.ts(10494,7): error TS1005: 'try' expected.
routes/order-to-cash-routes.ts(10522,2): error TS1128: Declaration or statement expected.
routes/order-to-cash-routes.ts(10614,65): error TS1005: ')' expected.
routes/order-to-cash-routes.ts(10626,64): error TS1005: ')' expected.
routes/order-to-cash-routes.ts(10638,64): error TS1005: ')' expected.
routes/order-to-cash-routes.ts(11540,46): error TS1005: ',' expected.
routes/order-to-cash-routes.ts(11540,47): error TS1005: ',' expected.
routes/order-to-cash-routes.ts(11544,45): error TS1005: ',' expected.
routes/order-to-cash-routes.ts(11544,46): error TS1005: ',' expected.
routes/order-to-cash-routes.ts(11548,45): error TS1005: ',' expected.
routes/order-to-cash-routes.ts(11548,46): error TS1005: ',' expected.
